Archive member included to satisfy reference by file (symbol)

c:/st/stm32cubeide_1.12.0/stm32cubeide/plugins/com.st.stm32cube.ide.mcu.externaltools.gnu-tools-for-stm32.10.3-2021.10.win32_1.0.200.202301161003/tools/bin/../lib/gcc/arm-none-eabi/10.3.1/../../../../arm-none-eabi/lib/thumb/v7e-m+dp/hard\libc_nano.a(lib_a-assert.o)
                              ./Middlewares/Third_Party/FreeRTOS_plus/coreJSON/core_json.o (__assert_func)
c:/st/stm32cubeide_1.12.0/stm32cubeide/plugins/com.st.stm32cube.ide.mcu.externaltools.gnu-tools-for-stm32.10.3-2021.10.win32_1.0.200.202301161003/tools/bin/../lib/gcc/arm-none-eabi/10.3.1/../../../../arm-none-eabi/lib/thumb/v7e-m+dp/hard\libc_nano.a(lib_a-errno.o)
                              ./Core/Src/syscalls.o (__errno)
c:/st/stm32cubeide_1.12.0/stm32cubeide/plugins/com.st.stm32cube.ide.mcu.externaltools.gnu-tools-for-stm32.10.3-2021.10.win32_1.0.200.202301161003/tools/bin/../lib/gcc/arm-none-eabi/10.3.1/../../../../arm-none-eabi/lib/thumb/v7e-m+dp/hard\libc_nano.a(lib_a-exit.o)
                              c:/st/stm32cubeide_1.12.0/stm32cubeide/plugins/com.st.stm32cube.ide.mcu.externaltools.gnu-tools-for-stm32.10.3-2021.10.win32_1.0.200.202301161003/tools/bin/../lib/gcc/arm-none-eabi/10.3.1/../../../../arm-none-eabi/lib/thumb/v7e-m+dp/hard/crt0.o (exit)
c:/st/stm32cubeide_1.12.0/stm32cubeide/plugins/com.st.stm32cube.ide.mcu.externaltools.gnu-tools-for-stm32.10.3-2021.10.win32_1.0.200.202301161003/tools/bin/../lib/gcc/arm-none-eabi/10.3.1/../../../../arm-none-eabi/lib/thumb/v7e-m+dp/hard\libc_nano.a(lib_a-findfp.o)
                              ./Middlewares/Third_Party/FreeRTOS/Source/tasks.o (__sf_fake_stderr)
c:/st/stm32cubeide_1.12.0/stm32cubeide/plugins/com.st.stm32cube.ide.mcu.externaltools.gnu-tools-for-stm32.10.3-2021.10.win32_1.0.200.202301161003/tools/bin/../lib/gcc/arm-none-eabi/10.3.1/../../../../arm-none-eabi/lib/thumb/v7e-m+dp/hard\libc_nano.a(lib_a-fprintf.o)
                              c:/st/stm32cubeide_1.12.0/stm32cubeide/plugins/com.st.stm32cube.ide.mcu.externaltools.gnu-tools-for-stm32.10.3-2021.10.win32_1.0.200.202301161003/tools/bin/../lib/gcc/arm-none-eabi/10.3.1/../../../../arm-none-eabi/lib/thumb/v7e-m+dp/hard\libc_nano.a(lib_a-assert.o) (fiprintf)
c:/st/stm32cubeide_1.12.0/stm32cubeide/plugins/com.st.stm32cube.ide.mcu.externaltools.gnu-tools-for-stm32.10.3-2021.10.win32_1.0.200.202301161003/tools/bin/../lib/gcc/arm-none-eabi/10.3.1/../../../../arm-none-eabi/lib/thumb/v7e-m+dp/hard\libc_nano.a(lib_a-fwalk.o)
                              c:/st/stm32cubeide_1.12.0/stm32cubeide/plugins/com.st.stm32cube.ide.mcu.externaltools.gnu-tools-for-stm32.10.3-2021.10.win32_1.0.200.202301161003/tools/bin/../lib/gcc/arm-none-eabi/10.3.1/../../../../arm-none-eabi/lib/thumb/v7e-m+dp/hard\libc_nano.a(lib_a-findfp.o) (_fwalk)
c:/st/stm32cubeide_1.12.0/stm32cubeide/plugins/com.st.stm32cube.ide.mcu.externaltools.gnu-tools-for-stm32.10.3-2021.10.win32_1.0.200.202301161003/tools/bin/../lib/gcc/arm-none-eabi/10.3.1/../../../../arm-none-eabi/lib/thumb/v7e-m+dp/hard\libc_nano.a(lib_a-impure.o)
                              c:/st/stm32cubeide_1.12.0/stm32cubeide/plugins/com.st.stm32cube.ide.mcu.externaltools.gnu-tools-for-stm32.10.3-2021.10.win32_1.0.200.202301161003/tools/bin/../lib/gcc/arm-none-eabi/10.3.1/../../../../arm-none-eabi/lib/thumb/v7e-m+dp/hard\libc_nano.a(lib_a-exit.o) (_global_impure_ptr)
c:/st/stm32cubeide_1.12.0/stm32cubeide/plugins/com.st.stm32cube.ide.mcu.externaltools.gnu-tools-for-stm32.10.3-2021.10.win32_1.0.200.202301161003/tools/bin/../lib/gcc/arm-none-eabi/10.3.1/../../../../arm-none-eabi/lib/thumb/v7e-m+dp/hard\libc_nano.a(lib_a-init.o)
                              c:/st/stm32cubeide_1.12.0/stm32cubeide/plugins/com.st.stm32cube.ide.mcu.externaltools.gnu-tools-for-stm32.10.3-2021.10.win32_1.0.200.202301161003/tools/bin/../lib/gcc/arm-none-eabi/10.3.1/../../../../arm-none-eabi/lib/thumb/v7e-m+dp/hard/crt0.o (__libc_init_array)
c:/st/stm32cubeide_1.12.0/stm32cubeide/plugins/com.st.stm32cube.ide.mcu.externaltools.gnu-tools-for-stm32.10.3-2021.10.win32_1.0.200.202301161003/tools/bin/../lib/gcc/arm-none-eabi/10.3.1/../../../../arm-none-eabi/lib/thumb/v7e-m+dp/hard\libc_nano.a(lib_a-itoa.o)
                              ./Core/Src/main.o (itoa)
c:/st/stm32cubeide_1.12.0/stm32cubeide/plugins/com.st.stm32cube.ide.mcu.externaltools.gnu-tools-for-stm32.10.3-2021.10.win32_1.0.200.202301161003/tools/bin/../lib/gcc/arm-none-eabi/10.3.1/../../../../arm-none-eabi/lib/thumb/v7e-m+dp/hard\libc_nano.a(lib_a-lock.o)
                              c:/st/stm32cubeide_1.12.0/stm32cubeide/plugins/com.st.stm32cube.ide.mcu.externaltools.gnu-tools-for-stm32.10.3-2021.10.win32_1.0.200.202301161003/tools/bin/../lib/gcc/arm-none-eabi/10.3.1/../../../../arm-none-eabi/lib/thumb/v7e-m+dp/hard\libc_nano.a(lib_a-findfp.o) (__retarget_lock_init_recursive)
[...]
Memory Configuration

Name             Origin             Length             Attributes
RAM              0x0000000020000000 0x0000000000080000 xrw
FLASH            0x0000000008000000 0x0000000000200000 xr
*default*        0x0000000000000000 0xffffffffffffffff

Linker script and memory map

LOAD c:/st/stm32cubeide_1.12.0/stm32cubeide/plugins/com.st.stm32cube.ide.mcu.externaltools.gnu-tools-for-stm32.10.3-2021.10.win32_1.0.200.202301161003/tools/bin/../lib/gcc/arm-none-eabi/10.3.1/thumb/v7e-m+dp/hard/crti.o
LOAD c:/st/stm32cubeide_1.12.0/stm32cubeide/plugins/com.st.stm32cube.ide.mcu.externaltools.gnu-tools-for-stm32.10.3-2021.10.win32_1.0.200.202301161003/tools/bin/../lib/gcc/arm-none-eabi/10.3.1/thumb/v7e-m+dp/hard/crtbegin.o
LOAD c:/st/stm32cubeide_1.12.0/stm32cubeide/plugins/com.st.stm32cube.ide.mcu.externaltools.gnu-tools-for-stm32.10.3-2021.10.win32_1.0.200.202301161003/tools/bin/../lib/gcc/arm-none-eabi/10.3.1/../../../../arm-none-eabi/lib/thumb/v7e-m+dp/hard/crt0.o
LOAD ./Core/Src/freertos.o
LOAD ./Core/Src/main.o
LOAD ./Core/Src/stm32f7xx_hal_msp.o
LOAD ./Core/Src/stm32f7xx_hal_timebase_tim.o
LOAD ./Core/Src/stm32f7xx_it.o
LOAD ./Core/Src/syscalls.o
LOAD ./Core/Src/sysmem.o
LOAD ./Core/Src/system_stm32f7xx.o
LOAD ./Core/Startup/startup_stm32f767zitx.o
LOAD ./Core/Tracelizer/streamports/ARM_ITM/trcStreamingPort.o
LOAD ./Core/Tracelizer/trcKernelPort.o
LOAD ./Core/Tracelizer/trcSnapshotRecorder.o
LOAD ./Core/Tracelizer/trcStreamingRecorder.o
LOAD ./Drivers/STM32F7xx_HAL_Driver/Src/stm32f7xx_hal.o
LOAD ./Drivers/STM32F7xx_HAL_Driver/Src/stm32f7xx_hal_adc.o
LOAD ./Drivers/STM32F7xx_HAL_Driver/Src/stm32f7xx_hal_adc_ex.o
LOAD ./Drivers/STM32F7xx_HAL_Driver/Src/stm32f7xx_hal_cortex.o
LOAD ./Drivers/STM32F7xx_HAL_Driver/Src/stm32f7xx_hal_dma.o
LOAD ./Drivers/STM32F7xx_HAL_Driver/Src/stm32f7xx_hal_dma_ex.o
LOAD ./Drivers/STM32F7xx_HAL_Driver/Src/stm32f7xx_hal_exti.o
LOAD ./Drivers/STM32F7xx_HAL_Driver/Src/stm32f7xx_hal_flash.o
LOAD ./Drivers/STM32F7xx_HAL_Driver/Src/stm32f7xx_hal_flash_ex.o
LOAD ./Drivers/STM32F7xx_HAL_Driver/Src/stm32f7xx_hal_gpio.o
LOAD ./Drivers/STM32F7xx_HAL_Driver/Src/stm32f7xx_hal_i2c.o
LOAD ./Drivers/STM32F7xx_HAL_Driver/Src/stm32f7xx_hal_i2c_ex.o
LOAD ./Drivers/STM32F7xx_HAL_Driver/Src/stm32f7xx_hal_pcd.o
LOAD ./Drivers/STM32F7xx_HAL_Driver/Src/stm32f7xx_hal_pcd_ex.o
LOAD ./Drivers/STM32F7xx_HAL_Driver/Src/stm32f7xx_hal_pwr.o
LOAD ./Drivers/STM32F7xx_HAL_Driver/Src/stm32f7xx_hal_pwr_ex.o
LOAD ./Drivers/STM32F7xx_HAL_Driver/Src/stm32f7xx_hal_rcc.o
LOAD ./Drivers/STM32F7xx_HAL_Driver/Src/stm32f7xx_hal_rcc_ex.o
LOAD ./Drivers/STM32F7xx_HAL_Driver/Src/stm32f7xx_hal_tim.o
LOAD ./Drivers/STM32F7xx_HAL_Driver/Src/stm32f7xx_hal_tim_ex.o
LOAD ./Drivers/STM32F7xx_HAL_Driver/Src/stm32f7xx_hal_uart.o
LOAD ./Drivers/STM32F7xx_HAL_Driver/Src/stm32f7xx_hal_uart_ex.o
LOAD ./Drivers/STM32F7xx_HAL_Driver/Src/stm32f7xx_ll_usb.o
LOAD ./Middlewares/Third_Party/FreeRTOS/Source/CMSIS_RTOS_V2/cmsis_os2.o
LOAD ./Middlewares/Third_Party/FreeRTOS/Source/croutine.o
LOAD ./Middlewares/Third_Party/FreeRTOS/Source/event_groups.o
LOAD ./Middlewares/Third_Party/FreeRTOS/Source/list.o
LOAD ./Middlewares/Third_Party/FreeRTOS/Source/queue.o
LOAD ./Middlewares/Third_Party/FreeRTOS/Source/stream_buffer.o
LOAD ./Middlewares/Third_Party/FreeRTOS/Source/tasks.o
LOAD ./Middlewares/Third_Party/FreeRTOS/Source/timers.o
LOAD ./Middlewares/Third_Party/FreeRTOS/Source/portable/GCC/ARM_CM7/r0p1/port.o
LOAD ./Middlewares/Third_Party/FreeRTOS/Source/portable/MemMang/heap_4.o
LOAD ./Middlewares/Third_Party/FreeRTOS_plus/coreJSON/core_json.o
START GROUP
LOAD c:/st/stm32cubeide_1.12.0/stm32cubeide/plugins/com.st.stm32cube.ide.mcu.externaltools.gnu-tools-for-stm32.10.3-2021.10.win32_1.0.200.202301161003/tools/bin/../lib/gcc/arm-none-eabi/10.3.1/../../../../arm-none-eabi/lib/thumb/v7e-m+dp/hard\libc_nano.a
LOAD c:/st/stm32cubeide_1.12.0/stm32cubeide/plugins/com.st.stm32cube.ide.mcu.externaltools.gnu-tools-for-stm32.10.3-2021.10.win32_1.0.200.202301161003/tools/bin/../lib/gcc/arm-none-eabi/10.3.1/../../../../arm-none-eabi/lib/thumb/v7e-m+dp/hard\libm.a
END GROUP
START GROUP
LOAD c:/st/stm32cubeide_1.12.0/stm32cubeide/plugins/com.st.stm32cube.ide.mcu.externaltools.gnu-tools-for-stm32.10.3-2021.10.win32_1.0.200.202301161003/tools/bin/../lib/gcc/arm-none-eabi/10.3.1/thumb/v7e-m+dp/hard\libgcc.a
LOAD c:/st/stm32cubeide_1.12.0/stm32cubeide/plugins/com.st.stm32cube.ide.mcu.externaltools.gnu-tools-for-stm32.10.3-2021.10.win32_1.0.200.202301161003/tools/bin/../lib/gcc/arm-none-eabi/10.3.1/../../../../arm-none-eabi/lib/thumb/v7e-m+dp/hard\libc_nano.a
END GROUP
START GROUP
LOAD c:/st/stm32cubeide_1.12.0/stm32cubeide/plugins/com.st.stm32cube.ide.mcu.externaltools.gnu-tools-for-stm32.10.3-2021.10.win32_1.0.200.202301161003/tools/bin/../lib/gcc/arm-none-eabi/10.3.1/thumb/v7e-m+dp/hard\libgcc.a
LOAD c:/st/stm32cubeide_1.12.0/stm32cubeide/plugins/com.st.stm32cube.ide.mcu.externaltools.gnu-tools-for-stm32.10.3-2021.10.win32_1.0.200.202301161003/tools/bin/../lib/gcc/arm-none-eabi/10.3.1/../../../../arm-none-eabi/lib/thumb/v7e-m+dp/hard\libc_nano.a
LOAD c:/st/stm32cubeide_1.12.0/stm32cubeide/plugins/com.st.stm32cube.ide.mcu.externaltools.gnu-tools-for-stm32.10.3-2021.10.win32_1.0.200.202301161003/tools/bin/../lib/gcc/arm-none-eabi/10.3.1/../../../../arm-none-eabi/lib/thumb/v7e-m+dp/hard\libnosys.a
END GROUP
START GROUP
LOAD c:/st/stm32cubeide_1.12.0/stm32cubeide/plugins/com.st.stm32cube.ide.mcu.externaltools.gnu-tools-for-stm32.10.3-2021.10.win32_1.0.200.202301161003/tools/bin/../lib/gcc/arm-none-eabi/10.3.1/thumb/v7e-m+dp/hard\libgcc.a
LOAD c:/st/stm32cubeide_1.12.0/stm32cubeide/plugins/com.st.stm32cube.ide.mcu.externaltools.gnu-tools-for-stm32.10.3-2021.10.win32_1.0.200.202301161003/tools/bin/../lib/gcc/arm-none-eabi/10.3.1/../../../../arm-none-eabi/lib/thumb/v7e-m+dp/hard\libc_nano.a
LOAD c:/st/stm32cubeide_1.12.0/stm32cubeide/plugins/com.st.stm32cube.ide.mcu.externaltools.gnu-tools-for-stm32.10.3-2021.10.win32_1.0.200.202301161003/tools/bin/../lib/gcc/arm-none-eabi/10.3.1/../../../../arm-none-eabi/lib/thumb/v7e-m+dp/hard\libnosys.a
END GROUP
LOAD c:/st/stm32cubeide_1.12.0/stm32cubeide/plugins/com.st.stm32cube.ide.mcu.externaltools.gnu-tools-for-stm32.10.3-2021.10.win32_1.0.200.202301161003/tools/bin/../lib/gcc/arm-none-eabi/10.3.1/thumb/v7e-m+dp/hard/crtend.o
LOAD c:/st/stm32cubeide_1.12.0/stm32cubeide/plugins/com.st.stm32cube.ide.mcu.externaltools.gnu-tools-for-stm32.10.3-2021.10.win32_1.0.200.202301161003/tools/bin/../lib/gcc/arm-none-eabi/10.3.1/thumb/v7e-m+dp/hard/crtn.o
                0x0000000020080000                _estack = (ORIGIN (RAM) + LENGTH (RAM))
                0x0000000000000200                _Min_Heap_Size = 0x200
                0x0000000000000400                _Min_Stack_Size = 0x400

.isr_vector     0x0000000008000000      0x1f8
                0x0000000008000000                . = ALIGN (0x4)
 *(.isr_vector)
 .isr_vector    0x0000000008000000      0x1f8 ./Core/Startup/startup_stm32f767zitx.o
                0x0000000008000000                g_pfnVectors
                0x00000000080001f8                . = ALIGN (0x4)

.text           0x0000000008000200     0xbf80
                0x0000000008000200                . = ALIGN (0x4)
 *(.text)
 .text          0x0000000008000200       0x40 c:/st/stm32cubeide_1.12.0/stm32cubeide/plugins/com.st.stm32cube.ide.mcu.externaltools.gnu-tools-for-stm32.10.3-2021.10.win32_1.0.200.202301161003/tools/bin/../lib/gcc/arm-none-eabi/10.3.1/thumb/v7e-m+dp/hard/crtbegin.o
 .text          0x0000000008000240       0x10 c:/st/stm32cubeide_1.12.0/stm32cubeide/plugins/com.st.stm32cube.ide.mcu.externaltools.gnu-tools-for-stm32.10.3-2021.10.win32_1.0.200.202301161003/tools/bin/../lib/gcc/arm-none-eabi/10.3.1/../../../../arm-none-eabi/lib/thumb/v7e-m+dp/hard\libc_nano.a(lib_a-strlen.o)
                0x0000000008000240                strlen
 .text          0x0000000008000250       0x30 c:/st/stm32cubeide_1.12.0/stm32cubeide/plugins/com.st.stm32cube.ide.mcu.externaltools.gnu-tools-for-stm32.10.3-2021.10.win32_1.0.200.202301161003/tools/bin/../lib/gcc/arm-none-eabi/10.3.1/thumb/v7e-m+dp/hard\libgcc.a(_aeabi_uldivmod.o)
                0x0000000008000250                __aeabi_uldivmod
 .text          0x0000000008000280      0x2d0 c:/st/stm32cubeide_1.12.0/stm32cubeide/plugins/com.st.stm32cube.ide.mcu.externaltools.gnu-tools-for-stm32.10.3-2021.10.win32_1.0.200.202301161003/tools/bin/../lib/gcc/arm-none-eabi/10.3.1/thumb/v7e-m+dp/hard\libgcc.a(_udivmoddi4.o)
                0x0000000008000280                __udivmoddi4
 .text          0x0000000008000550        0x4 c:/st/stm32cubeide_1.12.0/stm32cubeide/plugins/com.st.stm32cube.ide.mcu.externaltools.gnu-tools-for-stm32.10.3-2021.10.win32_1.0.200.202301161003/tools/bin/../lib/gcc/arm-none-eabi/10.3.1/thumb/v7e-m+dp/hard\libgcc.a(_dvmd_tls.o)
                0x0000000008000550                __aeabi_idiv0
                0x0000000008000550                __aeabi_ldiv0
 *(.text*)
 .text.ITM_SendChar
                0x0000000008000554       0x4e ./Core/Src/main.o
 *fill*         0x00000000080005a2        0x2 
 .text.main     0x00000000080005a4      0x194 ./Core/Src/main.o
                0x00000000080005a4                main
 .text.SystemClock_Config
                0x0000000008000738       0xe0 ./Core/Src/main.o
                0x0000000008000738                SystemClock_Config
 .text.MX_ADC1_Init
                0x0000000008000818       0xa8 ./Core/Src/main.o
 .text.MX_ADC2_Init
                0x00000000080008c0       0xa4 ./Core/Src/main.o
 .text.MX_TIM10_Init
                0x0000000008000964       0x48 ./Core/Src/main.o
 .text.MX_TIM13_Init
                0x00000000080009ac       0x9c ./Core/Src/main.o
 .text.MX_USART3_UART_Init
                0x0000000008000a48       0x60 ./Core/Src/main.o
 .text.MX_USB_OTG_FS_PCD_Init
                0x0000000008000aa8       0x5c ./Core/Src/main.o
 .text.MX_GPIO_Init
                0x0000000008000b04      0x154 ./Core/Src/main.o
 .text.configureTimerForRunTimeStats
                0x0000000008000c58       0x1c ./Core/Src/main.o
                0x0000000008000c58                configureTimerForRunTimeStats
 .text.getRunTimeCounterValue
                0x0000000008000c74       0x18 ./Core/Src/main.o
                0x0000000008000c74                getRunTimeCounterValue
 .text.HAL_GPIO_EXTI_Callback
                0x0000000008000c8c       0x38 ./Core/Src/main.o
                0x0000000008000c8c                HAL_GPIO_EXTI_Callback
 .text.getTemperature
                0x0000000008000cc4       0x28 ./Core/Src/main.o
 .text.printUsartMessage
                0x0000000008000cec       0x28 ./Core/Src/main.o
 .text.StartDefaultTask
                0x0000000008000d14       0x10 ./Core/Src/main.o
                0x0000000008000d14                StartDefaultTask
 .text.ledBlinkBlue
                0x0000000008000d24       0x1c ./Core/Src/main.o
                0x0000000008000d24                ledBlinkBlue
 .text.StartBlinkyTask
                0x0000000008000d40       0x20 ./Core/Src/main.o
                0x0000000008000d40                StartBlinkyTask
 .text.adcReadValueTask
                0x0000000008000d60       0x40 ./Core/Src/main.o
                0x0000000008000d60                adcReadValueTask
 .text.readTempTask
                0x0000000008000da0       0xa8 ./Core/Src/main.o
                0x0000000008000da0                readTempTask
 .text.pwmLedBrightnessTask
                0x0000000008000e48       0x8c ./Core/Src/main.o
                0x0000000008000e48                pwmLedBrightnessTask
 .text.usartDebugPrintTask
                0x0000000008000ed4       0x30 ./Core/Src/main.o
                0x0000000008000ed4                usartDebugPrintTask
 .text.checkISRStateTask
                0x0000000008000f04       0xcc ./Core/Src/main.o
                0x0000000008000f04                checkISRStateTask
 .text.HAL_TIM_PeriodElapsedCallback
                0x0000000008000fd0       0x24 ./Core/Src/main.o
                0x0000000008000fd0                HAL_TIM_PeriodElapsedCallback
 .text.Error_Handler
                0x0000000008000ff4        0xa ./Core/Src/main.o
                0x0000000008000ff4                Error_Handler
 *fill*         0x0000000008000ffe        0x2 
 .text.HAL_MspInit
                0x0000000008001000       0x50 ./Core/Src/stm32f7xx_hal_msp.o
                0x0000000008001000                HAL_MspInit
 .text.HAL_ADC_MspInit
                0x0000000008001050       0xdc ./Core/Src/stm32f7xx_hal_msp.o
                0x0000000008001050                HAL_ADC_MspInit
 .text.HAL_TIM_Base_MspInit
                0x000000000800112c       0x84 ./Core/Src/stm32f7xx_hal_msp.o
                0x000000000800112c                HAL_TIM_Base_MspInit
 .text.HAL_TIM_MspPostInit
                0x00000000080011b0       0x70 ./Core/Src/stm32f7xx_hal_msp.o
                0x00000000080011b0                HAL_TIM_MspPostInit
 .text.HAL_UART_MspInit
                0x0000000008001220       0xc0 ./Core/Src/stm32f7xx_hal_msp.o
                0x0000000008001220                HAL_UART_MspInit
 .text.HAL_PCD_MspInit
                0x00000000080012e0       0xf4 ./Core/Src/stm32f7xx_hal_msp.o
                0x00000000080012e0                HAL_PCD_MspInit
 .text.HAL_InitTick
                0x00000000080013d4       0xe4 ./Core/Src/stm32f7xx_hal_timebase_tim.o
                0x00000000080013d4                HAL_InitTick
 .text.NMI_Handler
                0x00000000080014b8        0x6 ./Core/Src/stm32f7xx_it.o
                0x00000000080014b8                NMI_Handler
 .text.HardFault_Handler
                0x00000000080014be        0x6 ./Core/Src/stm32f7xx_it.o
                0x00000000080014be                HardFault_Handler
 .text.MemManage_Handler
                0x00000000080014c4        0x6 ./Core/Src/stm32f7xx_it.o
                0x00000000080014c4                MemManage_Handler
 .text.BusFault_Handler
                0x00000000080014ca        0x6 ./Core/Src/stm32f7xx_it.o
                0x00000000080014ca                BusFault_Handler
 .text.UsageFault_Handler
                0x00000000080014d0        0x6 ./Core/Src/stm32f7xx_it.o
                0x00000000080014d0                UsageFault_Handler
 .text.DebugMon_Handler
                0x00000000080014d6        0xe ./Core/Src/stm32f7xx_it.o
                0x00000000080014d6                DebugMon_Handler
 .text.TIM1_UP_TIM10_IRQHandler
                0x00000000080014e4       0x20 ./Core/Src/stm32f7xx_it.o
                0x00000000080014e4                TIM1_UP_TIM10_IRQHandler
 .text.EXTI15_10_IRQHandler
                0x0000000008001504       0x10 ./Core/Src/stm32f7xx_it.o
                0x0000000008001504                EXTI15_10_IRQHandler
 .text.TIM8_UP_TIM13_IRQHandler
                0x0000000008001514       0x1c ./Core/Src/stm32f7xx_it.o
                0x0000000008001514                TIM8_UP_TIM13_IRQHandler
 .text.SystemInit
                0x0000000008001530       0x24 ./Core/Src/system_stm32f7xx.o
                0x0000000008001530                SystemInit
 .text.Reset_Handler
                0x0000000008001554       0x50 ./Core/Startup/startup_stm32f767zitx.o
                0x0000000008001554                Reset_Handler
 .text.Default_Handler
                0x00000000080015a4        0x2 ./Core/Startup/startup_stm32f767zitx.o
                0x00000000080015a4                RTC_Alarm_IRQHandler
                0x00000000080015a4                EXTI2_IRQHandler
                0x00000000080015a4                TIM8_CC_IRQHandler
                0x00000000080015a4                UART8_IRQHandler
                0x00000000080015a4                SPI4_IRQHandler
                0x00000000080015a4                TIM1_CC_IRQHandler
                0x00000000080015a4                DMA2_Stream5_IRQHandler
                0x00000000080015a4                JPEG_IRQHandler
                0x00000000080015a4                DMA1_Stream5_IRQHandler
                0x00000000080015a4                CAN3_RX1_IRQHandler
                0x00000000080015a4                PVD_IRQHandler
                0x00000000080015a4                TAMP_STAMP_IRQHandler
                0x00000000080015a4                CAN2_RX1_IRQHandler
                0x00000000080015a4                EXTI3_IRQHandler
                0x00000000080015a4                TIM8_TRG_COM_TIM14_IRQHandler
                0x00000000080015a4                DFSDM1_FLT1_IRQHandler
                0x00000000080015a4                I2C3_ER_IRQHandler
                0x00000000080015a4                DFSDM1_FLT2_IRQHandler
                0x00000000080015a4                EXTI0_IRQHandler
                0x00000000080015a4                I2C2_EV_IRQHandler
                0x00000000080015a4                DMA1_Stream2_IRQHandler
                0x00000000080015a4                CAN1_RX0_IRQHandler
                0x00000000080015a4                FPU_IRQHandler
                0x00000000080015a4                OTG_HS_WKUP_IRQHandler
                0x00000000080015a4                CAN3_SCE_IRQHandler
                0x00000000080015a4                LTDC_ER_IRQHandler
                0x00000000080015a4                CAN2_SCE_IRQHandler
                0x00000000080015a4                DMA2_Stream2_IRQHandler
                0x00000000080015a4                SPI1_IRQHandler
                0x00000000080015a4                TIM6_DAC_IRQHandler
                0x00000000080015a4                TIM1_BRK_TIM9_IRQHandler
                0x00000000080015a4                DCMI_IRQHandler
                0x00000000080015a4                CAN2_RX0_IRQHandler
                0x00000000080015a4                DMA2_Stream3_IRQHandler
                0x00000000080015a4                SAI2_IRQHandler
                0x00000000080015a4                DFSDM1_FLT3_IRQHandler
                0x00000000080015a4                USART6_IRQHandler
                0x00000000080015a4                CAN3_RX0_IRQHandler
                0x00000000080015a4                USART3_IRQHandler
                0x00000000080015a4                CAN1_RX1_IRQHandler
                0x00000000080015a4                UART5_IRQHandler
                0x00000000080015a4                DMA2_Stream0_IRQHandler
                0x00000000080015a4                TIM4_IRQHandler
                0x00000000080015a4                QUADSPI_IRQHandler
                0x00000000080015a4                I2C1_EV_IRQHandler
                0x00000000080015a4                DMA1_Stream6_IRQHandler
                0x00000000080015a4                DMA1_Stream1_IRQHandler
                0x00000000080015a4                UART4_IRQHandler
                0x00000000080015a4                TIM3_IRQHandler
                0x00000000080015a4                RCC_IRQHandler
                0x00000000080015a4                TIM8_BRK_TIM12_IRQHandler
                0x00000000080015a4                Default_Handler
                0x00000000080015a4                CEC_IRQHandler
                0x00000000080015a4                ADC_IRQHandler
                0x00000000080015a4                DMA1_Stream7_IRQHandler
                0x00000000080015a4                SPI5_IRQHandler
                0x00000000080015a4                TIM7_IRQHandler
                0x00000000080015a4                SDMMC1_IRQHandler
                0x00000000080015a4                CAN2_TX_IRQHandler
                0x00000000080015a4                TIM5_IRQHandler
                0x00000000080015a4                DMA2_Stream7_IRQHandler
                0x00000000080015a4                I2C3_EV_IRQHandler
                0x00000000080015a4                EXTI9_5_IRQHandler
                0x00000000080015a4                RTC_WKUP_IRQHandler
                0x00000000080015a4                LTDC_IRQHandler
                0x00000000080015a4                ETH_WKUP_IRQHandler
                0x00000000080015a4                SPDIF_RX_IRQHandler
                0x00000000080015a4                SPI2_IRQHandler
                0x00000000080015a4                OTG_HS_EP1_IN_IRQHandler
                0x00000000080015a4                DMA1_Stream0_IRQHandler
                0x00000000080015a4                CAN1_TX_IRQHandler
                0x00000000080015a4                EXTI4_IRQHandler
                0x00000000080015a4                RNG_IRQHandler
                0x00000000080015a4                ETH_IRQHandler
                0x00000000080015a4                OTG_HS_EP1_OUT_IRQHandler
                0x00000000080015a4                WWDG_IRQHandler
                0x00000000080015a4                SPI6_IRQHandler
                0x00000000080015a4                MDIOS_IRQHandler
                0x00000000080015a4                I2C4_EV_IRQHandler
                0x00000000080015a4                CAN3_TX_IRQHandler
                0x00000000080015a4                TIM2_IRQHandler
                0x00000000080015a4                OTG_FS_WKUP_IRQHandler
                0x00000000080015a4                TIM1_TRG_COM_TIM11_IRQHandler
                0x00000000080015a4                OTG_HS_IRQHandler
                0x00000000080015a4                DMA2D_IRQHandler
                0x00000000080015a4                EXTI1_IRQHandler
                0x00000000080015a4                SDMMC2_IRQHandler
                0x00000000080015a4                UART7_IRQHandler
                0x00000000080015a4                USART2_IRQHandler
                0x00000000080015a4                DFSDM1_FLT0_IRQHandler
                0x00000000080015a4                I2C2_ER_IRQHandler
                0x00000000080015a4                DMA2_Stream1_IRQHandler
                0x00000000080015a4                CAN1_SCE_IRQHandler
                0x00000000080015a4                FLASH_IRQHandler
                0x00000000080015a4                DMA2_Stream4_IRQHandler
                0x00000000080015a4                USART1_IRQHandler
                0x00000000080015a4                OTG_FS_IRQHandler
                0x00000000080015a4                SPI3_IRQHandler
                0x00000000080015a4                DMA1_Stream4_IRQHandler
                0x00000000080015a4                I2C1_ER_IRQHandler
                0x00000000080015a4                FMC_IRQHandler
                0x00000000080015a4                LPTIM1_IRQHandler
                0x00000000080015a4                I2C4_ER_IRQHandler
                0x00000000080015a4                DMA2_Stream6_IRQHandler
                0x00000000080015a4                SAI1_IRQHandler
                0x00000000080015a4                DMA1_Stream3_IRQHandler
 .text.prvTraceGetQueueNumber
                0x00000000080015a6       0x18 ./Core/Tracelizer/trcKernelPort.o
                0x00000000080015a6                prvTraceGetQueueNumber
 .text.prvTraceGetQueueType
                0x00000000080015be       0x18 ./Core/Tracelizer/trcKernelPort.o
                0x00000000080015be                prvTraceGetQueueType
 .text.prvTraceGetTaskNumberLow16
                0x00000000080015d6       0x1a ./Core/Tracelizer/trcKernelPort.o
                0x00000000080015d6                prvTraceGetTaskNumberLow16
 .text.prvTraceGetTaskNumberHigh16
                0x00000000080015f0       0x1c ./Core/Tracelizer/trcKernelPort.o
                0x00000000080015f0                prvTraceGetTaskNumberHigh16
 .text.prvTraceSetTaskNumberLow16
                0x000000000800160c       0x30 ./Core/Tracelizer/trcKernelPort.o
                0x000000000800160c                prvTraceSetTaskNumberLow16
 .text.prvTraceSetTaskNumberHigh16
                0x000000000800163c       0x2c ./Core/Tracelizer/trcKernelPort.o
                0x000000000800163c                prvTraceSetTaskNumberHigh16
 .text.prvTraceGetQueueNumberLow16
                0x0000000008001668       0x1a ./Core/Tracelizer/trcKernelPort.o
                0x0000000008001668                prvTraceGetQueueNumberLow16
 .text.prvTraceGetQueueNumberHigh16
                0x0000000008001682       0x1c ./Core/Tracelizer/trcKernelPort.o
                0x0000000008001682                prvTraceGetQueueNumberHigh16
 *fill*         0x000000000800169e        0x2 
 .text.prvTraceSetQueueNumberLow16
                0x00000000080016a0       0x30 ./Core/Tracelizer/trcKernelPort.o
                0x00000000080016a0                prvTraceSetQueueNumberLow16
 .text.prvTraceSetQueueNumberHigh16
                0x00000000080016d0       0x2c ./Core/Tracelizer/trcKernelPort.o
                0x00000000080016d0                prvTraceSetQueueNumberHigh16
 .text.prvTraceGetTimerNumberLow16
                0x00000000080016fc       0x1a ./Core/Tracelizer/trcKernelPort.o
                0x00000000080016fc                prvTraceGetTimerNumberLow16
 .text.prvTraceGetTimerNumberHigh16
                0x0000000008001716       0x1c ./Core/Tracelizer/trcKernelPort.o
                0x0000000008001716                prvTraceGetTimerNumberHigh16
 .text.prvTraceGetEventGroupNumberLow16
                0x0000000008001732       0x1a ./Core/Tracelizer/trcKernelPort.o
                0x0000000008001732                prvTraceGetEventGroupNumberLow16
 .text.prvTraceGetEventGroupNumberHigh16
                0x000000000800174c       0x1c ./Core/Tracelizer/trcKernelPort.o
                0x000000000800174c                prvTraceGetEventGroupNumberHigh16
 .text.prvTraceSetEventGroupNumberLow16
                0x0000000008001768       0x30 ./Core/Tracelizer/trcKernelPort.o
                0x0000000008001768                prvTraceSetEventGroupNumberLow16
 .text.prvTraceSetEventGroupNumberHigh16
                0x0000000008001798       0x2c ./Core/Tracelizer/trcKernelPort.o
                0x0000000008001798                prvTraceSetEventGroupNumberHigh16
 .text.prvTraceGetCurrentTaskHandle
                0x00000000080017c4        0xe ./Core/Tracelizer/trcKernelPort.o
                0x00000000080017c4                prvTraceGetCurrentTaskHandle
 *fill*         0x00000000080017d2        0x2 
 .text.vTraceInitObjectPropertyTable
                0x00000000080017d4      0x19c ./Core/Tracelizer/trcKernelPort.o
                0x00000000080017d4                vTraceInitObjectPropertyTable
 .text.vTraceInitObjectHandleStack
                0x0000000008001970       0xc8 ./Core/Tracelizer/trcKernelPort.o
                0x0000000008001970                vTraceInitObjectHandleStack
 .text.pszTraceGetErrorNotEnoughHandles
                0x0000000008001a38       0x98 ./Core/Tracelizer/trcKernelPort.o
                0x0000000008001a38                pszTraceGetErrorNotEnoughHandles
 .text.vTraceEnable
                0x0000000008001ad0       0x44 ./Core/Tracelizer/trcSnapshotRecorder.o
                0x0000000008001ad0                vTraceEnable
 .text.uiTraceStart
                0x0000000008001b14       0xe0 ./Core/Tracelizer/trcSnapshotRecorder.o
                0x0000000008001b14                uiTraceStart
 .text.vTraceStart
                0x0000000008001bf4        0xc ./Core/Tracelizer/trcSnapshotRecorder.o
                0x0000000008001bf4                vTraceStart
 .text.vTraceStop
                0x0000000008001c00       0x30 ./Core/Tracelizer/trcSnapshotRecorder.o
                0x0000000008001c00                vTraceStop
 .text.vTraceStoreMemMangEvent
                0x0000000008001c30      0x11c ./Core/Tracelizer/trcSnapshotRecorder.o
                0x0000000008001c30                vTraceStoreMemMangEvent
 .text.prvTraceStoreKernelCall
                0x0000000008001d4c       0xfc ./Core/Tracelizer/trcSnapshotRecorder.o
                0x0000000008001d4c                prvTraceStoreKernelCall
 .text.prvTraceStoreKernelCallWithParam
                0x0000000008001e48      0x114 ./Core/Tracelizer/trcSnapshotRecorder.o
                0x0000000008001e48                prvTraceStoreKernelCallWithParam
 .text.prvTraceGetParam
                0x0000000008001f5c       0x78 ./Core/Tracelizer/trcSnapshotRecorder.o
 .text.prvTraceStoreKernelCallWithNumericParamOnly
                0x0000000008001fd4       0xcc ./Core/Tracelizer/trcSnapshotRecorder.o
                0x0000000008001fd4                prvTraceStoreKernelCallWithNumericParamOnly
 .text.prvTraceStoreTaskswitch
                0x00000000080020a0       0xe4 ./Core/Tracelizer/trcSnapshotRecorder.o
                0x00000000080020a0                prvTraceStoreTaskswitch
 .text.prvTraceStoreObjectNameOnCloseEvent
                0x0000000008002184       0xa4 ./Core/Tracelizer/trcSnapshotRecorder.o
                0x0000000008002184                prvTraceStoreObjectNameOnCloseEvent
 .text.prvTraceStoreObjectPropertiesOnCloseEvent
                0x0000000008002228       0xd0 ./Core/Tracelizer/trcSnapshotRecorder.o
                0x0000000008002228                prvTraceStoreObjectPropertiesOnCloseEvent
 .text.prvTraceSetPriorityProperty
                0x00000000080022f8       0x78 ./Core/Tracelizer/trcSnapshotRecorder.o
                0x00000000080022f8                prvTraceSetPriorityProperty
 .text.prvTraceGetPriorityProperty
                0x0000000008002370       0x7c ./Core/Tracelizer/trcSnapshotRecorder.o
                0x0000000008002370                prvTraceGetPriorityProperty
 .text.prvTraceSetObjectState
                0x00000000080023ec       0x78 ./Core/Tracelizer/trcSnapshotRecorder.o
                0x00000000080023ec                prvTraceSetObjectState
 .text.prvTraceGetObjectState
                0x0000000008002464       0x78 ./Core/Tracelizer/trcSnapshotRecorder.o
 .text.prvTraceSetTaskInstanceFinished
                0x00000000080024dc       0x54 ./Core/Tracelizer/trcSnapshotRecorder.o
                0x00000000080024dc                prvTraceSetTaskInstanceFinished
 .text.prvTraceInitTraceData
                0x0000000008002530      0x228 ./Core/Tracelizer/trcSnapshotRecorder.o
 .text.prvTraceNextFreeEventBufferSlot
                0x0000000008002758       0x48 ./Core/Tracelizer/trcSnapshotRecorder.o
 .text.uiIndexOfObject
                0x00000000080027a0       0xb0 ./Core/Tracelizer/trcSnapshotRecorder.o
                0x00000000080027a0                uiIndexOfObject
 .text.prvTraceGetObjectHandle
                0x0000000008002850      0x15c ./Core/Tracelizer/trcSnapshotRecorder.o
                0x0000000008002850                prvTraceGetObjectHandle
 .text.prvTraceFreeObjectHandle
                0x00000000080029ac       0xa0 ./Core/Tracelizer/trcSnapshotRecorder.o
                0x00000000080029ac                prvTraceFreeObjectHandle
 .text.prvMarkObjectAsUsed
                0x0000000008002a4c       0x3c ./Core/Tracelizer/trcSnapshotRecorder.o
                0x0000000008002a4c                prvMarkObjectAsUsed
 .text.prvStrncpy
                0x0000000008002a88       0x4c ./Core/Tracelizer/trcSnapshotRecorder.o
 .text.prvTraceSetObjectName
                0x0000000008002ad4       0xbc ./Core/Tracelizer/trcSnapshotRecorder.o
                0x0000000008002ad4                prvTraceSetObjectName
 .text.prvTraceOpenSymbol
                0x0000000008002b90       0xa4 ./Core/Tracelizer/trcSnapshotRecorder.o
 .text.prvTraceError
                0x0000000008002c34       0x58 ./Core/Tracelizer/trcSnapshotRecorder.o
                0x0000000008002c34                prvTraceError
 .text.prvCheckDataToBeOverwrittenForMultiEntryEvents
                0x0000000008002c8c      0x114 ./Core/Tracelizer/trcSnapshotRecorder.o
 .text.prvTraceUpdateCounters
                0x0000000008002da0       0x50 ./Core/Tracelizer/trcSnapshotRecorder.o
 .text.prvTraceGetDTS
                0x0000000008002df0      0x1b0 ./Core/Tracelizer/trcSnapshotRecorder.o
 .text.prvTraceLookupSymbolTableEntry
                0x0000000008002fa0       0xf8 ./Core/Tracelizer/trcSnapshotRecorder.o
 .text.prvTraceCreateSymbolTableEntry
                0x0000000008003098      0x17c ./Core/Tracelizer/trcSnapshotRecorder.o
 .text.prvTraceGetChecksum
                0x0000000008003214       0x8c ./Core/Tracelizer/trcSnapshotRecorder.o
 .text.prvTracePortGetTimeStamp
                0x00000000080032a0       0xec ./Core/Tracelizer/trcSnapshotRecorder.o
                0x00000000080032a0                prvTracePortGetTimeStamp
 .text.HAL_Init
                0x000000000800338c       0x1a ./Drivers/STM32F7xx_HAL_Driver/Src/stm32f7xx_hal.o
                0x000000000800338c                HAL_Init
 *fill*         0x00000000080033a6        0x2 
 .text.HAL_IncTick
                0x00000000080033a8       0x28 ./Drivers/STM32F7xx_HAL_Driver/Src/stm32f7xx_hal.o
                0x00000000080033a8                HAL_IncTick
 .text.HAL_GetTick
                0x00000000080033d0       0x18 ./Drivers/STM32F7xx_HAL_Driver/Src/stm32f7xx_hal.o
                0x00000000080033d0                HAL_GetTick
 .text.HAL_Delay
                0x00000000080033e8       0x48 ./Drivers/STM32F7xx_HAL_Driver/Src/stm32f7xx_hal.o
                0x00000000080033e8                HAL_Delay
 .text.HAL_ADC_Init
                0x0000000008003430       0x88 ./Drivers/STM32F7xx_HAL_Driver/Src/stm32f7xx_hal_adc.o
                0x0000000008003430                HAL_ADC_Init
 .text.HAL_ADC_Start
                0x00000000080034b8      0x19c ./Drivers/STM32F7xx_HAL_Driver/Src/stm32f7xx_hal_adc.o
                0x00000000080034b8                HAL_ADC_Start
 .text.HAL_ADC_GetValue
                0x0000000008003654       0x1a ./Drivers/STM32F7xx_HAL_Driver/Src/stm32f7xx_hal_adc.o
                0x0000000008003654                HAL_ADC_GetValue
 *fill*         0x000000000800366e        0x2 
 .text.HAL_ADC_ConfigChannel
                0x0000000008003670      0x2ac ./Drivers/STM32F7xx_HAL_Driver/Src/stm32f7xx_hal_adc.o
                0x0000000008003670                HAL_ADC_ConfigChannel
 .text.ADC_Init
                0x000000000800391c      0x1f4 ./Drivers/STM32F7xx_HAL_Driver/Src/stm32f7xx_hal_adc.o
 .text.__NVIC_SetPriorityGrouping
                0x0000000008003b10       0x48 ./Drivers/STM32F7xx_HAL_Driver/Src/stm32f7xx_hal_cortex.o
 .text.__NVIC_GetPriorityGrouping
                0x0000000008003b58       0x1c ./Drivers/STM32F7xx_HAL_Driver/Src/stm32f7xx_hal_cortex.o
 .text.__NVIC_EnableIRQ
                0x0000000008003b74       0x3c ./Drivers/STM32F7xx_HAL_Driver/Src/stm32f7xx_hal_cortex.o
 .text.__NVIC_SetPriority
                0x0000000008003bb0       0x54 ./Drivers/STM32F7xx_HAL_Driver/Src/stm32f7xx_hal_cortex.o
 .text.NVIC_EncodePriority
                0x0000000008003c04       0x66 ./Drivers/STM32F7xx_HAL_Driver/Src/stm32f7xx_hal_cortex.o
 .text.HAL_NVIC_SetPriorityGrouping
                0x0000000008003c6a       0x16 ./Drivers/STM32F7xx_HAL_Driver/Src/stm32f7xx_hal_cortex.o
                0x0000000008003c6a                HAL_NVIC_SetPriorityGrouping
 .text.HAL_NVIC_SetPriority
                0x0000000008003c80       0x38 ./Drivers/STM32F7xx_HAL_Driver/Src/stm32f7xx_hal_cortex.o
                0x0000000008003c80                HAL_NVIC_SetPriority
 .text.HAL_NVIC_EnableIRQ
                0x0000000008003cb8       0x1c ./Drivers/STM32F7xx_HAL_Driver/Src/stm32f7xx_hal_cortex.o
                0x0000000008003cb8                HAL_NVIC_EnableIRQ
 .text.HAL_GPIO_Init
                0x0000000008003cd4      0x358 ./Drivers/STM32F7xx_HAL_Driver/Src/stm32f7xx_hal_gpio.o
                0x0000000008003cd4                HAL_GPIO_Init
 .text.HAL_GPIO_ReadPin
                0x000000000800402c       0x30 ./Drivers/STM32F7xx_HAL_Driver/Src/stm32f7xx_hal_gpio.o
                0x000000000800402c                HAL_GPIO_ReadPin
 .text.HAL_GPIO_WritePin
                0x000000000800405c       0x32 ./Drivers/STM32F7xx_HAL_Driver/Src/stm32f7xx_hal_gpio.o
                0x000000000800405c                HAL_GPIO_WritePin
 .text.HAL_GPIO_TogglePin
                0x000000000800408e       0x34 ./Drivers/STM32F7xx_HAL_Driver/Src/stm32f7xx_hal_gpio.o
                0x000000000800408e                HAL_GPIO_TogglePin
 *fill*         0x00000000080040c2        0x2 
 .text.HAL_GPIO_EXTI_IRQHandler
                0x00000000080040c4       0x30 ./Drivers/STM32F7xx_HAL_Driver/Src/stm32f7xx_hal_gpio.o
                0x00000000080040c4                HAL_GPIO_EXTI_IRQHandler
 .text.HAL_PCD_Init
                0x00000000080040f4      0x248 ./Drivers/STM32F7xx_HAL_Driver/Src/stm32f7xx_hal_pcd.o
                0x00000000080040f4                HAL_PCD_Init
 .text.HAL_PCDEx_ActivateLPM
                0x000000000800433c       0x48 ./Drivers/STM32F7xx_HAL_Driver/Src/stm32f7xx_hal_pcd_ex.o
                0x000000000800433c                HAL_PCDEx_ActivateLPM
 .text.HAL_PWR_EnableBkUpAccess
                0x0000000008004384       0x20 ./Drivers/STM32F7xx_HAL_Driver/Src/stm32f7xx_hal_pwr.o
                0x0000000008004384                HAL_PWR_EnableBkUpAccess
 .text.HAL_RCC_OscConfig
                0x00000000080043a4      0x55c ./Drivers/STM32F7xx_HAL_Driver/Src/stm32f7xx_hal_rcc.o
                0x00000000080043a4                HAL_RCC_OscConfig
 .text.HAL_RCC_ClockConfig
                0x0000000008004900      0x1d8 ./Drivers/STM32F7xx_HAL_Driver/Src/stm32f7xx_hal_rcc.o
                0x0000000008004900                HAL_RCC_ClockConfig
 .text.HAL_RCC_GetSysClockFreq
                0x0000000008004ad8      0x18c ./Drivers/STM32F7xx_HAL_Driver/Src/stm32f7xx_hal_rcc.o
                0x0000000008004ad8                HAL_RCC_GetSysClockFreq
 .text.HAL_RCC_GetHCLKFreq
                0x0000000008004c64       0x18 ./Drivers/STM32F7xx_HAL_Driver/Src/stm32f7xx_hal_rcc.o
                0x0000000008004c64                HAL_RCC_GetHCLKFreq
 .text.HAL_RCC_GetPCLK1Freq
                0x0000000008004c7c       0x28 ./Drivers/STM32F7xx_HAL_Driver/Src/stm32f7xx_hal_rcc.o
                0x0000000008004c7c                HAL_RCC_GetPCLK1Freq
 .text.HAL_RCC_GetPCLK2Freq
                0x0000000008004ca4       0x28 ./Drivers/STM32F7xx_HAL_Driver/Src/stm32f7xx_hal_rcc.o
                0x0000000008004ca4                HAL_RCC_GetPCLK2Freq
 .text.HAL_RCC_GetClockConfig
                0x0000000008004ccc       0x64 ./Drivers/STM32F7xx_HAL_Driver/Src/stm32f7xx_hal_rcc.o
                0x0000000008004ccc                HAL_RCC_GetClockConfig
 .text.HAL_RCCEx_PeriphCLKConfig
                0x0000000008004d30      0x850 ./Drivers/STM32F7xx_HAL_Driver/Src/stm32f7xx_hal_rcc_ex.o
                0x0000000008004d30                HAL_RCCEx_PeriphCLKConfig
 .text.HAL_TIM_Base_Init
                0x0000000008005580       0xae ./Drivers/STM32F7xx_HAL_Driver/Src/stm32f7xx_hal_tim.o
                0x0000000008005580                HAL_TIM_Base_Init
 *fill*         0x000000000800562e        0x2 
 .text.HAL_TIM_Base_Start_IT
                0x0000000008005630       0xf0 ./Drivers/STM32F7xx_HAL_Driver/Src/stm32f7xx_hal_tim.o
                0x0000000008005630                HAL_TIM_Base_Start_IT
 .text.HAL_TIM_PWM_Init
                0x0000000008005720       0xae ./Drivers/STM32F7xx_HAL_Driver/Src/stm32f7xx_hal_tim.o
                0x0000000008005720                HAL_TIM_PWM_Init
 .text.HAL_TIM_PWM_MspInit
                0x00000000080057ce       0x14 ./Drivers/STM32F7xx_HAL_Driver/Src/stm32f7xx_hal_tim.o
                0x00000000080057ce                HAL_TIM_PWM_MspInit
 *fill*         0x00000000080057e2        0x2 
 .text.HAL_TIM_PWM_Start
                0x00000000080057e4      0x1f4 ./Drivers/STM32F7xx_HAL_Driver/Src/stm32f7xx_hal_tim.o
                0x00000000080057e4                HAL_TIM_PWM_Start
 .text.HAL_TIM_IRQHandler
                0x00000000080059d8      0x23e ./Drivers/STM32F7xx_HAL_Driver/Src/stm32f7xx_hal_tim.o
                0x00000000080059d8                HAL_TIM_IRQHandler
 *fill*         0x0000000008005c16        0x2 
 .text.HAL_TIM_PWM_ConfigChannel
                0x0000000008005c18      0x228 ./Drivers/STM32F7xx_HAL_Driver/Src/stm32f7xx_hal_tim.o
                0x0000000008005c18                HAL_TIM_PWM_ConfigChannel
 .text.HAL_TIM_OC_DelayElapsedCallback
                0x0000000008005e40       0x14 ./Drivers/STM32F7xx_HAL_Driver/Src/stm32f7xx_hal_tim.o
                0x0000000008005e40                HAL_TIM_OC_DelayElapsedCallback
 .text.HAL_TIM_IC_CaptureCallback
                0x0000000008005e54       0x14 ./Drivers/STM32F7xx_HAL_Driver/Src/stm32f7xx_hal_tim.o
                0x0000000008005e54                HAL_TIM_IC_CaptureCallback
 .text.HAL_TIM_PWM_PulseFinishedCallback
                0x0000000008005e68       0x14 ./Drivers/STM32F7xx_HAL_Driver/Src/stm32f7xx_hal_tim.o
                0x0000000008005e68                HAL_TIM_PWM_PulseFinishedCallback
 .text.HAL_TIM_TriggerCallback
                0x0000000008005e7c       0x14 ./Drivers/STM32F7xx_HAL_Driver/Src/stm32f7xx_hal_tim.o
                0x0000000008005e7c                HAL_TIM_TriggerCallback
 .text.TIM_Base_SetConfig
                0x0000000008005e90      0x140 ./Drivers/STM32F7xx_HAL_Driver/Src/stm32f7xx_hal_tim.o
                0x0000000008005e90                TIM_Base_SetConfig
 .text.TIM_OC1_SetConfig
                0x0000000008005fd0       0xe4 ./Drivers/STM32F7xx_HAL_Driver/Src/stm32f7xx_hal_tim.o
 .text.TIM_OC2_SetConfig
                0x00000000080060b4       0xf0 ./Drivers/STM32F7xx_HAL_Driver/Src/stm32f7xx_hal_tim.o
                0x00000000080060b4                TIM_OC2_SetConfig
 .text.TIM_OC3_SetConfig
                0x00000000080061a4       0xec ./Drivers/STM32F7xx_HAL_Driver/Src/stm32f7xx_hal_tim.o
 .text.TIM_OC4_SetConfig
                0x0000000008006290       0xb0 ./Drivers/STM32F7xx_HAL_Driver/Src/stm32f7xx_hal_tim.o
 .text.TIM_OC5_SetConfig
                0x0000000008006340       0xa4 ./Drivers/STM32F7xx_HAL_Driver/Src/stm32f7xx_hal_tim.o
 .text.TIM_OC6_SetConfig
                0x00000000080063e4       0xa8 ./Drivers/STM32F7xx_HAL_Driver/Src/stm32f7xx_hal_tim.o
 .text.TIM_CCxChannelCmd
                0x000000000800648c       0x4a ./Drivers/STM32F7xx_HAL_Driver/Src/stm32f7xx_hal_tim.o
                0x000000000800648c                TIM_CCxChannelCmd
 .text.HAL_TIMEx_CommutCallback
                0x00000000080064d6       0x14 ./Drivers/STM32F7xx_HAL_Driver/Src/stm32f7xx_hal_tim_ex.o
                0x00000000080064d6                HAL_TIMEx_CommutCallback
 .text.HAL_TIMEx_BreakCallback
                0x00000000080064ea       0x14 ./Drivers/STM32F7xx_HAL_Driver/Src/stm32f7xx_hal_tim_ex.o
                0x00000000080064ea                HAL_TIMEx_BreakCallback
 .text.HAL_TIMEx_Break2Callback
                0x00000000080064fe       0x14 ./Drivers/STM32F7xx_HAL_Driver/Src/stm32f7xx_hal_tim_ex.o
                0x00000000080064fe                HAL_TIMEx_Break2Callback
 .text.HAL_UART_Init
                0x0000000008006512       0x9c ./Drivers/STM32F7xx_HAL_Driver/Src/stm32f7xx_hal_uart.o
                0x0000000008006512                HAL_UART_Init
 .text.HAL_UART_Transmit
                0x00000000080065ae      0x106 ./Drivers/STM32F7xx_HAL_Driver/Src/stm32f7xx_hal_uart.o
                0x00000000080065ae                HAL_UART_Transmit
 .text.UART_SetConfig
                0x00000000080066b4      0x4c8 ./Drivers/STM32F7xx_HAL_Driver/Src/stm32f7xx_hal_uart.o
                0x00000000080066b4                UART_SetConfig
 .text.UART_AdvFeatureConfig
                0x0000000008006b7c      0x144 ./Drivers/STM32F7xx_HAL_Driver/Src/stm32f7xx_hal_uart.o
                0x0000000008006b7c                UART_AdvFeatureConfig
 .text.UART_CheckIdleState
                0x0000000008006cc0       0x9a ./Drivers/STM32F7xx_HAL_Driver/Src/stm32f7xx_hal_uart.o
                0x0000000008006cc0                UART_CheckIdleState
 .text.UART_WaitOnFlagUntilTimeout
                0x0000000008006d5a      0x18c ./Drivers/STM32F7xx_HAL_Driver/Src/stm32f7xx_hal_uart.o
                0x0000000008006d5a                UART_WaitOnFlagUntilTimeout
 *fill*         0x0000000008006ee6        0x2 
 .text.USB_CoreInit
                0x0000000008006ee8       0xb0 ./Drivers/STM32F7xx_HAL_Driver/Src/stm32f7xx_ll_usb.o
                0x0000000008006ee8                USB_CoreInit
 .text.USB_DisableGlobalInt
                0x0000000008006f98       0x22 ./Drivers/STM32F7xx_HAL_Driver/Src/stm32f7xx_ll_usb.o
                0x0000000008006f98                USB_DisableGlobalInt
 .text.USB_SetCurrentMode
                0x0000000008006fba       0x98 ./Drivers/STM32F7xx_HAL_Driver/Src/stm32f7xx_ll_usb.o
                0x0000000008006fba                USB_SetCurrentMode
 *fill*         0x0000000008007052        0x2 
 .text.USB_DevInit
                0x0000000008007054      0x2bc ./Drivers/STM32F7xx_HAL_Driver/Src/stm32f7xx_ll_usb.o
                0x0000000008007054                USB_DevInit
 .text.USB_FlushTxFifo
                0x0000000008007310       0x68 ./Drivers/STM32F7xx_HAL_Driver/Src/stm32f7xx_ll_usb.o
                0x0000000008007310                USB_FlushTxFifo
 .text.USB_FlushRxFifo
                0x0000000008007378       0x60 ./Drivers/STM32F7xx_HAL_Driver/Src/stm32f7xx_ll_usb.o
                0x0000000008007378                USB_FlushRxFifo
 .text.USB_SetDevSpeed
                0x00000000080073d8       0x32 ./Drivers/STM32F7xx_HAL_Driver/Src/stm32f7xx_ll_usb.o
                0x00000000080073d8                USB_SetDevSpeed
 .text.USB_DevDisconnect
                0x000000000800740a       0x42 ./Drivers/STM32F7xx_HAL_Driver/Src/stm32f7xx_ll_usb.o
                0x000000000800740a                USB_DevDisconnect
 .text.USB_GetMode
                0x000000000800744c       0x1c ./Drivers/STM32F7xx_HAL_Driver/Src/stm32f7xx_ll_usb.o
                0x000000000800744c                USB_GetMode
 .text.USB_CoreReset
                0x0000000008007468       0x68 ./Drivers/STM32F7xx_HAL_Driver/Src/stm32f7xx_ll_usb.o
 .text.SVC_Setup
                0x00000000080074d0        0xe ./Middlewares/Third_Party/FreeRTOS/Source/CMSIS_RTOS_V2/cmsis_os2.o
 *fill*         0x00000000080074de        0x2 
 .text.osKernelInitialize
                0x00000000080074e0       0x68 ./Middlewares/Third_Party/FreeRTOS/Source/CMSIS_RTOS_V2/cmsis_os2.o
                0x00000000080074e0                osKernelInitialize
 .text.osKernelStart
                0x0000000008007548       0x6c ./Middlewares/Third_Party/FreeRTOS/Source/CMSIS_RTOS_V2/cmsis_os2.o
                0x0000000008007548                osKernelStart
 .text.osThreadNew
                0x00000000080075b4      0x14c ./Middlewares/Third_Party/FreeRTOS/Source/CMSIS_RTOS_V2/cmsis_os2.o
                0x00000000080075b4                osThreadNew
 .text.osDelay  0x0000000008007700       0x5c ./Middlewares/Third_Party/FreeRTOS/Source/CMSIS_RTOS_V2/cmsis_os2.o
                0x0000000008007700                osDelay
 .text.osEventFlagsNew
                0x000000000800775c       0xa4 ./Middlewares/Third_Party/FreeRTOS/Source/CMSIS_RTOS_V2/cmsis_os2.o
                0x000000000800775c                osEventFlagsNew
 .text.osEventFlagsSet
                0x0000000008007800       0xb0 ./Middlewares/Third_Party/FreeRTOS/Source/CMSIS_RTOS_V2/cmsis_os2.o
                0x0000000008007800                osEventFlagsSet
 .text.osEventFlagsWait
                0x00000000080078b0       0xec ./Middlewares/Third_Party/FreeRTOS/Source/CMSIS_RTOS_V2/cmsis_os2.o
                0x00000000080078b0                osEventFlagsWait
 .text.osMessageQueueNew
                0x000000000800799c      0x10c ./Middlewares/Third_Party/FreeRTOS/Source/CMSIS_RTOS_V2/cmsis_os2.o
                0x000000000800799c                osMessageQueueNew
 .text.osMessageQueuePut
                0x0000000008007aa8       0xe8 ./Middlewares/Third_Party/FreeRTOS/Source/CMSIS_RTOS_V2/cmsis_os2.o
                0x0000000008007aa8                osMessageQueuePut
 .text.osMessageQueueGet
                0x0000000008007b90       0xe4 ./Middlewares/Third_Party/FreeRTOS/Source/CMSIS_RTOS_V2/cmsis_os2.o
                0x0000000008007b90                osMessageQueueGet
 .text.vApplicationGetIdleTaskMemory
                0x0000000008007c74       0x34 ./Middlewares/Third_Party/FreeRTOS/Source/CMSIS_RTOS_V2/cmsis_os2.o
                0x0000000008007c74                vApplicationGetIdleTaskMemory
 .text.vApplicationGetTimerTaskMemory
                0x0000000008007ca8       0x34 ./Middlewares/Third_Party/FreeRTOS/Source/CMSIS_RTOS_V2/cmsis_os2.o
                0x0000000008007ca8                vApplicationGetTimerTaskMemory
 .text.xEventGroupCreateStatic
                0x0000000008007cdc      0x130 ./Middlewares/Third_Party/FreeRTOS/Source/event_groups.o
                0x0000000008007cdc                xEventGroupCreateStatic
 .text.xEventGroupCreate
                0x0000000008007e0c       0xec ./Middlewares/Third_Party/FreeRTOS/Source/event_groups.o
                0x0000000008007e0c                xEventGroupCreate
 .text.xEventGroupWaitBits
                0x0000000008007ef8      0x2c4 ./Middlewares/Third_Party/FreeRTOS/Source/event_groups.o
                0x0000000008007ef8                xEventGroupWaitBits
 .text.xEventGroupSetBits
                0x00000000080081bc      0x16c ./Middlewares/Third_Party/FreeRTOS/Source/event_groups.o
                0x00000000080081bc                xEventGroupSetBits
 .text.vEventGroupSetBitsCallback
                0x0000000008008328       0x1a ./Middlewares/Third_Party/FreeRTOS/Source/event_groups.o
                0x0000000008008328                vEventGroupSetBitsCallback
 .text.prvTestWaitCondition
                0x0000000008008342       0x44 ./Middlewares/Third_Party/FreeRTOS/Source/event_groups.o
 *fill*         0x0000000008008386        0x2 
 .text.xEventGroupSetBitsFromISR
                0x0000000008008388       0x64 ./Middlewares/Third_Party/FreeRTOS/Source/event_groups.o
                0x0000000008008388                xEventGroupSetBitsFromISR
 .text.uxEventGroupGetNumber
                0x00000000080083ec       0x2c ./Middlewares/Third_Party/FreeRTOS/Source/event_groups.o
                0x00000000080083ec                uxEventGroupGetNumber
 .text.vEventGroupSetNumber
                0x0000000008008418       0x1c ./Middlewares/Third_Party/FreeRTOS/Source/event_groups.o
                0x0000000008008418                vEventGroupSetNumber
 .text.vListInitialise
                0x0000000008008434       0x40 ./Middlewares/Third_Party/FreeRTOS/Source/list.o
                0x0000000008008434                vListInitialise
 .text.vListInitialiseItem
                0x0000000008008474       0x1a ./Middlewares/Third_Party/FreeRTOS/Source/list.o
                0x0000000008008474                vListInitialiseItem
 .text.vListInsertEnd
                0x000000000800848e       0x48 ./Middlewares/Third_Party/FreeRTOS/Source/list.o
                0x000000000800848e                vListInsertEnd
 .text.vListInsert
                0x00000000080084d6       0x72 ./Middlewares/Third_Party/FreeRTOS/Source/list.o
                0x00000000080084d6                vListInsert
 .text.uxListRemove
                0x0000000008008548       0x54 ./Middlewares/Third_Party/FreeRTOS/Source/list.o
                0x0000000008008548                uxListRemove
 .text.xQueueGenericReset
                0x000000000800859c       0xd4 ./Middlewares/Third_Party/FreeRTOS/Source/queue.o
                0x000000000800859c                xQueueGenericReset
 .text.xQueueGenericCreateStatic
                0x0000000008008670      0x140 ./Middlewares/Third_Party/FreeRTOS/Source/queue.o
                0x0000000008008670                xQueueGenericCreateStatic
 .text.xQueueGenericCreate
                0x00000000080087b0       0xbc ./Middlewares/Third_Party/FreeRTOS/Source/queue.o
                0x00000000080087b0                xQueueGenericCreate
 .text.prvInitialiseNewQueue
                0x000000000800886c      0x128 ./Middlewares/Third_Party/FreeRTOS/Source/queue.o
 .text.xQueueGenericSend
                0x0000000008008994      0x42c ./Middlewares/Third_Party/FreeRTOS/Source/queue.o
                0x0000000008008994                xQueueGenericSend
 .text.xQueueGenericSendFromISR
                0x0000000008008dc0      0x220 ./Middlewares/Third_Party/FreeRTOS/Source/queue.o
                0x0000000008008dc0                xQueueGenericSendFromISR
 .text.xQueueReceive
                0x0000000008008fe0      0x414 ./Middlewares/Third_Party/FreeRTOS/Source/queue.o
                0x0000000008008fe0                xQueueReceive
 .text.xQueueReceiveFromISR
                0x00000000080093f4      0x1d8 ./Middlewares/Third_Party/FreeRTOS/Source/queue.o
                0x00000000080093f4                xQueueReceiveFromISR
 .text.uxQueueGetQueueNumber
                0x00000000080095cc       0x18 ./Middlewares/Third_Party/FreeRTOS/Source/queue.o
                0x00000000080095cc                uxQueueGetQueueNumber
 .text.vQueueSetQueueNumber
                0x00000000080095e4       0x1c ./Middlewares/Third_Party/FreeRTOS/Source/queue.o
                0x00000000080095e4                vQueueSetQueueNumber
 .text.ucQueueGetQueueType
                0x0000000008009600       0x1a ./Middlewares/Third_Party/FreeRTOS/Source/queue.o
                0x0000000008009600                ucQueueGetQueueType
 .text.prvCopyDataToQueue
                0x000000000800961a       0xd4 ./Middlewares/Third_Party/FreeRTOS/Source/queue.o
 .text.prvCopyDataFromQueue
                0x00000000080096ee       0x4c ./Middlewares/Third_Party/FreeRTOS/Source/queue.o
 .text.prvUnlockQueue
                0x000000000800973a       0xa4 ./Middlewares/Third_Party/FreeRTOS/Source/queue.o
 .text.prvIsQueueEmpty
                0x00000000080097de       0x2c ./Middlewares/Third_Party/FreeRTOS/Source/queue.o
 .text.prvIsQueueFull
                0x000000000800980a       0x30 ./Middlewares/Third_Party/FreeRTOS/Source/queue.o
 *fill*         0x000000000800983a        0x2 
 .text.vQueueAddToRegistry
                0x000000000800983c       0x74 ./Middlewares/Third_Party/FreeRTOS/Source/queue.o
                0x000000000800983c                vQueueAddToRegistry
 .text.vQueueWaitForMessageRestricted
                0x00000000080098b0       0x68 ./Middlewares/Third_Party/FreeRTOS/Source/queue.o
                0x00000000080098b0                vQueueWaitForMessageRestricted
 .text.xTaskCreateStatic
                0x0000000008009918       0xc6 ./Middlewares/Third_Party/FreeRTOS/Source/tasks.o
                0x0000000008009918                xTaskCreateStatic
 .text.xTaskCreate
                0x00000000080099de       0x8a ./Middlewares/Third_Party/FreeRTOS/Source/tasks.o
                0x00000000080099de                xTaskCreate
 .text.prvInitialiseNewTask
                0x0000000008009a68      0x158 ./Middlewares/Third_Party/FreeRTOS/Source/tasks.o
 .text.prvAddNewTaskToReadyList
                0x0000000008009bc0      0x180 ./Middlewares/Third_Party/FreeRTOS/Source/tasks.o
 .text.vTaskDelay
                0x0000000008009d40       0xdc ./Middlewares/Third_Party/FreeRTOS/Source/tasks.o
                0x0000000008009d40                vTaskDelay
 .text.vTaskStartScheduler
                0x0000000008009e1c      0x120 ./Middlewares/Third_Party/FreeRTOS/Source/tasks.o
                0x0000000008009e1c                vTaskStartScheduler
 .text.vTaskSuspendAll
                0x0000000008009f3c       0x1c ./Middlewares/Third_Party/FreeRTOS/Source/tasks.o
                0x0000000008009f3c                vTaskSuspendAll
 .text.xTaskResumeAll
                0x0000000008009f58      0x140 ./Middlewares/Third_Party/FreeRTOS/Source/tasks.o
                0x0000000008009f58                xTaskResumeAll
 .text.xTaskGetTickCount
                0x000000000800a098       0x20 ./Middlewares/Third_Party/FreeRTOS/Source/tasks.o
                0x000000000800a098                xTaskGetTickCount
 .text.xTaskIncrementTick
                0x000000000800a0b8      0x1a0 ./Middlewares/Third_Party/FreeRTOS/Source/tasks.o
                0x000000000800a0b8                xTaskIncrementTick
 .text.vTaskSwitchContext
                0x000000000800a258      0x138 ./Middlewares/Third_Party/FreeRTOS/Source/tasks.o
                0x000000000800a258                vTaskSwitchContext
 .text.vTaskPlaceOnEventList
                0x000000000800a390       0x4c ./Middlewares/Third_Party/FreeRTOS/Source/tasks.o
                0x000000000800a390                vTaskPlaceOnEventList
 .text.vTaskPlaceOnUnorderedEventList
                0x000000000800a3dc       0x80 ./Middlewares/Third_Party/FreeRTOS/Source/tasks.o
                0x000000000800a3dc                vTaskPlaceOnUnorderedEventList
 .text.vTaskPlaceOnEventListRestricted
                0x000000000800a45c       0xd4 ./Middlewares/Third_Party/FreeRTOS/Source/tasks.o
                0x000000000800a45c                vTaskPlaceOnEventListRestricted
 .text.xTaskRemoveFromEventList
                0x000000000800a530       0xcc ./Middlewares/Third_Party/FreeRTOS/Source/tasks.o
                0x000000000800a530                xTaskRemoveFromEventList
 .text.vTaskRemoveFromUnorderedEventList
                0x000000000800a5fc       0xcc ./Middlewares/Third_Party/FreeRTOS/Source/tasks.o
                0x000000000800a5fc                vTaskRemoveFromUnorderedEventList
 .text.vTaskInternalSetTimeOutState
                0x000000000800a6c8       0x2c ./Middlewares/Third_Party/FreeRTOS/Source/tasks.o
                0x000000000800a6c8                vTaskInternalSetTimeOutState
 .text.xTaskCheckForTimeOut
                0x000000000800a6f4       0xcc ./Middlewares/Third_Party/FreeRTOS/Source/tasks.o
                0x000000000800a6f4                xTaskCheckForTimeOut
 .text.vTaskMissedYield
                0x000000000800a7c0       0x18 ./Middlewares/Third_Party/FreeRTOS/Source/tasks.o
                0x000000000800a7c0                vTaskMissedYield
 .text.uxTaskGetTaskNumber
                0x000000000800a7d8       0x2c ./Middlewares/Third_Party/FreeRTOS/Source/tasks.o
                0x000000000800a7d8                uxTaskGetTaskNumber
 .text.vTaskSetTaskNumber
                0x000000000800a804       0x26 ./Middlewares/Third_Party/FreeRTOS/Source/tasks.o
                0x000000000800a804                vTaskSetTaskNumber
 *fill*         0x000000000800a82a        0x2 
 .text.prvIdleTask
                0x000000000800a82c       0x30 ./Middlewares/Third_Party/FreeRTOS/Source/tasks.o
 .text.prvInitialiseTaskLists
                0x000000000800a85c       0x80 ./Middlewares/Third_Party/FreeRTOS/Source/tasks.o
 .text.prvCheckTasksWaitingTermination
                0x000000000800a8dc       0x5c ./Middlewares/Third_Party/FreeRTOS/Source/tasks.o
 .text.prvDeleteTCB
                0x000000000800a938       0x6c ./Middlewares/Third_Party/FreeRTOS/Source/tasks.o
 .text.prvResetNextTaskUnblockTime
                0x000000000800a9a4       0x40 ./Middlewares/Third_Party/FreeRTOS/Source/tasks.o
 .text.xTaskGetCurrentTaskHandle
                0x000000000800a9e4       0x20 ./Middlewares/Third_Party/FreeRTOS/Source/tasks.o
                0x000000000800a9e4                xTaskGetCurrentTaskHandle
 .text.xTaskGetSchedulerState
                0x000000000800aa04       0x3c ./Middlewares/Third_Party/FreeRTOS/Source/tasks.o
                0x000000000800aa04                xTaskGetSchedulerState
 .text.xTaskPriorityDisinherit
                0x000000000800aa40      0x140 ./Middlewares/Third_Party/FreeRTOS/Source/tasks.o
                0x000000000800aa40                xTaskPriorityDisinherit
 .text.uxTaskResetEventItemValue
                0x000000000800ab80       0x30 ./Middlewares/Third_Party/FreeRTOS/Source/tasks.o
                0x000000000800ab80                uxTaskResetEventItemValue
 .text.prvAddCurrentTaskToDelayedList
                0x000000000800abb0       0xa8 ./Middlewares/Third_Party/FreeRTOS/Source/tasks.o
 .text.xTimerCreateTimerTask
                0x000000000800ac58       0x94 ./Middlewares/Third_Party/FreeRTOS/Source/timers.o
                0x000000000800ac58                xTimerCreateTimerTask
 .text.xTimerGenericCommand
                0x000000000800acec      0x240 ./Middlewares/Third_Party/FreeRTOS/Source/timers.o
                0x000000000800acec                xTimerGenericCommand
 .text.prvProcessExpiredTimer
                0x000000000800af2c       0xe8 ./Middlewares/Third_Party/FreeRTOS/Source/timers.o
 .text.prvTimerTask
                0x000000000800b014       0x24 ./Middlewares/Third_Party/FreeRTOS/Source/timers.o
 .text.prvProcessTimerOrBlockTask
                0x000000000800b038       0x9c ./Middlewares/Third_Party/FreeRTOS/Source/timers.o
 .text.prvGetNextExpireTime
                0x000000000800b0d4       0x48 ./Middlewares/Third_Party/FreeRTOS/Source/timers.o
 .text.prvSampleTimeNow
                0x000000000800b11c       0x40 ./Middlewares/Third_Party/FreeRTOS/Source/timers.o
 .text.prvInsertTimerInActiveList
                0x000000000800b15c       0x84 ./Middlewares/Third_Party/FreeRTOS/Source/timers.o
 .text.prvProcessReceivedCommands
                0x000000000800b1e0      0x21c ./Middlewares/Third_Party/FreeRTOS/Source/timers.o
 .text.prvSwitchTimerLists
                0x000000000800b3fc      0x118 ./Middlewares/Third_Party/FreeRTOS/Source/timers.o
 .text.prvCheckForValidListAndQueue
                0x000000000800b514       0x80 ./Middlewares/Third_Party/FreeRTOS/Source/timers.o
 .text.xTimerPendFunctionCallFromISR
                0x000000000800b594       0x40 ./Middlewares/Third_Party/FreeRTOS/Source/timers.o
                0x000000000800b594                xTimerPendFunctionCallFromISR
 .text.uxTimerGetTimerNumber
                0x000000000800b5d4       0x18 ./Middlewares/Third_Party/FreeRTOS/Source/timers.o
                0x000000000800b5d4                uxTimerGetTimerNumber
 .text.pxPortInitialiseStack
                0x000000000800b5ec       0x68 ./Middlewares/Third_Party/FreeRTOS/Source/portable/GCC/ARM_CM7/r0p1/port.o
                0x000000000800b5ec                pxPortInitialiseStack
 .text.prvTaskExitError
                0x000000000800b654       0x60 ./Middlewares/Third_Party/FreeRTOS/Source/portable/GCC/ARM_CM7/r0p1/port.o
 *fill*         0x000000000800b6b4        0xc 
 .text.SVC_Handler
                0x000000000800b6c0       0x28 ./Middlewares/Third_Party/FreeRTOS/Source/portable/GCC/ARM_CM7/r0p1/port.o
                0x000000000800b6c0                SVC_Handler
 .text.prvPortStartFirstTask
                0x000000000800b6e8       0x28 ./Middlewares/Third_Party/FreeRTOS/Source/portable/GCC/ARM_CM7/r0p1/port.o
 .text.xPortStartScheduler
                0x000000000800b710      0x120 ./Middlewares/Third_Party/FreeRTOS/Source/portable/GCC/ARM_CM7/r0p1/port.o
                0x000000000800b710                xPortStartScheduler
 .text.vPortEnterCritical
                0x000000000800b830       0x68 ./Middlewares/Third_Party/FreeRTOS/Source/portable/GCC/ARM_CM7/r0p1/port.o
                0x000000000800b830                vPortEnterCritical
 .text.vPortExitCritical
                0x000000000800b898       0x58 ./Middlewares/Third_Party/FreeRTOS/Source/portable/GCC/ARM_CM7/r0p1/port.o
                0x000000000800b898                vPortExitCritical
 .text.PendSV_Handler
                0x000000000800b8f0       0x68 ./Middlewares/Third_Party/FreeRTOS/Source/portable/GCC/ARM_CM7/r0p1/port.o
                0x000000000800b8f0                PendSV_Handler
 .text.SysTick_Handler
                0x000000000800b958       0x48 ./Middlewares/Third_Party/FreeRTOS/Source/portable/GCC/ARM_CM7/r0p1/port.o
                0x000000000800b958                SysTick_Handler
 .text.vPortSetupTimerInterrupt
                0x000000000800b9a0       0x48 ./Middlewares/Third_Party/FreeRTOS/Source/portable/GCC/ARM_CM7/r0p1/port.o
                0x000000000800b9a0                vPortSetupTimerInterrupt
 .text.vPortEnableVFP
                0x000000000800b9e8       0x14 ./Middlewares/Third_Party/FreeRTOS/Source/portable/GCC/ARM_CM7/r0p1/port.o
 .text.vPortValidateInterruptPriority
                0x000000000800b9fc       0x88 ./Middlewares/Third_Party/FreeRTOS/Source/portable/GCC/ARM_CM7/r0p1/port.o
                0x000000000800b9fc                vPortValidateInterruptPriority
 .text.pvPortMalloc
                0x000000000800ba84      0x1b4 ./Middlewares/Third_Party/FreeRTOS/Source/portable/MemMang/heap_4.o
                0x000000000800ba84                pvPortMalloc
 .text.vPortFree
                0x000000000800bc38       0xcc ./Middlewares/Third_Party/FreeRTOS/Source/portable/MemMang/heap_4.o
                0x000000000800bc38                vPortFree
 .text.prvHeapInit
                0x000000000800bd04       0xc4 ./Middlewares/Third_Party/FreeRTOS/Source/portable/MemMang/heap_4.o
 .text.prvInsertBlockIntoFreeList
                0x000000000800bdc8       0xb4 ./Middlewares/Third_Party/FreeRTOS/Source/portable/MemMang/heap_4.o
 .text.__libc_init_array
                0x000000000800be7c       0x48 c:/st/stm32cubeide_1.12.0/stm32cubeide/plugins/com.st.stm32cube.ide.mcu.externaltools.gnu-tools-for-stm32.10.3-2021.10.win32_1.0.200.202301161003/tools/bin/../lib/gcc/arm-none-eabi/10.3.1/../../../../arm-none-eabi/lib/thumb/v7e-m+dp/hard\libc_nano.a(lib_a-init.o)
                0x000000000800be7c                __libc_init_array
 .text.__itoa   0x000000000800bec4       0x30 c:/st/stm32cubeide_1.12.0/stm32cubeide/plugins/com.st.stm32cube.ide.mcu.externaltools.gnu-tools-for-stm32.10.3-2021.10.win32_1.0.200.202301161003/tools/bin/../lib/gcc/arm-none-eabi/10.3.1/../../../../arm-none-eabi/lib/thumb/v7e-m+dp/hard\libc_nano.a(lib_a-itoa.o)
                0x000000000800bec4                __itoa
 .text.itoa     0x000000000800bef4        0x4 c:/st/stm32cubeide_1.12.0/stm32cubeide/plugins/com.st.stm32cube.ide.mcu.externaltools.gnu-tools-for-stm32.10.3-2021.10.win32_1.0.200.202301161003/tools/bin/../lib/gcc/arm-none-eabi/10.3.1/../../../../arm-none-eabi/lib/thumb/v7e-m+dp/hard\libc_nano.a(lib_a-itoa.o)
                0x000000000800bef4                itoa
 .text.__retarget_lock_acquire_recursive
                0x000000000800bef8        0x2 c:/st/stm32cubeide_1.12.0/stm32cubeide/plugins/com.st.stm32cube.ide.mcu.externaltools.gnu-tools-for-stm32.10.3-2021.10.win32_1.0.200.202301161003/tools/bin/../lib/gcc/arm-none-eabi/10.3.1/../../../../arm-none-eabi/lib/thumb/v7e-m+dp/hard\libc_nano.a(lib_a-lock.o)
                0x000000000800bef8                __retarget_lock_acquire_recursive
 .text.__retarget_lock_release_recursive
                0x000000000800befa        0x2 c:/st/stm32cubeide_1.12.0/stm32cubeide/plugins/com.st.stm32cube.ide.mcu.externaltools.gnu-tools-for-stm32.10.3-2021.10.win32_1.0.200.202301161003/tools/bin/../lib/gcc/arm-none-eabi/10.3.1/../../../../arm-none-eabi/lib/thumb/v7e-m+dp/hard\libc_nano.a(lib_a-lock.o)
                0x000000000800befa                __retarget_lock_release_recursive
 .text.memcpy   0x000000000800befc       0x1c c:/st/stm32cubeide_1.12.0/stm32cubeide/plugins/com.st.stm32cube.ide.mcu.externaltools.gnu-tools-for-stm32.10.3-2021.10.win32_1.0.200.202301161003/tools/bin/../lib/gcc/arm-none-eabi/10.3.1/../../../../arm-none-eabi/lib/thumb/v7e-m+dp/hard\libc_nano.a(lib_a-memcpy-stub.o)
                0x000000000800befc                memcpy
 .text.memset   0x000000000800bf18       0x10 c:/st/stm32cubeide_1.12.0/stm32cubeide/plugins/com.st.stm32cube.ide.mcu.externaltools.gnu-tools-for-stm32.10.3-2021.10.win32_1.0.200.202301161003/tools/bin/../lib/gcc/arm-none-eabi/10.3.1/../../../../arm-none-eabi/lib/thumb/v7e-m+dp/hard\libc_nano.a(lib_a-memset.o)
                0x000000000800bf18                memset
 .text.cleanup_glue
                0x000000000800bf28       0x1a c:/st/stm32cubeide_1.12.0/stm32cubeide/plugins/com.st.stm32cube.ide.mcu.externaltools.gnu-tools-for-stm32.10.3-2021.10.win32_1.0.200.202301161003/tools/bin/../lib/gcc/arm-none-eabi/10.3.1/../../../../arm-none-eabi/lib/thumb/v7e-m+dp/hard\libc_nano.a(lib_a-reent.o)
                0x000000000800bf28                cleanup_glue
 *fill*         0x000000000800bf42        0x2 
 .text._reclaim_reent
                0x000000000800bf44       0xb8 c:/st/stm32cubeide_1.12.0/stm32cubeide/plugins/com.st.stm32cube.ide.mcu.externaltools.gnu-tools-for-stm32.10.3-2021.10.win32_1.0.200.202301161003/tools/bin/../lib/gcc/arm-none-eabi/10.3.1/../../../../arm-none-eabi/lib/thumb/v7e-m+dp/hard\libc_nano.a(lib_a-reent.o)
                0x000000000800bf44                _reclaim_reent
 .text.strcpy   0x000000000800bffc       0x10 c:/st/stm32cubeide_1.12.0/stm32cubeide/plugins/com.st.stm32cube.ide.mcu.externaltools.gnu-tools-for-stm32.10.3-2021.10.win32_1.0.200.202301161003/tools/bin/../lib/gcc/arm-none-eabi/10.3.1/../../../../arm-none-eabi/lib/thumb/v7e-m+dp/hard\libc_nano.a(lib_a-strcpy.o)
                0x000000000800bffc                strcpy
 .text.strncmp  0x000000000800c00c       0x28 c:/st/stm32cubeide_1.12.0/stm32cubeide/plugins/com.st.stm32cube.ide.mcu.externaltools.gnu-tools-for-stm32.10.3-2021.10.win32_1.0.200.202301161003/tools/bin/../lib/gcc/arm-none-eabi/10.3.1/../../../../arm-none-eabi/lib/thumb/v7e-m+dp/hard\libc_nano.a(lib_a-strncmp.o)
                0x000000000800c00c                strncmp
 .text.__utoa   0x000000000800c034       0x84 c:/st/stm32cubeide_1.12.0/stm32cubeide/plugins/com.st.stm32cube.ide.mcu.externaltools.gnu-tools-for-stm32.10.3-2021.10.win32_1.0.200.202301161003/tools/bin/../lib/gcc/arm-none-eabi/10.3.1/../../../../arm-none-eabi/lib/thumb/v7e-m+dp/hard\libc_nano.a(lib_a-utoa.o)
                0x000000000800c034                __utoa
 .text.__malloc_lock
                0x000000000800c0b8        0xc c:/st/stm32cubeide_1.12.0/stm32cubeide/plugins/com.st.stm32cube.ide.mcu.externaltools.gnu-tools-for-stm32.10.3-2021.10.win32_1.0.200.202301161003/tools/bin/../lib/gcc/arm-none-eabi/10.3.1/../../../../arm-none-eabi/lib/thumb/v7e-m+dp/hard\libc_nano.a(lib_a-mlock.o)
                0x000000000800c0b8                __malloc_lock
 .text.__malloc_unlock
                0x000000000800c0c4        0xc c:/st/stm32cubeide_1.12.0/stm32cubeide/plugins/com.st.stm32cube.ide.mcu.externaltools.gnu-tools-for-stm32.10.3-2021.10.win32_1.0.200.202301161003/tools/bin/../lib/gcc/arm-none-eabi/10.3.1/../../../../arm-none-eabi/lib/thumb/v7e-m+dp/hard\libc_nano.a(lib_a-mlock.o)
                0x000000000800c0c4                __malloc_unlock
 .text._free_r  0x000000000800c0d0       0x98 c:/st/stm32cubeide_1.12.0/stm32cubeide/plugins/com.st.stm32cube.ide.mcu.externaltools.gnu-tools-for-stm32.10.3-2021.10.win32_1.0.200.202301161003/tools/bin/../lib/gcc/arm-none-eabi/10.3.1/../../../../arm-none-eabi/lib/thumb/v7e-m+dp/hard\libc_nano.a(lib_a-nano-freer.o)
                0x000000000800c0d0                _free_r
 *(.glue_7)
 .glue_7        0x000000000800c168        0x0 linker stubs
 *(.glue_7t)
 .glue_7t       0x000000000800c168        0x0 linker stubs
 *(.eh_frame)
 .eh_frame      0x000000000800c168        0x0 c:/st/stm32cubeide_1.12.0/stm32cubeide/plugins/com.st.stm32cube.ide.mcu.externaltools.gnu-tools-for-stm32.10.3-2021.10.win32_1.0.200.202301161003/tools/bin/../lib/gcc/arm-none-eabi/10.3.1/thumb/v7e-m+dp/hard/crtbegin.o
 *(.init)
 .init          0x000000000800c168        0x4 c:/st/stm32cubeide_1.12.0/stm32cubeide/plugins/com.st.stm32cube.ide.mcu.externaltools.gnu-tools-for-stm32.10.3-2021.10.win32_1.0.200.202301161003/tools/bin/../lib/gcc/arm-none-eabi/10.3.1/thumb/v7e-m+dp/hard/crti.o
                0x000000000800c168                _init
 .init          0x000000000800c16c        0x8 c:/st/stm32cubeide_1.12.0/stm32cubeide/plugins/com.st.stm32cube.ide.mcu.externaltools.gnu-tools-for-stm32.10.3-2021.10.win32_1.0.200.202301161003/tools/bin/../lib/gcc/arm-none-eabi/10.3.1/thumb/v7e-m+dp/hard/crtn.o
 *(.fini)
 .fini          0x000000000800c174        0x4 c:/st/stm32cubeide_1.12.0/stm32cubeide/plugins/com.st.stm32cube.ide.mcu.externaltools.gnu-tools-for-stm32.10.3-2021.10.win32_1.0.200.202301161003/tools/bin/../lib/gcc/arm-none-eabi/10.3.1/thumb/v7e-m+dp/hard/crti.o
                0x000000000800c174                _fini
 .fini          0x000000000800c178        0x8 c:/st/stm32cubeide_1.12.0/stm32cubeide/plugins/com.st.stm32cube.ide.mcu.externaltools.gnu-tools-for-stm32.10.3-2021.10.win32_1.0.200.202301161003/tools/bin/../lib/gcc/arm-none-eabi/10.3.1/thumb/v7e-m+dp/hard/crtn.o
                0x000000000800c180                . = ALIGN (0x4)
                0x000000000800c180                _etext = .

.vfp11_veneer   0x000000000800c180        0x0
 .vfp11_veneer  0x000000000800c180        0x0 linker stubs

.v4_bx          0x000000000800c180        0x0
 .v4_bx         0x000000000800c180        0x0 linker stubs

.iplt           0x000000000800c180        0x0
 .iplt          0x000000000800c180        0x0 c:/st/stm32cubeide_1.12.0/stm32cubeide/plugins/com.st.stm32cube.ide.mcu.externaltools.gnu-tools-for-stm32.10.3-2021.10.win32_1.0.200.202301161003/tools/bin/../lib/gcc/arm-none-eabi/10.3.1/thumb/v7e-m+dp/hard/crtbegin.o

.rodata         0x000000000800c180     0x16ec
                0x000000000800c180                . = ALIGN (0x4)
 *(.rodata)
 .rodata        0x000000000800c180      0x12d ./Core/Src/main.o
 *fill*         0x000000000800c2ad        0x3 
 .rodata        0x000000000800c2b0      0x2fe ./Core/Tracelizer/trcKernelPort.o
 *fill*         0x000000000800c5ae        0x2 
 .rodata        0x000000000800c5b0     0x10b7 ./Core/Tracelizer/trcSnapshotRecorder.o
 *fill*         0x000000000800d667        0x1 
 .rodata        0x000000000800d668       0x30 ./Middlewares/Third_Party/FreeRTOS/Source/tasks.o
 .rodata        0x000000000800d698        0xd ./Middlewares/Third_Party/FreeRTOS/Source/timers.o
 *(.rodata*)
 *fill*         0x000000000800d6a5        0x3 
 .rodata.defaultTask_attributes
                0x000000000800d6a8       0x24 ./Core/Src/main.o
                0x000000000800d6a8                defaultTask_attributes
 .rodata.BlinkyTask_attributes
                0x000000000800d6cc       0x24 ./Core/Src/main.o
                0x000000000800d6cc                BlinkyTask_attributes
 .rodata.adcReadValueT_attributes
                0x000000000800d6f0       0x24 ./Core/Src/main.o
                0x000000000800d6f0                adcReadValueT_attributes
 .rodata.readTempT_attributes
                0x000000000800d714       0x24 ./Core/Src/main.o
                0x000000000800d714                readTempT_attributes
 .rodata.pwmLedBrightnes_attributes
                0x000000000800d738       0x24 ./Core/Src/main.o
                0x000000000800d738                pwmLedBrightnes_attributes
 .rodata.usartDebugPrint_attributes
                0x000000000800d75c       0x24 ./Core/Src/main.o
                0x000000000800d75c                usartDebugPrint_attributes
 .rodata.checkISRStateT_attributes
                0x000000000800d780       0x24 ./Core/Src/main.o
                0x000000000800d780                checkISRStateT_attributes
 .rodata.msg_Queue_attributes
                0x000000000800d7a4       0x18 ./Core/Src/main.o
                0x000000000800d7a4                msg_Queue_attributes
 .rodata.ISREvent_attributes
                0x000000000800d7bc       0x10 ./Core/Src/main.o
                0x000000000800d7bc                ISREvent_attributes
 .rodata.AHBPrescTable
                0x000000000800d7cc       0x10 ./Core/Src/system_stm32f7xx.o
                0x000000000800d7cc                AHBPrescTable
 .rodata.APBPrescTable
                0x000000000800d7dc        0x8 ./Core/Src/system_stm32f7xx.o
                0x000000000800d7dc                APBPrescTable
 .rodata.__sf_fake_stderr
                0x000000000800d7e4       0x20 c:/st/stm32cubeide_1.12.0/stm32cubeide/plugins/com.st.stm32cube.ide.mcu.externaltools.gnu-tools-for-stm32.10.3-2021.10.win32_1.0.200.202301161003/tools/bin/../lib/gcc/arm-none-eabi/10.3.1/../../../../arm-none-eabi/lib/thumb/v7e-m+dp/hard\libc_nano.a(lib_a-findfp.o)
                0x000000000800d7e4                __sf_fake_stderr
 .rodata.__sf_fake_stdin
                0x000000000800d804       0x20 c:/st/stm32cubeide_1.12.0/stm32cubeide/plugins/com.st.stm32cube.ide.mcu.externaltools.gnu-tools-for-stm32.10.3-2021.10.win32_1.0.200.202301161003/tools/bin/../lib/gcc/arm-none-eabi/10.3.1/../../../../arm-none-eabi/lib/thumb/v7e-m+dp/hard\libc_nano.a(lib_a-findfp.o)
                0x000000000800d804                __sf_fake_stdin
 .rodata.__sf_fake_stdout
                0x000000000800d824       0x20 c:/st/stm32cubeide_1.12.0/stm32cubeide/plugins/com.st.stm32cube.ide.mcu.externaltools.gnu-tools-for-stm32.10.3-2021.10.win32_1.0.200.202301161003/tools/bin/../lib/gcc/arm-none-eabi/10.3.1/../../../../arm-none-eabi/lib/thumb/v7e-m+dp/hard\libc_nano.a(lib_a-findfp.o)
                0x000000000800d824                __sf_fake_stdout
 .rodata.__utoa.str1.1
                0x000000000800d844       0x25 c:/st/stm32cubeide_1.12.0/stm32cubeide/plugins/com.st.stm32cube.ide.mcu.externaltools.gnu-tools-for-stm32.10.3-2021.10.win32_1.0.200.202301161003/tools/bin/../lib/gcc/arm-none-eabi/10.3.1/../../../../arm-none-eabi/lib/thumb/v7e-m+dp/hard\libc_nano.a(lib_a-utoa.o)
                0x000000000800d86c                . = ALIGN (0x4)
 *fill*         0x000000000800d869        0x3 

.ARM.extab      0x000000000800d86c        0x0
                0x000000000800d86c                . = ALIGN (0x4)
 *(.ARM.extab* .gnu.linkonce.armextab.*)
                0x000000000800d86c                . = ALIGN (0x4)

.ARM            0x000000000800d86c        0x8
                0x000000000800d86c                . = ALIGN (0x4)
                0x000000000800d86c                __exidx_start = .
 *(.ARM.exidx*)
 .ARM.exidx     0x000000000800d86c        0x8 c:/st/stm32cubeide_1.12.0/stm32cubeide/plugins/com.st.stm32cube.ide.mcu.externaltools.gnu-tools-for-stm32.10.3-2021.10.win32_1.0.200.202301161003/tools/bin/../lib/gcc/arm-none-eabi/10.3.1/thumb/v7e-m+dp/hard\libgcc.a(_udivmoddi4.o)
                0x000000000800d874                __exidx_end = .
                0x000000000800d874                . = ALIGN (0x4)

.rel.dyn        0x000000000800d874        0x0
 .rel.iplt      0x000000000800d874        0x0 c:/st/stm32cubeide_1.12.0/stm32cubeide/plugins/com.st.stm32cube.ide.mcu.externaltools.gnu-tools-for-stm32.10.3-2021.10.win32_1.0.200.202301161003/tools/bin/../lib/gcc/arm-none-eabi/10.3.1/thumb/v7e-m+dp/hard/crtbegin.o

.preinit_array  0x000000000800d874        0x0
                0x000000000800d874                . = ALIGN (0x4)
                0x000000000800d874                PROVIDE (__preinit_array_start = .)
 *(.preinit_array*)
                0x000000000800d874                PROVIDE (__preinit_array_end = .)
                0x000000000800d874                . = ALIGN (0x4)

.init_array     0x000000000800d874        0x4
                0x000000000800d874                . = ALIGN (0x4)
                0x000000000800d874                PROVIDE (__init_array_start = .)
 *(SORT_BY_NAME(.init_array.*))
 *(.init_array*)
 .init_array    0x000000000800d874        0x4 c:/st/stm32cubeide_1.12.0/stm32cubeide/plugins/com.st.stm32cube.ide.mcu.externaltools.gnu-tools-for-stm32.10.3-2021.10.win32_1.0.200.202301161003/tools/bin/../lib/gcc/arm-none-eabi/10.3.1/thumb/v7e-m+dp/hard/crtbegin.o
                0x000000000800d878                PROVIDE (__init_array_end = .)
                0x000000000800d878                . = ALIGN (0x4)

.fini_array     0x000000000800d878        0x4
                0x000000000800d878                . = ALIGN (0x4)
                [!provide]                        PROVIDE (__fini_array_start = .)
 *(SORT_BY_NAME(.fini_array.*))
 *(.fini_array*)
 .fini_array    0x000000000800d878        0x4 c:/st/stm32cubeide_1.12.0/stm32cubeide/plugins/com.st.stm32cube.ide.mcu.externaltools.gnu-tools-for-stm32.10.3-2021.10.win32_1.0.200.202301161003/tools/bin/../lib/gcc/arm-none-eabi/10.3.1/thumb/v7e-m+dp/hard/crtbegin.o
                [!provide]                        PROVIDE (__fini_array_end = .)
                0x000000000800d87c                . = ALIGN (0x4)
                0x000000000800d87c                _sidata = LOADADDR (.data)

.data           0x0000000020000000       0x80 load address 0x000000000800d87c
                0x0000000020000000                . = ALIGN (0x4)
                0x0000000020000000                _sdata = .
 *(.data)
 *(.data*)
 .data.SystemCoreClock
                0x0000000020000000        0x4 ./Core/Src/system_stm32f7xx.o
                0x0000000020000000                SystemCoreClock
 .data.TraceQueueClassTable
                0x0000000020000004        0x5 ./Core/Tracelizer/trcKernelPort.o
                0x0000000020000004                TraceQueueClassTable
 *fill*         0x0000000020000009        0x1 
 .data.CurrentFilterMask
                0x000000002000000a        0x2 ./Core/Tracelizer/trcSnapshotRecorder.o
                0x000000002000000a                CurrentFilterMask
 .data.CurrentFilterGroup
                0x000000002000000c        0x2 ./Core/Tracelizer/trcSnapshotRecorder.o
                0x000000002000000c                CurrentFilterGroup
 *fill*         0x000000002000000e        0x2 
 .data.uwTickPrio
                0x0000000020000010        0x4 ./Drivers/STM32F7xx_HAL_Driver/Src/stm32f7xx_hal.o
                0x0000000020000010                uwTickPrio
 .data.uwTickFreq
                0x0000000020000014        0x1 ./Drivers/STM32F7xx_HAL_Driver/Src/stm32f7xx_hal.o
                0x0000000020000014                uwTickFreq
 *fill*         0x0000000020000015        0x3 
 .data.uxCriticalNesting
                0x0000000020000018        0x4 ./Middlewares/Third_Party/FreeRTOS/Source/portable/GCC/ARM_CM7/r0p1/port.o
 .data._impure_ptr
                0x000000002000001c        0x4 c:/st/stm32cubeide_1.12.0/stm32cubeide/plugins/com.st.stm32cube.ide.mcu.externaltools.gnu-tools-for-stm32.10.3-2021.10.win32_1.0.200.202301161003/tools/bin/../lib/gcc/arm-none-eabi/10.3.1/../../../../arm-none-eabi/lib/thumb/v7e-m+dp/hard\libc_nano.a(lib_a-impure.o)
                0x000000002000001c                _impure_ptr
 .data.impure_data
                0x0000000020000020       0x60 c:/st/stm32cubeide_1.12.0/stm32cubeide/plugins/com.st.stm32cube.ide.mcu.externaltools.gnu-tools-for-stm32.10.3-2021.10.win32_1.0.200.202301161003/tools/bin/../lib/gcc/arm-none-eabi/10.3.1/../../../../arm-none-eabi/lib/thumb/v7e-m+dp/hard\libc_nano.a(lib_a-impure.o)
 *(.RamFunc)
 *(.RamFunc*)
                0x0000000020000080                . = ALIGN (0x4)
                0x0000000020000080                _edata = .

.igot.plt       0x0000000020000080        0x0 load address 0x000000000800d8fc
 .igot.plt      0x0000000020000080        0x0 c:/st/stm32cubeide_1.12.0/stm32cubeide/plugins/com.st.stm32cube.ide.mcu.externaltools.gnu-tools-for-stm32.10.3-2021.10.win32_1.0.200.202301161003/tools/bin/../lib/gcc/arm-none-eabi/10.3.1/thumb/v7e-m+dp/hard/crtbegin.o
                0x0000000020000080                . = ALIGN (0x4)

.bss            0x0000000020000080     0xf594 load address 0x000000000800d8fc
                0x0000000020000080                _sbss = .
                0x0000000020000080                __bss_start__ = _sbss
 *(.bss)
 .bss           0x0000000020000080       0x1c c:/st/stm32cubeide_1.12.0/stm32cubeide/plugins/com.st.stm32cube.ide.mcu.externaltools.gnu-tools-for-stm32.10.3-2021.10.win32_1.0.200.202301161003/tools/bin/../lib/gcc/arm-none-eabi/10.3.1/thumb/v7e-m+dp/hard/crtbegin.o
 *(.bss*)
 .bss.hadc1     0x000000002000009c       0x48 ./Core/Src/main.o
                0x000000002000009c                hadc1
 .bss.hadc2     0x00000000200000e4       0x48 ./Core/Src/main.o
                0x00000000200000e4                hadc2
 .bss.htim10    0x000000002000012c       0x4c ./Core/Src/main.o
                0x000000002000012c                htim10
 .bss.htim13    0x0000000020000178       0x4c ./Core/Src/main.o
                0x0000000020000178                htim13
 .bss.huart3    0x00000000200001c4       0x88 ./Core/Src/main.o
                0x00000000200001c4                huart3
 .bss.hpcd_USB_OTG_FS
                0x000000002000024c      0x508 ./Core/Src/main.o
                0x000000002000024c                hpcd_USB_OTG_FS
 .bss.defaultTaskHandle
                0x0000000020000754        0x4 ./Core/Src/main.o
                0x0000000020000754                defaultTaskHandle
 .bss.BlinkyTaskHandle
                0x0000000020000758        0x4 ./Core/Src/main.o
                0x0000000020000758                BlinkyTaskHandle
 .bss.adcReadValueTHandle
                0x000000002000075c        0x4 ./Core/Src/main.o
                0x000000002000075c                adcReadValueTHandle
 .bss.adcReadValueTBuffer
                0x0000000020000760      0x200 ./Core/Src/main.o
                0x0000000020000760                adcReadValueTBuffer
 .bss.adcReadValueTControlBlock
                0x0000000020000960       0xc0 ./Core/Src/main.o
                0x0000000020000960                adcReadValueTControlBlock
 .bss.readTempTHandle
                0x0000000020000a20        0x4 ./Core/Src/main.o
                0x0000000020000a20                readTempTHandle
 .bss.myTask04Buffer
                0x0000000020000a24      0x200 ./Core/Src/main.o
                0x0000000020000a24                myTask04Buffer
 .bss.myTask04ControlBlock
                0x0000000020000c24       0xc0 ./Core/Src/main.o
                0x0000000020000c24                myTask04ControlBlock
 .bss.pwmLedBrightnesHandle
                0x0000000020000ce4        0x4 ./Core/Src/main.o
                0x0000000020000ce4                pwmLedBrightnesHandle
 .bss.pwmLedBrightnesBuffer
                0x0000000020000ce8      0x200 ./Core/Src/main.o
                0x0000000020000ce8                pwmLedBrightnesBuffer
 .bss.pwmLedBrightnesControlBlock
                0x0000000020000ee8       0xc0 ./Core/Src/main.o
                0x0000000020000ee8                pwmLedBrightnesControlBlock
 .bss.usartDebugPrintHandle
                0x0000000020000fa8        0x4 ./Core/Src/main.o
                0x0000000020000fa8                usartDebugPrintHandle
 .bss.usartDebugPrintBuffer
                0x0000000020000fac      0x200 ./Core/Src/main.o
                0x0000000020000fac                usartDebugPrintBuffer
 .bss.usartDebugPrintControlBlock
                0x00000000200011ac       0xc0 ./Core/Src/main.o
                0x00000000200011ac                usartDebugPrintControlBlock
 .bss.checkISRStateTHandle
                0x000000002000126c        0x4 ./Core/Src/main.o
                0x000000002000126c                checkISRStateTHandle
 .bss.checkISRStateTBuffer
                0x0000000020001270      0x400 ./Core/Src/main.o
                0x0000000020001270                checkISRStateTBuffer
 .bss.checkISRStateTControlBlock
                0x0000000020001670       0xc0 ./Core/Src/main.o
                0x0000000020001670                checkISRStateTControlBlock
 .bss.msg_QueueHandle
                0x0000000020001730        0x4 ./Core/Src/main.o
                0x0000000020001730                msg_QueueHandle
 .bss.msg_QueueBuffer
                0x0000000020001734      0xca0 ./Core/Src/main.o
                0x0000000020001734                msg_QueueBuffer
 .bss.msg_QueueControlBlock
                0x00000000200023d4       0x50 ./Core/Src/main.o
                0x00000000200023d4                msg_QueueControlBlock
 .bss.ISREventHandle
                0x0000000020002424        0x4 ./Core/Src/main.o
                0x0000000020002424                ISREventHandle
 .bss.ISREventControlBlock
                0x0000000020002428       0x20 ./Core/Src/main.o
                0x0000000020002428                ISREventControlBlock
 .bss.ulHighFrequencyTimerTicks
                0x0000000020002448        0x4 ./Core/Src/main.o
                0x0000000020002448                ulHighFrequencyTimerTicks
 .bss.myTaskLedBlink
                0x000000002000244c        0x4 ./Core/Src/main.o
                0x000000002000244c                myTaskLedBlink
 .bss.EventGroup1
                0x0000000020002450        0x4 ./Core/Src/main.o
                0x0000000020002450                EventGroup1
 .bss.htim8     0x0000000020002454       0x4c ./Core/Src/stm32f7xx_hal_timebase_tim.o
                0x0000000020002454                htim8
 .bss.uiInEventGroupSetBitsFromISR
                0x00000000200024a0        0x4 ./Core/Tracelizer/trcKernelPort.o
                0x00000000200024a0                uiInEventGroupSetBitsFromISR
 .bss.isPendingContextSwitch
                0x00000000200024a4        0x4 ./Core/Tracelizer/trcSnapshotRecorder.o
                0x00000000200024a4                isPendingContextSwitch
 .bss.uiTraceTickCount
                0x00000000200024a8        0x4 ./Core/Tracelizer/trcSnapshotRecorder.o
                0x00000000200024a8                uiTraceTickCount
 .bss.trace_disable_timestamp
                0x00000000200024ac        0x4 ./Core/Tracelizer/trcSnapshotRecorder.o
                0x00000000200024ac                trace_disable_timestamp
 .bss.last_timestamp
                0x00000000200024b0        0x4 ./Core/Tracelizer/trcSnapshotRecorder.o
 .bss.recorder_busy
                0x00000000200024b4        0x4 ./Core/Tracelizer/trcSnapshotRecorder.o
                0x00000000200024b4                recorder_busy
 .bss.timestampFrequency
                0x00000000200024b8        0x4 ./Core/Tracelizer/trcSnapshotRecorder.o
                0x00000000200024b8                timestampFrequency
 .bss.traceErrorMessage
                0x00000000200024bc        0x4 ./Core/Tracelizer/trcSnapshotRecorder.o
                0x00000000200024bc                traceErrorMessage
 .bss.handle_of_last_logged_task
                0x00000000200024c0        0x1 ./Core/Tracelizer/trcSnapshotRecorder.o
                0x00000000200024c0                handle_of_last_logged_task
 *fill*         0x00000000200024c1        0x3 
 .bss.vTraceStopHookPtr
                0x00000000200024c4        0x4 ./Core/Tracelizer/trcSnapshotRecorder.o
                0x00000000200024c4                vTraceStopHookPtr
 .bss.heapMemUsage
                0x00000000200024c8        0x4 ./Core/Tracelizer/trcSnapshotRecorder.o
 .bss.objectHandleStacks
                0x00000000200024cc       0x8e ./Core/Tracelizer/trcSnapshotRecorder.o
                0x00000000200024cc                objectHandleStacks
 *fill*         0x000000002000255a        0x2 
 .bss.init_hwtc_count
                0x000000002000255c        0x4 ./Core/Tracelizer/trcSnapshotRecorder.o
                0x000000002000255c                init_hwtc_count
 .bss.RecorderData
                0x0000000020002560     0x8678 ./Core/Tracelizer/trcSnapshotRecorder.o
                0x0000000020002560                RecorderData
 .bss.RecorderDataPtr
                0x000000002000abd8        0x4 ./Core/Tracelizer/trcSnapshotRecorder.o
                0x000000002000abd8                RecorderDataPtr
 .bss.indexOfHandle.4
                0x000000002000abdc        0x4 ./Core/Tracelizer/trcSnapshotRecorder.o
 .bss.idx.3     0x000000002000abe0        0x2 ./Core/Tracelizer/trcSnapshotRecorder.o
 *fill*         0x000000002000abe2        0x2 
 .bss.old_timestamp.2
                0x000000002000abe4        0x4 ./Core/Tracelizer/trcSnapshotRecorder.o
 .bss.last_traceTickCount.1
                0x000000002000abe8        0x4 ./Core/Tracelizer/trcSnapshotRecorder.o
 .bss.last_hwtc_count.0
                0x000000002000abec        0x4 ./Core/Tracelizer/trcSnapshotRecorder.o
 .bss.uwTick    0x000000002000abf0        0x4 ./Drivers/STM32F7xx_HAL_Driver/Src/stm32f7xx_hal.o
                0x000000002000abf0                uwTick
 .bss.KernelState
                0x000000002000abf4        0x4 ./Middlewares/Third_Party/FreeRTOS/Source/CMSIS_RTOS_V2/cmsis_os2.o
 .bss.Idle_TCB  0x000000002000abf8       0xc0 ./Middlewares/Third_Party/FreeRTOS/Source/CMSIS_RTOS_V2/cmsis_os2.o
 .bss.Idle_Stack
                0x000000002000acb8      0x200 ./Middlewares/Third_Party/FreeRTOS/Source/CMSIS_RTOS_V2/cmsis_os2.o
 .bss.Timer_TCB
                0x000000002000aeb8       0xc0 ./Middlewares/Third_Party/FreeRTOS/Source/CMSIS_RTOS_V2/cmsis_os2.o
 .bss.Timer_Stack
                0x000000002000af78      0x400 ./Middlewares/Third_Party/FreeRTOS/Source/CMSIS_RTOS_V2/cmsis_os2.o
 .bss.xQueueRegistry
                0x000000002000b378       0x40 ./Middlewares/Third_Party/FreeRTOS/Source/queue.o
                0x000000002000b378                xQueueRegistry
 .bss.pxCurrentTCB
                0x000000002000b3b8        0x4 ./Middlewares/Third_Party/FreeRTOS/Source/tasks.o
                0x000000002000b3b8                pxCurrentTCB
 .bss.pxReadyTasksLists
                0x000000002000b3bc      0x460 ./Middlewares/Third_Party/FreeRTOS/Source/tasks.o
 .bss.xDelayedTaskList1
                0x000000002000b81c       0x14 ./Middlewares/Third_Party/FreeRTOS/Source/tasks.o
 .bss.xDelayedTaskList2
                0x000000002000b830       0x14 ./Middlewares/Third_Party/FreeRTOS/Source/tasks.o
 .bss.pxDelayedTaskList
                0x000000002000b844        0x4 ./Middlewares/Third_Party/FreeRTOS/Source/tasks.o
 .bss.pxOverflowDelayedTaskList
                0x000000002000b848        0x4 ./Middlewares/Third_Party/FreeRTOS/Source/tasks.o
 .bss.xPendingReadyList
                0x000000002000b84c       0x14 ./Middlewares/Third_Party/FreeRTOS/Source/tasks.o
 .bss.xTasksWaitingTermination
                0x000000002000b860       0x14 ./Middlewares/Third_Party/FreeRTOS/Source/tasks.o
 .bss.uxDeletedTasksWaitingCleanUp
                0x000000002000b874        0x4 ./Middlewares/Third_Party/FreeRTOS/Source/tasks.o
 .bss.xSuspendedTaskList
                0x000000002000b878       0x14 ./Middlewares/Third_Party/FreeRTOS/Source/tasks.o
 .bss.uxCurrentNumberOfTasks
                0x000000002000b88c        0x4 ./Middlewares/Third_Party/FreeRTOS/Source/tasks.o
 .bss.xTickCount
                0x000000002000b890        0x4 ./Middlewares/Third_Party/FreeRTOS/Source/tasks.o
 .bss.uxTopReadyPriority
                0x000000002000b894        0x4 ./Middlewares/Third_Party/FreeRTOS/Source/tasks.o
 .bss.xSchedulerRunning
                0x000000002000b898        0x4 ./Middlewares/Third_Party/FreeRTOS/Source/tasks.o
 .bss.uxPendedTicks
                0x000000002000b89c        0x4 ./Middlewares/Third_Party/FreeRTOS/Source/tasks.o
 .bss.xYieldPending
                0x000000002000b8a0        0x4 ./Middlewares/Third_Party/FreeRTOS/Source/tasks.o
 .bss.xNumOfOverflows
                0x000000002000b8a4        0x4 ./Middlewares/Third_Party/FreeRTOS/Source/tasks.o
 .bss.uxTaskNumber