Archive member included to satisfy reference by file (symbol)

c:/st/stm32cubeide_1.12.0/stm32cubeide/plugins/com.st.stm32cube.ide.mcu.externaltools.gnu-tools-for-stm32.10.3-2021.10.win32_1.0.200.202301161003/tools/bin/../lib/gcc/arm-none-eabi/10.3.1/../../../../arm-none-eabi/lib/thumb/v7e-m+dp/hard\libc_nano.a(lib_a-errno.o)
                              ./Core/Src/syscalls.o (__errno)
c:/st/stm32cubeide_1.12.0/stm32cubeide/plugins/com.st.stm32cube.ide.mcu.externaltools.gnu-tools-for-stm32.10.3-2021.10.win32_1.0.200.202301161003/tools/bin/../lib/gcc/arm-none-eabi/10.3.1/../../../../arm-none-eabi/lib/thumb/v7e-m+dp/hard\libc_nano.a(lib_a-exit.o)
                              c:/st/stm32cubeide_1.12.0/stm32cubeide/plugins/com.st.stm32cube.ide.mcu.externaltools.gnu-tools-for-stm32.10.3-2021.10.win32_1.0.200.202301161003/tools/bin/../lib/gcc/arm-none-eabi/10.3.1/../../../../arm-none-eabi/lib/thumb/v7e-m+dp/hard/crt0.o (exit)
c:/st/stm32cubeide_1.12.0/stm32cubeide/plugins/com.st.stm32cube.ide.mcu.externaltools.gnu-tools-for-stm32.10.3-2021.10.win32_1.0.200.202301161003/tools/bin/../lib/gcc/arm-none-eabi/10.3.1/../../../../arm-none-eabi/lib/thumb/v7e-m+dp/hard\libc_nano.a(lib_a-findfp.o)
                              ./Middlewares/Third_Party/FreeRTOS/Source/tasks.o (__sf_fake_stderr)
c:/st/stm32cubeide_1.12.0/stm32cubeide/plugins/com.st.stm32cube.ide.mcu.externaltools.gnu-tools-for-stm32.10.3-2021.10.win32_1.0.200.202301161003/tools/bin/../lib/gcc/arm-none-eabi/10.3.1/../../../../arm-none-eabi/lib/thumb/v7e-m+dp/hard\libc_nano.a(lib_a-fwalk.o)
                              c:/st/stm32cubeide_1.12.0/stm32cubeide/plugins/com.st.stm32cube.ide.mcu.externaltools.gnu-tools-for-stm32.10.3-2021.10.win32_1.0.200.202301161003/tools/bin/../lib/gcc/arm-none-eabi/10.3.1/../../../../arm-none-eabi/lib/thumb/v7e-m+dp/hard\libc_nano.a(lib_a-findfp.o) (_fwalk)
c:/st/stm32cubeide_1.12.0/stm32cubeide/plugins/com.st.stm32cube.ide.mcu.externaltools.gnu-tools-for-stm32.10.3-2021.10.win32_1.0.200.202301161003/tools/bin/../lib/gcc/arm-none-eabi/10.3.1/../../../../arm-none-eabi/lib/thumb/v7e-m+dp/hard\libc_nano.a(lib_a-impure.o)
                              c:/st/stm32cubeide_1.12.0/stm32cubeide/plugins/com.st.stm32cube.ide.mcu.externaltools.gnu-tools-for-stm32.10.3-2021.10.win32_1.0.200.202301161003/tools/bin/../lib/gcc/arm-none-eabi/10.3.1/../../../../arm-none-eabi/lib/thumb/v7e-m+dp/hard\libc_nano.a(lib_a-exit.o) (_global_impure_ptr)
c:/st/stm32cubeide_1.12.0/stm32cubeide/plugins/com.st.stm32cube.ide.mcu.externaltools.gnu-tools-for-stm32.10.3-2021.10.win32_1.0.200.202301161003/tools/bin/../lib/gcc/arm-none-eabi/10.3.1/../../../../arm-none-eabi/lib/thumb/v7e-m+dp/hard\libc_nano.a(lib_a-init.o)
                              c:/st/stm32cubeide_1.12.0/stm32cubeide/plugins/com.st.stm32cube.ide.mcu.externaltools.gnu-tools-for-stm32.10.3-2021.10.win32_1.0.200.202301161003/tools/bin/../lib/gcc/arm-none-eabi/10.3.1/../../../../arm-none-eabi/lib/thumb/v7e-m+dp/hard/crt0.o (__libc_init_array)
c:/st/stm32cubeide_1.12.0/stm32cubeide/plugins/com.st.stm32cube.ide.mcu.externaltools.gnu-tools-for-stm32.10.3-2021.10.win32_1.0.200.202301161003/tools/bin/../lib/gcc/arm-none-eabi/10.3.1/../../../../arm-none-eabi/lib/thumb/v7e-m+dp/hard\libc_nano.a(lib_a-itoa.o)
                              ./Core/Src/main.o (itoa)
c:/st/stm32cubeide_1.12.0/stm32cubeide/plugins/com.st.stm32cube.ide.mcu.externaltools.gnu-tools-for-stm32.10.3-2021.10.win32_1.0.200.202301161003/tools/bin/../lib/gcc/arm-none-eabi/10.3.1/../../../../arm-none-eabi/lib/thumb/v7e-m+dp/hard\libc_nano.a(lib_a-lock.o)
                              c:/st/stm32cubeide_1.12.0/stm32cubeide/plugins/com.st.stm32cube.ide.mcu.externaltools.gnu-tools-for-stm32.10.3-2021.10.win32_1.0.200.202301161003/tools/bin/../lib/gcc/arm-none-eabi/10.3.1/../../../../arm-none-eabi/lib/thumb/v7e-m+dp/hard\libc_nano.a(lib_a-findfp.o) (__retarget_lock_init_recursive)
c:/st/stm32cubeide_1.12.0/stm32cubeide/plugins/com.st.stm32cube.ide.mcu.externaltools.gnu-tools-for-stm32.10.3-2021.10.win32_1.0.200.202301161003/tools/bin/../lib/gcc/arm-none-eabi/10.3.1/../../../../arm-none-eabi/lib/thumb/v7e-m+dp/hard\libc_nano.a(lib_a-memcpy-stub.o)
                              ./Core/Tracelizer/trcSnapshotRecorder.o (memcpy)
c:/st/stm32cubeide_1.12.0/stm32cubeide/plugins/com.st.stm32cube.ide.mcu.externaltools.gnu-tools-for-stm32.10.3-2021.10.win32_1.0.200.202301161003/tools/bin/../lib/gcc/arm-none-eabi/10.3.1/../../../../arm-none-eabi/lib/thumb/v7e-m+dp/hard\libc_nano.a(lib_a-memset.o)
                              c:/st/stm32cubeide_1.12.0/stm32cubeide/plugins/com.st.stm32cube.ide.mcu.externaltools.gnu-tools-for-stm32.10.3-2021.10.win32_1.0.200.202301161003/tools/bin/../lib/gcc/arm-none-eabi/10.3.1/../../../../arm-none-eabi/lib/thumb/v7e-m+dp/hard/crt0.o (memset)
[...]
Memory Configuration

Name             Origin             Length             Attributes
RAM              0x0000000020000000 0x0000000000080000 xrw
FLASH            0x0000000008000000 0x0000000000200000 xr
*default*        0x0000000000000000 0xffffffffffffffff

Linker script and memory map

LOAD c:/st/stm32cubeide_1.12.0/stm32cubeide/plugins/com.st.stm32cube.ide.mcu.externaltools.gnu-tools-for-stm32.10.3-2021.10.win32_1.0.200.202301161003/tools/bin/../lib/gcc/arm-none-eabi/10.3.1/thumb/v7e-m+dp/hard/crti.o
LOAD c:/st/stm32cubeide_1.12.0/stm32cubeide/plugins/com.st.stm32cube.ide.mcu.externaltools.gnu-tools-for-stm32.10.3-2021.10.win32_1.0.200.202301161003/tools/bin/../lib/gcc/arm-none-eabi/10.3.1/thumb/v7e-m+dp/hard/crtbegin.o
LOAD c:/st/stm32cubeide_1.12.0/stm32cubeide/plugins/com.st.stm32cube.ide.mcu.externaltools.gnu-tools-for-stm32.10.3-2021.10.win32_1.0.200.202301161003/tools/bin/../lib/gcc/arm-none-eabi/10.3.1/../../../../arm-none-eabi/lib/thumb/v7e-m+dp/hard/crt0.o
LOAD ./Core/Src/freertos.o
LOAD ./Core/Src/main.o
LOAD ./Core/Src/stm32f7xx_hal_msp.o
LOAD ./Core/Src/stm32f7xx_hal_timebase_tim.o
LOAD ./Core/Src/stm32f7xx_it.o
LOAD ./Core/Src/syscalls.o
LOAD ./Core/Src/sysmem.o
LOAD ./Core/Src/system_stm32f7xx.o
LOAD ./Core/Startup/startup_stm32f767zitx.o
LOAD ./Core/Tracelizer/trcKernelPort.o
LOAD ./Core/Tracelizer/trcSnapshotRecorder.o
LOAD ./Core/Tracelizer/trcStreamingRecorder.o
LOAD ./Drivers/STM32F7xx_HAL_Driver/Src/stm32f7xx_hal.o
LOAD ./Drivers/STM32F7xx_HAL_Driver/Src/stm32f7xx_hal_adc.o
LOAD ./Drivers/STM32F7xx_HAL_Driver/Src/stm32f7xx_hal_adc_ex.o
LOAD ./Drivers/STM32F7xx_HAL_Driver/Src/stm32f7xx_hal_cortex.o
LOAD ./Drivers/STM32F7xx_HAL_Driver/Src/stm32f7xx_hal_dma.o
LOAD ./Drivers/STM32F7xx_HAL_Driver/Src/stm32f7xx_hal_dma_ex.o
LOAD ./Drivers/STM32F7xx_HAL_Driver/Src/stm32f7xx_hal_exti.o
LOAD ./Drivers/STM32F7xx_HAL_Driver/Src/stm32f7xx_hal_flash.o
LOAD ./Drivers/STM32F7xx_HAL_Driver/Src/stm32f7xx_hal_flash_ex.o
LOAD ./Drivers/STM32F7xx_HAL_Driver/Src/stm32f7xx_hal_gpio.o
LOAD ./Drivers/STM32F7xx_HAL_Driver/Src/stm32f7xx_hal_i2c.o
LOAD ./Drivers/STM32F7xx_HAL_Driver/Src/stm32f7xx_hal_i2c_ex.o
LOAD ./Drivers/STM32F7xx_HAL_Driver/Src/stm32f7xx_hal_pcd.o
LOAD ./Drivers/STM32F7xx_HAL_Driver/Src/stm32f7xx_hal_pcd_ex.o
LOAD ./Drivers/STM32F7xx_HAL_Driver/Src/stm32f7xx_hal_pwr.o
LOAD ./Drivers/STM32F7xx_HAL_Driver/Src/stm32f7xx_hal_pwr_ex.o
LOAD ./Drivers/STM32F7xx_HAL_Driver/Src/stm32f7xx_hal_rcc.o
LOAD ./Drivers/STM32F7xx_HAL_Driver/Src/stm32f7xx_hal_rcc_ex.o
LOAD ./Drivers/STM32F7xx_HAL_Driver/Src/stm32f7xx_hal_tim.o
LOAD ./Drivers/STM32F7xx_HAL_Driver/Src/stm32f7xx_hal_tim_ex.o
LOAD ./Drivers/STM32F7xx_HAL_Driver/Src/stm32f7xx_hal_uart.o
LOAD ./Drivers/STM32F7xx_HAL_Driver/Src/stm32f7xx_hal_uart_ex.o
LOAD ./Drivers/STM32F7xx_HAL_Driver/Src/stm32f7xx_ll_usb.o
LOAD ./Middlewares/Third_Party/FreeRTOS/Source/CMSIS_RTOS_V2/cmsis_os2.o
LOAD ./Middlewares/Third_Party/FreeRTOS/Source/croutine.o
LOAD ./Middlewares/Third_Party/FreeRTOS/Source/event_groups.o
LOAD ./Middlewares/Third_Party/FreeRTOS/Source/list.o
LOAD ./Middlewares/Third_Party/FreeRTOS/Source/queue.o
LOAD ./Middlewares/Third_Party/FreeRTOS/Source/stream_buffer.o
LOAD ./Middlewares/Third_Party/FreeRTOS/Source/tasks.o
LOAD ./Middlewares/Third_Party/FreeRTOS/Source/timers.o
LOAD ./Middlewares/Third_Party/FreeRTOS/Source/portable/GCC/ARM_CM7/r0p1/port.o
LOAD ./Middlewares/Third_Party/FreeRTOS/Source/portable/MemMang/heap_4.o
START GROUP
LOAD c:/st/stm32cubeide_1.12.0/stm32cubeide/plugins/com.st.stm32cube.ide.mcu.externaltools.gnu-tools-for-stm32.10.3-2021.10.win32_1.0.200.202301161003/tools/bin/../lib/gcc/arm-none-eabi/10.3.1/../../../../arm-none-eabi/lib/thumb/v7e-m+dp/hard\libc_nano.a
LOAD c:/st/stm32cubeide_1.12.0/stm32cubeide/plugins/com.st.stm32cube.ide.mcu.externaltools.gnu-tools-for-stm32.10.3-2021.10.win32_1.0.200.202301161003/tools/bin/../lib/gcc/arm-none-eabi/10.3.1/../../../../arm-none-eabi/lib/thumb/v7e-m+dp/hard\libm.a
END GROUP
START GROUP
LOAD c:/st/stm32cubeide_1.12.0/stm32cubeide/plugins/com.st.stm32cube.ide.mcu.externaltools.gnu-tools-for-stm32.10.3-2021.10.win32_1.0.200.202301161003/tools/bin/../lib/gcc/arm-none-eabi/10.3.1/thumb/v7e-m+dp/hard\libgcc.a
LOAD c:/st/stm32cubeide_1.12.0/stm32cubeide/plugins/com.st.stm32cube.ide.mcu.externaltools.gnu-tools-for-stm32.10.3-2021.10.win32_1.0.200.202301161003/tools/bin/../lib/gcc/arm-none-eabi/10.3.1/../../../../arm-none-eabi/lib/thumb/v7e-m+dp/hard\libc_nano.a
END GROUP
START GROUP
LOAD c:/st/stm32cubeide_1.12.0/stm32cubeide/plugins/com.st.stm32cube.ide.mcu.externaltools.gnu-tools-for-stm32.10.3-2021.10.win32_1.0.200.202301161003/tools/bin/../lib/gcc/arm-none-eabi/10.3.1/thumb/v7e-m+dp/hard\libgcc.a
LOAD c:/st/stm32cubeide_1.12.0/stm32cubeide/plugins/com.st.stm32cube.ide.mcu.externaltools.gnu-tools-for-stm32.10.3-2021.10.win32_1.0.200.202301161003/tools/bin/../lib/gcc/arm-none-eabi/10.3.1/../../../../arm-none-eabi/lib/thumb/v7e-m+dp/hard\libc_nano.a
LOAD c:/st/stm32cubeide_1.12.0/stm32cubeide/plugins/com.st.stm32cube.ide.mcu.externaltools.gnu-tools-for-stm32.10.3-2021.10.win32_1.0.200.202301161003/tools/bin/../lib/gcc/arm-none-eabi/10.3.1/../../../../arm-none-eabi/lib/thumb/v7e-m+dp/hard\libnosys.a
END GROUP
START GROUP
LOAD c:/st/stm32cubeide_1.12.0/stm32cubeide/plugins/com.st.stm32cube.ide.mcu.externaltools.gnu-tools-for-stm32.10.3-2021.10.win32_1.0.200.202301161003/tools/bin/../lib/gcc/arm-none-eabi/10.3.1/thumb/v7e-m+dp/hard\libgcc.a
LOAD c:/st/stm32cubeide_1.12.0/stm32cubeide/plugins/com.st.stm32cube.ide.mcu.externaltools.gnu-tools-for-stm32.10.3-2021.10.win32_1.0.200.202301161003/tools/bin/../lib/gcc/arm-none-eabi/10.3.1/../../../../arm-none-eabi/lib/thumb/v7e-m+dp/hard\libc_nano.a
LOAD c:/st/stm32cubeide_1.12.0/stm32cubeide/plugins/com.st.stm32cube.ide.mcu.externaltools.gnu-tools-for-stm32.10.3-2021.10.win32_1.0.200.202301161003/tools/bin/../lib/gcc/arm-none-eabi/10.3.1/../../../../arm-none-eabi/lib/thumb/v7e-m+dp/hard\libnosys.a
END GROUP
LOAD c:/st/stm32cubeide_1.12.0/stm32cubeide/plugins/com.st.stm32cube.ide.mcu.externaltools.gnu-tools-for-stm32.10.3-2021.10.win32_1.0.200.202301161003/tools/bin/../lib/gcc/arm-none-eabi/10.3.1/thumb/v7e-m+dp/hard/crtend.o
LOAD c:/st/stm32cubeide_1.12.0/stm32cubeide/plugins/com.st.stm32cube.ide.mcu.externaltools.gnu-tools-for-stm32.10.3-2021.10.win32_1.0.200.202301161003/tools/bin/../lib/gcc/arm-none-eabi/10.3.1/thumb/v7e-m+dp/hard/crtn.o
                0x0000000020080000                _estack = (ORIGIN (RAM) + LENGTH (RAM))
                0x0000000000000200                _Min_Heap_Size = 0x200
                0x0000000000000400                _Min_Stack_Size = 0x400

.isr_vector     0x0000000008000000      0x1f8
                0x0000000008000000                . = ALIGN (0x4)
 *(.isr_vector)
 .isr_vector    0x0000000008000000      0x1f8 ./Core/Startup/startup_stm32f767zitx.o
                0x0000000008000000                g_pfnVectors
                0x00000000080001f8                . = ALIGN (0x4)

.text           0x0000000008000200     0xb288
                0x0000000008000200                . = ALIGN (0x4)
 *(.text)
 .text          0x0000000008000200       0x40 c:/st/stm32cubeide_1.12.0/stm32cubeide/plugins/com.st.stm32cube.ide.mcu.externaltools.gnu-tools-for-stm32.10.3-2021.10.win32_1.0.200.202301161003/tools/bin/../lib/gcc/arm-none-eabi/10.3.1/thumb/v7e-m+dp/hard/crtbegin.o
 .text          0x0000000008000240       0x10 c:/st/stm32cubeide_1.12.0/stm32cubeide/plugins/com.st.stm32cube.ide.mcu.externaltools.gnu-tools-for-stm32.10.3-2021.10.win32_1.0.200.202301161003/tools/bin/../lib/gcc/arm-none-eabi/10.3.1/../../../../arm-none-eabi/lib/thumb/v7e-m+dp/hard\libc_nano.a(lib_a-strlen.o)
                0x0000000008000240                strlen
 .text          0x0000000008000250       0x30 c:/st/stm32cubeide_1.12.0/stm32cubeide/plugins/com.st.stm32cube.ide.mcu.externaltools.gnu-tools-for-stm32.10.3-2021.10.win32_1.0.200.202301161003/tools/bin/../lib/gcc/arm-none-eabi/10.3.1/thumb/v7e-m+dp/hard\libgcc.a(_aeabi_uldivmod.o)
                0x0000000008000250                __aeabi_uldivmod
 .text          0x0000000008000280      0x2d0 c:/st/stm32cubeide_1.12.0/stm32cubeide/plugins/com.st.stm32cube.ide.mcu.externaltools.gnu-tools-for-stm32.10.3-2021.10.win32_1.0.200.202301161003/tools/bin/../lib/gcc/arm-none-eabi/10.3.1/thumb/v7e-m+dp/hard\libgcc.a(_udivmoddi4.o)
                0x0000000008000280                __udivmoddi4
 .text          0x0000000008000550        0x4 c:/st/stm32cubeide_1.12.0/stm32cubeide/plugins/com.st.stm32cube.ide.mcu.externaltools.gnu-tools-for-stm32.10.3-2021.10.win32_1.0.200.202301161003/tools/bin/../lib/gcc/arm-none-eabi/10.3.1/thumb/v7e-m+dp/hard\libgcc.a(_dvmd_tls.o)
                0x0000000008000550                __aeabi_idiv0
                0x0000000008000550                __aeabi_ldiv0
 *(.text*)
 .text.main     0x0000000008000554      0x17c ./Core/Src/main.o
                0x0000000008000554                main
 .text.SystemClock_Config
                0x00000000080006d0       0xe0 ./Core/Src/main.o
                0x00000000080006d0                SystemClock_Config
 .text.MX_ADC1_Init
                0x00000000080007b0       0xa8 ./Core/Src/main.o
 .text.MX_ADC2_Init
                0x0000000008000858       0xa4 ./Core/Src/main.o
 .text.MX_TIM10_Init
                0x00000000080008fc       0x48 ./Core/Src/main.o
 .text.MX_TIM13_Init
                0x0000000008000944       0x9c ./Core/Src/main.o
 .text.MX_USART3_UART_Init
                0x00000000080009e0       0x60 ./Core/Src/main.o
 .text.MX_USB_OTG_FS_PCD_Init
                0x0000000008000a40       0x5c ./Core/Src/main.o
 .text.MX_GPIO_Init
                0x0000000008000a9c      0x154 ./Core/Src/main.o
 .text.configureTimerForRunTimeStats
                0x0000000008000bf0       0x1c ./Core/Src/main.o
                0x0000000008000bf0                configureTimerForRunTimeStats
 .text.getRunTimeCounterValue
                0x0000000008000c0c       0x18 ./Core/Src/main.o
                0x0000000008000c0c                getRunTimeCounterValue
 .text.HAL_GPIO_EXTI_Callback
                0x0000000008000c24       0x38 ./Core/Src/main.o
                0x0000000008000c24                HAL_GPIO_EXTI_Callback
 .text.getTemperature
                0x0000000008000c5c       0x28 ./Core/Src/main.o
 .text.printUsartMessage
                0x0000000008000c84       0x28 ./Core/Src/main.o
 .text.StartDefaultTask
                0x0000000008000cac       0x10 ./Core/Src/main.o
                0x0000000008000cac                StartDefaultTask
 .text.ledBlinkBlue
                0x0000000008000cbc       0x1c ./Core/Src/main.o
                0x0000000008000cbc                ledBlinkBlue
 .text.StartBlinkyTask
                0x0000000008000cd8       0x20 ./Core/Src/main.o
                0x0000000008000cd8                StartBlinkyTask
 .text.adcReadValueTask
                0x0000000008000cf8       0x40 ./Core/Src/main.o
                0x0000000008000cf8                adcReadValueTask
 .text.readTempTask
                0x0000000008000d38       0xa8 ./Core/Src/main.o
                0x0000000008000d38                readTempTask
 .text.pwmLedBrightnessTask
                0x0000000008000de0       0x8c ./Core/Src/main.o
                0x0000000008000de0                pwmLedBrightnessTask
 .text.usartDebugPrintTask
                0x0000000008000e6c       0x30 ./Core/Src/main.o
                0x0000000008000e6c                usartDebugPrintTask
 .text.checkISRStateTask
                0x0000000008000e9c       0xcc ./Core/Src/main.o
                0x0000000008000e9c                checkISRStateTask
 .text.HAL_TIM_PeriodElapsedCallback
                0x0000000008000f68       0x24 ./Core/Src/main.o
                0x0000000008000f68                HAL_TIM_PeriodElapsedCallback
 .text.Error_Handler
                0x0000000008000f8c        0xa ./Core/Src/main.o
                0x0000000008000f8c                Error_Handler
 *fill*         0x0000000008000f96        0x2 
 .text.HAL_MspInit
                0x0000000008000f98       0x50 ./Core/Src/stm32f7xx_hal_msp.o
                0x0000000008000f98                HAL_MspInit
 .text.HAL_ADC_MspInit
                0x0000000008000fe8       0xdc ./Core/Src/stm32f7xx_hal_msp.o
                0x0000000008000fe8                HAL_ADC_MspInit
 .text.HAL_TIM_Base_MspInit
                0x00000000080010c4       0x84 ./Core/Src/stm32f7xx_hal_msp.o
                0x00000000080010c4                HAL_TIM_Base_MspInit
 .text.HAL_TIM_MspPostInit
                0x0000000008001148       0x70 ./Core/Src/stm32f7xx_hal_msp.o
                0x0000000008001148                HAL_TIM_MspPostInit
 .text.HAL_UART_MspInit
                0x00000000080011b8       0xc0 ./Core/Src/stm32f7xx_hal_msp.o
                0x00000000080011b8                HAL_UART_MspInit
 .text.HAL_PCD_MspInit
                0x0000000008001278       0xf4 ./Core/Src/stm32f7xx_hal_msp.o
                0x0000000008001278                HAL_PCD_MspInit
 .text.HAL_InitTick
                0x000000000800136c       0xe4 ./Core/Src/stm32f7xx_hal_timebase_tim.o
                0x000000000800136c                HAL_InitTick
 .text.NMI_Handler
                0x0000000008001450        0x6 ./Core/Src/stm32f7xx_it.o
                0x0000000008001450                NMI_Handler
 .text.HardFault_Handler
                0x0000000008001456        0x6 ./Core/Src/stm32f7xx_it.o
                0x0000000008001456                HardFault_Handler
 .text.MemManage_Handler
                0x000000000800145c        0x6 ./Core/Src/stm32f7xx_it.o
                0x000000000800145c                MemManage_Handler
 .text.BusFault_Handler
                0x0000000008001462        0x6 ./Core/Src/stm32f7xx_it.o
                0x0000000008001462                BusFault_Handler
 .text.UsageFault_Handler
                0x0000000008001468        0x6 ./Core/Src/stm32f7xx_it.o
                0x0000000008001468                UsageFault_Handler
 .text.DebugMon_Handler
                0x000000000800146e        0xe ./Core/Src/stm32f7xx_it.o
                0x000000000800146e                DebugMon_Handler
 .text.TIM1_UP_TIM10_IRQHandler
                0x000000000800147c       0x20 ./Core/Src/stm32f7xx_it.o
                0x000000000800147c                TIM1_UP_TIM10_IRQHandler
 .text.EXTI15_10_IRQHandler
                0x000000000800149c       0x10 ./Core/Src/stm32f7xx_it.o
                0x000000000800149c                EXTI15_10_IRQHandler
 .text.TIM8_UP_TIM13_IRQHandler
                0x00000000080014ac       0x1c ./Core/Src/stm32f7xx_it.o
                0x00000000080014ac                TIM8_UP_TIM13_IRQHandler
 .text.SystemInit
                0x00000000080014c8       0x24 ./Core/Src/system_stm32f7xx.o
                0x00000000080014c8                SystemInit
 .text.Reset_Handler
                0x00000000080014ec       0x50 ./Core/Startup/startup_stm32f767zitx.o
                0x00000000080014ec                Reset_Handler
 .text.Default_Handler
                0x000000000800153c        0x2 ./Core/Startup/startup_stm32f767zitx.o
                0x000000000800153c                RTC_Alarm_IRQHandler
                0x000000000800153c                EXTI2_IRQHandler
                0x000000000800153c                TIM8_CC_IRQHandler
                0x000000000800153c                UART8_IRQHandler
                0x000000000800153c                SPI4_IRQHandler
                0x000000000800153c                TIM1_CC_IRQHandler
                0x000000000800153c                DMA2_Stream5_IRQHandler
                0x000000000800153c                JPEG_IRQHandler
                0x000000000800153c                DMA1_Stream5_IRQHandler
                0x000000000800153c                CAN3_RX1_IRQHandler
                0x000000000800153c                PVD_IRQHandler
                0x000000000800153c                TAMP_STAMP_IRQHandler
                0x000000000800153c                CAN2_RX1_IRQHandler
                0x000000000800153c                EXTI3_IRQHandler
                0x000000000800153c                TIM8_TRG_COM_TIM14_IRQHandler
                0x000000000800153c                DFSDM1_FLT1_IRQHandler
                0x000000000800153c                I2C3_ER_IRQHandler
                0x000000000800153c                DFSDM1_FLT2_IRQHandler
                0x000000000800153c                EXTI0_IRQHandler
                0x000000000800153c                I2C2_EV_IRQHandler
                0x000000000800153c                DMA1_Stream2_IRQHandler
                0x000000000800153c                CAN1_RX0_IRQHandler
                0x000000000800153c                FPU_IRQHandler
                0x000000000800153c                OTG_HS_WKUP_IRQHandler
                0x000000000800153c                CAN3_SCE_IRQHandler
                0x000000000800153c                LTDC_ER_IRQHandler
                0x000000000800153c                CAN2_SCE_IRQHandler
                0x000000000800153c                DMA2_Stream2_IRQHandler
                0x000000000800153c                SPI1_IRQHandler
                0x000000000800153c                TIM6_DAC_IRQHandler
                0x000000000800153c                TIM1_BRK_TIM9_IRQHandler
                0x000000000800153c                DCMI_IRQHandler
                0x000000000800153c                CAN2_RX0_IRQHandler
                0x000000000800153c                DMA2_Stream3_IRQHandler
                0x000000000800153c                SAI2_IRQHandler
                0x000000000800153c                DFSDM1_FLT3_IRQHandler
                0x000000000800153c                USART6_IRQHandler
                0x000000000800153c                CAN3_RX0_IRQHandler
                0x000000000800153c                USART3_IRQHandler
                0x000000000800153c                CAN1_RX1_IRQHandler
                0x000000000800153c                UART5_IRQHandler
                0x000000000800153c                DMA2_Stream0_IRQHandler
                0x000000000800153c                TIM4_IRQHandler
                0x000000000800153c                QUADSPI_IRQHandler
                0x000000000800153c                I2C1_EV_IRQHandler
                0x000000000800153c                DMA1_Stream6_IRQHandler
                0x000000000800153c                DMA1_Stream1_IRQHandler
                0x000000000800153c                UART4_IRQHandler
                0x000000000800153c                TIM3_IRQHandler
                0x000000000800153c                RCC_IRQHandler
                0x000000000800153c                TIM8_BRK_TIM12_IRQHandler
                0x000000000800153c                Default_Handler
                0x000000000800153c                CEC_IRQHandler
                0x000000000800153c                ADC_IRQHandler
                0x000000000800153c                DMA1_Stream7_IRQHandler
                0x000000000800153c                SPI5_IRQHandler
                0x000000000800153c                TIM7_IRQHandler
                0x000000000800153c                SDMMC1_IRQHandler
                0x000000000800153c                CAN2_TX_IRQHandler
                0x000000000800153c                TIM5_IRQHandler
                0x000000000800153c                DMA2_Stream7_IRQHandler
                0x000000000800153c                I2C3_EV_IRQHandler
                0x000000000800153c                EXTI9_5_IRQHandler
                0x000000000800153c                RTC_WKUP_IRQHandler
                0x000000000800153c                LTDC_IRQHandler
                0x000000000800153c                ETH_WKUP_IRQHandler
                0x000000000800153c                SPDIF_RX_IRQHandler
                0x000000000800153c                SPI2_IRQHandler
                0x000000000800153c                OTG_HS_EP1_IN_IRQHandler
                0x000000000800153c                DMA1_Stream0_IRQHandler
                0x000000000800153c                CAN1_TX_IRQHandler
                0x000000000800153c                EXTI4_IRQHandler
                0x000000000800153c                RNG_IRQHandler
                0x000000000800153c                ETH_IRQHandler
                0x000000000800153c                OTG_HS_EP1_OUT_IRQHandler
                0x000000000800153c                WWDG_IRQHandler
                0x000000000800153c                SPI6_IRQHandler
                0x000000000800153c                MDIOS_IRQHandler
                0x000000000800153c                I2C4_EV_IRQHandler
                0x000000000800153c                CAN3_TX_IRQHandler
                0x000000000800153c                TIM2_IRQHandler
                0x000000000800153c                OTG_FS_WKUP_IRQHandler
                0x000000000800153c                TIM1_TRG_COM_TIM11_IRQHandler
                0x000000000800153c                OTG_HS_IRQHandler
                0x000000000800153c                DMA2D_IRQHandler
                0x000000000800153c                EXTI1_IRQHandler
                0x000000000800153c                SDMMC2_IRQHandler
                0x000000000800153c                UART7_IRQHandler
                0x000000000800153c                USART2_IRQHandler
                0x000000000800153c                DFSDM1_FLT0_IRQHandler
                0x000000000800153c                I2C2_ER_IRQHandler
                0x000000000800153c                DMA2_Stream1_IRQHandler
                0x000000000800153c                CAN1_SCE_IRQHandler
                0x000000000800153c                FLASH_IRQHandler
                0x000000000800153c                DMA2_Stream4_IRQHandler
                0x000000000800153c                USART1_IRQHandler
                0x000000000800153c                OTG_FS_IRQHandler
                0x000000000800153c                SPI3_IRQHandler
                0x000000000800153c                DMA1_Stream4_IRQHandler
                0x000000000800153c                I2C1_ER_IRQHandler
                0x000000000800153c                FMC_IRQHandler
                0x000000000800153c                LPTIM1_IRQHandler
                0x000000000800153c                I2C4_ER_IRQHandler
                0x000000000800153c                DMA2_Stream6_IRQHandler
                0x000000000800153c                SAI1_IRQHandler
                0x000000000800153c                DMA1_Stream3_IRQHandler
 .text.prvTraceGetQueueNumber
                0x000000000800153e       0x18 ./Core/Tracelizer/trcKernelPort.o
                0x000000000800153e                prvTraceGetQueueNumber
 .text.prvTraceGetQueueType
                0x0000000008001556       0x18 ./Core/Tracelizer/trcKernelPort.o
                0x0000000008001556                prvTraceGetQueueType
 .text.prvTraceGetTaskNumberLow16
                0x000000000800156e       0x1a ./Core/Tracelizer/trcKernelPort.o
                0x000000000800156e                prvTraceGetTaskNumberLow16
 .text.prvTraceGetTaskNumberHigh16
                0x0000000008001588       0x1c ./Core/Tracelizer/trcKernelPort.o
                0x0000000008001588                prvTraceGetTaskNumberHigh16
 .text.prvTraceSetTaskNumberLow16
                0x00000000080015a4       0x30 ./Core/Tracelizer/trcKernelPort.o
                0x00000000080015a4                prvTraceSetTaskNumberLow16
 .text.prvTraceSetTaskNumberHigh16
                0x00000000080015d4       0x2c ./Core/Tracelizer/trcKernelPort.o
                0x00000000080015d4                prvTraceSetTaskNumberHigh16
 .text.prvTraceGetQueueNumberLow16
                0x0000000008001600       0x1a ./Core/Tracelizer/trcKernelPort.o
                0x0000000008001600                prvTraceGetQueueNumberLow16
 .text.prvTraceGetQueueNumberHigh16
                0x000000000800161a       0x1c ./Core/Tracelizer/trcKernelPort.o
                0x000000000800161a                prvTraceGetQueueNumberHigh16
 *fill*         0x0000000008001636        0x2 
 .text.prvTraceSetQueueNumberLow16
                0x0000000008001638       0x30 ./Core/Tracelizer/trcKernelPort.o
                0x0000000008001638                prvTraceSetQueueNumberLow16
 .text.prvTraceSetQueueNumberHigh16
                0x0000000008001668       0x2c ./Core/Tracelizer/trcKernelPort.o
                0x0000000008001668                prvTraceSetQueueNumberHigh16
 .text.prvTraceGetCurrentTaskHandle
                0x0000000008001694        0xe ./Core/Tracelizer/trcKernelPort.o
                0x0000000008001694                prvTraceGetCurrentTaskHandle
 *fill*         0x00000000080016a2        0x2 
 .text.vTraceInitObjectPropertyTable
                0x00000000080016a4      0x19c ./Core/Tracelizer/trcKernelPort.o
                0x00000000080016a4                vTraceInitObjectPropertyTable
 .text.vTraceInitObjectHandleStack
                0x0000000008001840       0xc8 ./Core/Tracelizer/trcKernelPort.o
                0x0000000008001840                vTraceInitObjectHandleStack
 .text.pszTraceGetErrorNotEnoughHandles
                0x0000000008001908       0x98 ./Core/Tracelizer/trcKernelPort.o
                0x0000000008001908                pszTraceGetErrorNotEnoughHandles
 .text.vTraceEnable
                0x00000000080019a0       0x44 ./Core/Tracelizer/trcSnapshotRecorder.o
                0x00000000080019a0                vTraceEnable
 .text.uiTraceStart
                0x00000000080019e4       0xe0 ./Core/Tracelizer/trcSnapshotRecorder.o
                0x00000000080019e4                uiTraceStart
 .text.vTraceStart
                0x0000000008001ac4        0xc ./Core/Tracelizer/trcSnapshotRecorder.o
                0x0000000008001ac4                vTraceStart
 .text.vTraceStop
                0x0000000008001ad0       0x30 ./Core/Tracelizer/trcSnapshotRecorder.o
                0x0000000008001ad0                vTraceStop
 .text.vTraceStoreMemMangEvent
                0x0000000008001b00      0x11c ./Core/Tracelizer/trcSnapshotRecorder.o
                0x0000000008001b00                vTraceStoreMemMangEvent
 .text.prvTraceStoreKernelCall
                0x0000000008001c1c       0xfc ./Core/Tracelizer/trcSnapshotRecorder.o
                0x0000000008001c1c                prvTraceStoreKernelCall
 .text.prvTraceStoreKernelCallWithParam
                0x0000000008001d18      0x114 ./Core/Tracelizer/trcSnapshotRecorder.o
                0x0000000008001d18                prvTraceStoreKernelCallWithParam
 .text.prvTraceGetParam
                0x0000000008001e2c       0x78 ./Core/Tracelizer/trcSnapshotRecorder.o
 .text.prvTraceStoreKernelCallWithNumericParamOnly
                0x0000000008001ea4       0xcc ./Core/Tracelizer/trcSnapshotRecorder.o
                0x0000000008001ea4                prvTraceStoreKernelCallWithNumericParamOnly
 .text.prvTraceStoreTaskswitch
                0x0000000008001f70       0xe4 ./Core/Tracelizer/trcSnapshotRecorder.o
                0x0000000008001f70                prvTraceStoreTaskswitch
 .text.prvTraceSetPriorityProperty
                0x0000000008002054       0x78 ./Core/Tracelizer/trcSnapshotRecorder.o
                0x0000000008002054                prvTraceSetPriorityProperty
 .text.prvTraceGetPriorityProperty
                0x00000000080020cc       0x7c ./Core/Tracelizer/trcSnapshotRecorder.o
                0x00000000080020cc                prvTraceGetPriorityProperty
 .text.prvTraceSetObjectState
                0x0000000008002148       0x78 ./Core/Tracelizer/trcSnapshotRecorder.o
                0x0000000008002148                prvTraceSetObjectState
 .text.prvTraceGetObjectState
                0x00000000080021c0       0x78 ./Core/Tracelizer/trcSnapshotRecorder.o
 .text.prvTraceSetTaskInstanceFinished
                0x0000000008002238       0x54 ./Core/Tracelizer/trcSnapshotRecorder.o
                0x0000000008002238                prvTraceSetTaskInstanceFinished
 .text.prvTraceInitTraceData
                0x000000000800228c      0x22c ./Core/Tracelizer/trcSnapshotRecorder.o
 .text.prvTraceNextFreeEventBufferSlot
                0x00000000080024b8       0x48 ./Core/Tracelizer/trcSnapshotRecorder.o
 .text.uiIndexOfObject
                0x0000000008002500       0xb0 ./Core/Tracelizer/trcSnapshotRecorder.o
                0x0000000008002500                uiIndexOfObject
 .text.prvTraceGetObjectHandle
                0x00000000080025b0      0x15c ./Core/Tracelizer/trcSnapshotRecorder.o
                0x00000000080025b0                prvTraceGetObjectHandle
 .text.prvMarkObjectAsUsed
                0x000000000800270c       0x3c ./Core/Tracelizer/trcSnapshotRecorder.o
                0x000000000800270c                prvMarkObjectAsUsed
 .text.prvStrncpy
                0x0000000008002748       0x4c ./Core/Tracelizer/trcSnapshotRecorder.o
 .text.prvTraceSetObjectName
                0x0000000008002794       0xbc ./Core/Tracelizer/trcSnapshotRecorder.o
                0x0000000008002794                prvTraceSetObjectName
 .text.prvTraceError
                0x0000000008002850       0x58 ./Core/Tracelizer/trcSnapshotRecorder.o
                0x0000000008002850                prvTraceError
 .text.prvCheckDataToBeOverwrittenForMultiEntryEvents
                0x00000000080028a8      0x114 ./Core/Tracelizer/trcSnapshotRecorder.o
 .text.prvTraceUpdateCounters
                0x00000000080029bc       0x50 ./Core/Tracelizer/trcSnapshotRecorder.o
 .text.prvTraceGetDTS
                0x0000000008002a0c      0x1b0 ./Core/Tracelizer/trcSnapshotRecorder.o
 .text.prvTraceInitCortexM
                0x0000000008002bbc       0x70 ./Core/Tracelizer/trcSnapshotRecorder.o
                0x0000000008002bbc                prvTraceInitCortexM
 .text.prvTracePortGetTimeStamp
                0x0000000008002c2c       0x94 ./Core/Tracelizer/trcSnapshotRecorder.o
                0x0000000008002c2c                prvTracePortGetTimeStamp
 .text.HAL_Init
                0x0000000008002cc0       0x1a ./Drivers/STM32F7xx_HAL_Driver/Src/stm32f7xx_hal.o
                0x0000000008002cc0                HAL_Init
 *fill*         0x0000000008002cda        0x2 
 .text.HAL_IncTick
                0x0000000008002cdc       0x28 ./Drivers/STM32F7xx_HAL_Driver/Src/stm32f7xx_hal.o
                0x0000000008002cdc                HAL_IncTick
 .text.HAL_GetTick
                0x0000000008002d04       0x18 ./Drivers/STM32F7xx_HAL_Driver/Src/stm32f7xx_hal.o
                0x0000000008002d04                HAL_GetTick
 .text.HAL_Delay
                0x0000000008002d1c       0x48 ./Drivers/STM32F7xx_HAL_Driver/Src/stm32f7xx_hal.o
                0x0000000008002d1c                HAL_Delay
 .text.HAL_ADC_Init
                0x0000000008002d64       0x88 ./Drivers/STM32F7xx_HAL_Driver/Src/stm32f7xx_hal_adc.o
                0x0000000008002d64                HAL_ADC_Init
 .text.HAL_ADC_Start
                0x0000000008002dec      0x19c ./Drivers/STM32F7xx_HAL_Driver/Src/stm32f7xx_hal_adc.o
                0x0000000008002dec                HAL_ADC_Start
 .text.HAL_ADC_GetValue
                0x0000000008002f88       0x1a ./Drivers/STM32F7xx_HAL_Driver/Src/stm32f7xx_hal_adc.o
                0x0000000008002f88                HAL_ADC_GetValue
 *fill*         0x0000000008002fa2        0x2 
 .text.HAL_ADC_ConfigChannel
                0x0000000008002fa4      0x2ac ./Drivers/STM32F7xx_HAL_Driver/Src/stm32f7xx_hal_adc.o
                0x0000000008002fa4                HAL_ADC_ConfigChannel
 .text.ADC_Init
                0x0000000008003250      0x1f4 ./Drivers/STM32F7xx_HAL_Driver/Src/stm32f7xx_hal_adc.o
 .text.__NVIC_SetPriorityGrouping
                0x0000000008003444       0x48 ./Drivers/STM32F7xx_HAL_Driver/Src/stm32f7xx_hal_cortex.o
 .text.__NVIC_GetPriorityGrouping
                0x000000000800348c       0x1c ./Drivers/STM32F7xx_HAL_Driver/Src/stm32f7xx_hal_cortex.o
 .text.__NVIC_EnableIRQ
                0x00000000080034a8       0x3c ./Drivers/STM32F7xx_HAL_Driver/Src/stm32f7xx_hal_cortex.o
 .text.__NVIC_SetPriority
                0x00000000080034e4       0x54 ./Drivers/STM32F7xx_HAL_Driver/Src/stm32f7xx_hal_cortex.o
 .text.NVIC_EncodePriority
                0x0000000008003538       0x66 ./Drivers/STM32F7xx_HAL_Driver/Src/stm32f7xx_hal_cortex.o
 .text.HAL_NVIC_SetPriorityGrouping
                0x000000000800359e       0x16 ./Drivers/STM32F7xx_HAL_Driver/Src/stm32f7xx_hal_cortex.o
                0x000000000800359e                HAL_NVIC_SetPriorityGrouping
 .text.HAL_NVIC_SetPriority
                0x00000000080035b4       0x38 ./Drivers/STM32F7xx_HAL_Driver/Src/stm32f7xx_hal_cortex.o
                0x00000000080035b4                HAL_NVIC_SetPriority
 .text.HAL_NVIC_EnableIRQ
                0x00000000080035ec       0x1c ./Drivers/STM32F7xx_HAL_Driver/Src/stm32f7xx_hal_cortex.o
                0x00000000080035ec                HAL_NVIC_EnableIRQ
 .text.HAL_GPIO_Init
                0x0000000008003608      0x358 ./Drivers/STM32F7xx_HAL_Driver/Src/stm32f7xx_hal_gpio.o
                0x0000000008003608                HAL_GPIO_Init
 .text.HAL_GPIO_ReadPin
                0x0000000008003960       0x30 ./Drivers/STM32F7xx_HAL_Driver/Src/stm32f7xx_hal_gpio.o
                0x0000000008003960                HAL_GPIO_ReadPin
 .text.HAL_GPIO_WritePin
                0x0000000008003990       0x32 ./Drivers/STM32F7xx_HAL_Driver/Src/stm32f7xx_hal_gpio.o
                0x0000000008003990                HAL_GPIO_WritePin
 .text.HAL_GPIO_TogglePin
                0x00000000080039c2       0x34 ./Drivers/STM32F7xx_HAL_Driver/Src/stm32f7xx_hal_gpio.o
                0x00000000080039c2                HAL_GPIO_TogglePin
 *fill*         0x00000000080039f6        0x2 
 .text.HAL_GPIO_EXTI_IRQHandler
                0x00000000080039f8       0x30 ./Drivers/STM32F7xx_HAL_Driver/Src/stm32f7xx_hal_gpio.o
                0x00000000080039f8                HAL_GPIO_EXTI_IRQHandler
 .text.HAL_PCD_Init
                0x0000000008003a28      0x248 ./Drivers/STM32F7xx_HAL_Driver/Src/stm32f7xx_hal_pcd.o
                0x0000000008003a28                HAL_PCD_Init
 .text.HAL_PCDEx_ActivateLPM
                0x0000000008003c70       0x48 ./Drivers/STM32F7xx_HAL_Driver/Src/stm32f7xx_hal_pcd_ex.o
                0x0000000008003c70                HAL_PCDEx_ActivateLPM
 .text.HAL_PWR_EnableBkUpAccess
                0x0000000008003cb8       0x20 ./Drivers/STM32F7xx_HAL_Driver/Src/stm32f7xx_hal_pwr.o
                0x0000000008003cb8                HAL_PWR_EnableBkUpAccess
 .text.HAL_RCC_OscConfig
                0x0000000008003cd8      0x55c ./Drivers/STM32F7xx_HAL_Driver/Src/stm32f7xx_hal_rcc.o
                0x0000000008003cd8                HAL_RCC_OscConfig
 .text.HAL_RCC_ClockConfig
                0x0000000008004234      0x1d8 ./Drivers/STM32F7xx_HAL_Driver/Src/stm32f7xx_hal_rcc.o
                0x0000000008004234                HAL_RCC_ClockConfig
 .text.HAL_RCC_GetSysClockFreq
                0x000000000800440c      0x18c ./Drivers/STM32F7xx_HAL_Driver/Src/stm32f7xx_hal_rcc.o
                0x000000000800440c                HAL_RCC_GetSysClockFreq
 .text.HAL_RCC_GetHCLKFreq
                0x0000000008004598       0x18 ./Drivers/STM32F7xx_HAL_Driver/Src/stm32f7xx_hal_rcc.o
                0x0000000008004598                HAL_RCC_GetHCLKFreq
 .text.HAL_RCC_GetPCLK1Freq
                0x00000000080045b0       0x28 ./Drivers/STM32F7xx_HAL_Driver/Src/stm32f7xx_hal_rcc.o
                0x00000000080045b0                HAL_RCC_GetPCLK1Freq
 .text.HAL_RCC_GetPCLK2Freq
                0x00000000080045d8       0x28 ./Drivers/STM32F7xx_HAL_Driver/Src/stm32f7xx_hal_rcc.o
                0x00000000080045d8                HAL_RCC_GetPCLK2Freq
 .text.HAL_RCC_GetClockConfig
                0x0000000008004600       0x64 ./Drivers/STM32F7xx_HAL_Driver/Src/stm32f7xx_hal_rcc.o
                0x0000000008004600                HAL_RCC_GetClockConfig
 .text.HAL_RCCEx_PeriphCLKConfig
                0x0000000008004664      0x850 ./Drivers/STM32F7xx_HAL_Driver/Src/stm32f7xx_hal_rcc_ex.o
                0x0000000008004664                HAL_RCCEx_PeriphCLKConfig
 .text.HAL_TIM_Base_Init
                0x0000000008004eb4       0xae ./Drivers/STM32F7xx_HAL_Driver/Src/stm32f7xx_hal_tim.o
                0x0000000008004eb4                HAL_TIM_Base_Init
 *fill*         0x0000000008004f62        0x2 
 .text.HAL_TIM_Base_Start_IT
                0x0000000008004f64       0xf0 ./Drivers/STM32F7xx_HAL_Driver/Src/stm32f7xx_hal_tim.o
                0x0000000008004f64                HAL_TIM_Base_Start_IT
 .text.HAL_TIM_PWM_Init
                0x0000000008005054       0xae ./Drivers/STM32F7xx_HAL_Driver/Src/stm32f7xx_hal_tim.o
                0x0000000008005054                HAL_TIM_PWM_Init
 .text.HAL_TIM_PWM_MspInit
                0x0000000008005102       0x14 ./Drivers/STM32F7xx_HAL_Driver/Src/stm32f7xx_hal_tim.o
                0x0000000008005102                HAL_TIM_PWM_MspInit
 *fill*         0x0000000008005116        0x2 
 .text.HAL_TIM_PWM_Start
                0x0000000008005118      0x1f4 ./Drivers/STM32F7xx_HAL_Driver/Src/stm32f7xx_hal_tim.o
                0x0000000008005118                HAL_TIM_PWM_Start
 .text.HAL_TIM_IRQHandler
                0x000000000800530c      0x23e ./Drivers/STM32F7xx_HAL_Driver/Src/stm32f7xx_hal_tim.o
                0x000000000800530c                HAL_TIM_IRQHandler
 *fill*         0x000000000800554a        0x2 
 .text.HAL_TIM_PWM_ConfigChannel
                0x000000000800554c      0x228 ./Drivers/STM32F7xx_HAL_Driver/Src/stm32f7xx_hal_tim.o
                0x000000000800554c                HAL_TIM_PWM_ConfigChannel
 .text.HAL_TIM_OC_DelayElapsedCallback
                0x0000000008005774       0x14 ./Drivers/STM32F7xx_HAL_Driver/Src/stm32f7xx_hal_tim.o
                0x0000000008005774                HAL_TIM_OC_DelayElapsedCallback
 .text.HAL_TIM_IC_CaptureCallback
                0x0000000008005788       0x14 ./Drivers/STM32F7xx_HAL_Driver/Src/stm32f7xx_hal_tim.o
                0x0000000008005788                HAL_TIM_IC_CaptureCallback
 .text.HAL_TIM_PWM_PulseFinishedCallback
                0x000000000800579c       0x14 ./Drivers/STM32F7xx_HAL_Driver/Src/stm32f7xx_hal_tim.o
                0x000000000800579c                HAL_TIM_PWM_PulseFinishedCallback
 .text.HAL_TIM_TriggerCallback
                0x00000000080057b0       0x14 ./Drivers/STM32F7xx_HAL_Driver/Src/stm32f7xx_hal_tim.o
                0x00000000080057b0                HAL_TIM_TriggerCallback
 .text.TIM_Base_SetConfig
                0x00000000080057c4      0x140 ./Drivers/STM32F7xx_HAL_Driver/Src/stm32f7xx_hal_tim.o
                0x00000000080057c4                TIM_Base_SetConfig
 .text.TIM_OC1_SetConfig
                0x0000000008005904       0xe4 ./Drivers/STM32F7xx_HAL_Driver/Src/stm32f7xx_hal_tim.o
 .text.TIM_OC2_SetConfig
                0x00000000080059e8       0xf0 ./Drivers/STM32F7xx_HAL_Driver/Src/stm32f7xx_hal_tim.o
                0x00000000080059e8                TIM_OC2_SetConfig
 .text.TIM_OC3_SetConfig
                0x0000000008005ad8       0xec ./Drivers/STM32F7xx_HAL_Driver/Src/stm32f7xx_hal_tim.o
 .text.TIM_OC4_SetConfig
                0x0000000008005bc4       0xb0 ./Drivers/STM32F7xx_HAL_Driver/Src/stm32f7xx_hal_tim.o
 .text.TIM_OC5_SetConfig
                0x0000000008005c74       0xa4 ./Drivers/STM32F7xx_HAL_Driver/Src/stm32f7xx_hal_tim.o
 .text.TIM_OC6_SetConfig
                0x0000000008005d18       0xa8 ./Drivers/STM32F7xx_HAL_Driver/Src/stm32f7xx_hal_tim.o
 .text.TIM_CCxChannelCmd
                0x0000000008005dc0       0x4a ./Drivers/STM32F7xx_HAL_Driver/Src/stm32f7xx_hal_tim.o
                0x0000000008005dc0                TIM_CCxChannelCmd
 .text.HAL_TIMEx_CommutCallback
                0x0000000008005e0a       0x14 ./Drivers/STM32F7xx_HAL_Driver/Src/stm32f7xx_hal_tim_ex.o
                0x0000000008005e0a                HAL_TIMEx_CommutCallback
 .text.HAL_TIMEx_BreakCallback
                0x0000000008005e1e       0x14 ./Drivers/STM32F7xx_HAL_Driver/Src/stm32f7xx_hal_tim_ex.o
                0x0000000008005e1e                HAL_TIMEx_BreakCallback
 .text.HAL_TIMEx_Break2Callback
                0x0000000008005e32       0x14 ./Drivers/STM32F7xx_HAL_Driver/Src/stm32f7xx_hal_tim_ex.o
                0x0000000008005e32                HAL_TIMEx_Break2Callback
 .text.HAL_UART_Init
                0x0000000008005e46       0x9c ./Drivers/STM32F7xx_HAL_Driver/Src/stm32f7xx_hal_uart.o
                0x0000000008005e46                HAL_UART_Init
 .text.HAL_UART_Transmit
                0x0000000008005ee2      0x106 ./Drivers/STM32F7xx_HAL_Driver/Src/stm32f7xx_hal_uart.o
                0x0000000008005ee2                HAL_UART_Transmit
 .text.UART_SetConfig
                0x0000000008005fe8      0x4c8 ./Drivers/STM32F7xx_HAL_Driver/Src/stm32f7xx_hal_uart.o
                0x0000000008005fe8                UART_SetConfig
 .text.UART_AdvFeatureConfig
                0x00000000080064b0      0x144 ./Drivers/STM32F7xx_HAL_Driver/Src/stm32f7xx_hal_uart.o
                0x00000000080064b0                UART_AdvFeatureConfig
 .text.UART_CheckIdleState
                0x00000000080065f4       0x9a ./Drivers/STM32F7xx_HAL_Driver/Src/stm32f7xx_hal_uart.o
                0x00000000080065f4                UART_CheckIdleState
 .text.UART_WaitOnFlagUntilTimeout
                0x000000000800668e      0x18c ./Drivers/STM32F7xx_HAL_Driver/Src/stm32f7xx_hal_uart.o
                0x000000000800668e                UART_WaitOnFlagUntilTimeout
 *fill*         0x000000000800681a        0x2 
 .text.USB_CoreInit
                0x000000000800681c       0xb0 ./Drivers/STM32F7xx_HAL_Driver/Src/stm32f7xx_ll_usb.o
                0x000000000800681c                USB_CoreInit
 .text.USB_DisableGlobalInt
                0x00000000080068cc       0x22 ./Drivers/STM32F7xx_HAL_Driver/Src/stm32f7xx_ll_usb.o
                0x00000000080068cc                USB_DisableGlobalInt
 .text.USB_SetCurrentMode
                0x00000000080068ee       0x98 ./Drivers/STM32F7xx_HAL_Driver/Src/stm32f7xx_ll_usb.o
                0x00000000080068ee                USB_SetCurrentMode
 *fill*         0x0000000008006986        0x2 
 .text.USB_DevInit
                0x0000000008006988      0x2bc ./Drivers/STM32F7xx_HAL_Driver/Src/stm32f7xx_ll_usb.o
                0x0000000008006988                USB_DevInit
 .text.USB_FlushTxFifo
                0x0000000008006c44       0x68 ./Drivers/STM32F7xx_HAL_Driver/Src/stm32f7xx_ll_usb.o
                0x0000000008006c44                USB_FlushTxFifo
 .text.USB_FlushRxFifo
                0x0000000008006cac       0x60 ./Drivers/STM32F7xx_HAL_Driver/Src/stm32f7xx_ll_usb.o
                0x0000000008006cac                USB_FlushRxFifo
 .text.USB_SetDevSpeed
                0x0000000008006d0c       0x32 ./Drivers/STM32F7xx_HAL_Driver/Src/stm32f7xx_ll_usb.o
                0x0000000008006d0c                USB_SetDevSpeed
 .text.USB_DevDisconnect
                0x0000000008006d3e       0x42 ./Drivers/STM32F7xx_HAL_Driver/Src/stm32f7xx_ll_usb.o
                0x0000000008006d3e                USB_DevDisconnect
 .text.USB_GetMode
                0x0000000008006d80       0x1c ./Drivers/STM32F7xx_HAL_Driver/Src/stm32f7xx_ll_usb.o
                0x0000000008006d80                USB_GetMode
 .text.USB_CoreReset
                0x0000000008006d9c       0x68 ./Drivers/STM32F7xx_HAL_Driver/Src/stm32f7xx_ll_usb.o
 .text.SVC_Setup
                0x0000000008006e04        0xe ./Middlewares/Third_Party/FreeRTOS/Source/CMSIS_RTOS_V2/cmsis_os2.o
 *fill*         0x0000000008006e12        0x2 
 .text.osKernelInitialize
                0x0000000008006e14       0x68 ./Middlewares/Third_Party/FreeRTOS/Source/CMSIS_RTOS_V2/cmsis_os2.o
                0x0000000008006e14                osKernelInitialize
 .text.osKernelStart
                0x0000000008006e7c       0x6c ./Middlewares/Third_Party/FreeRTOS/Source/CMSIS_RTOS_V2/cmsis_os2.o
                0x0000000008006e7c                osKernelStart
 .text.osThreadNew
                0x0000000008006ee8      0x14c ./Middlewares/Third_Party/FreeRTOS/Source/CMSIS_RTOS_V2/cmsis_os2.o
                0x0000000008006ee8                osThreadNew
 .text.osDelay  0x0000000008007034       0x5c ./Middlewares/Third_Party/FreeRTOS/Source/CMSIS_RTOS_V2/cmsis_os2.o
                0x0000000008007034                osDelay
 .text.osEventFlagsNew
                0x0000000008007090       0xa4 ./Middlewares/Third_Party/FreeRTOS/Source/CMSIS_RTOS_V2/cmsis_os2.o
                0x0000000008007090                osEventFlagsNew
 .text.osEventFlagsSet
                0x0000000008007134       0xb0 ./Middlewares/Third_Party/FreeRTOS/Source/CMSIS_RTOS_V2/cmsis_os2.o
                0x0000000008007134                osEventFlagsSet
 .text.osEventFlagsWait
                0x00000000080071e4       0xec ./Middlewares/Third_Party/FreeRTOS/Source/CMSIS_RTOS_V2/cmsis_os2.o
                0x00000000080071e4                osEventFlagsWait
 .text.osMessageQueueNew
                0x00000000080072d0      0x10c ./Middlewares/Third_Party/FreeRTOS/Source/CMSIS_RTOS_V2/cmsis_os2.o
                0x00000000080072d0                osMessageQueueNew
 .text.osMessageQueuePut
                0x00000000080073dc       0xe8 ./Middlewares/Third_Party/FreeRTOS/Source/CMSIS_RTOS_V2/cmsis_os2.o
                0x00000000080073dc                osMessageQueuePut
 .text.osMessageQueueGet
                0x00000000080074c4       0xe4 ./Middlewares/Third_Party/FreeRTOS/Source/CMSIS_RTOS_V2/cmsis_os2.o
                0x00000000080074c4                osMessageQueueGet
 .text.vApplicationGetIdleTaskMemory
                0x00000000080075a8       0x34 ./Middlewares/Third_Party/FreeRTOS/Source/CMSIS_RTOS_V2/cmsis_os2.o
                0x00000000080075a8                vApplicationGetIdleTaskMemory
 .text.vApplicationGetTimerTaskMemory
                0x00000000080075dc       0x34 ./Middlewares/Third_Party/FreeRTOS/Source/CMSIS_RTOS_V2/cmsis_os2.o
                0x00000000080075dc                vApplicationGetTimerTaskMemory
 .text.xEventGroupCreateStatic
                0x0000000008007610       0x76 ./Middlewares/Third_Party/FreeRTOS/Source/event_groups.o
                0x0000000008007610                xEventGroupCreateStatic
 .text.xEventGroupCreate
                0x0000000008007686       0x34 ./Middlewares/Third_Party/FreeRTOS/Source/event_groups.o
                0x0000000008007686                xEventGroupCreate
 *fill*         0x00000000080076ba        0x2 
 .text.xEventGroupWaitBits
                0x00000000080076bc      0x1ac ./Middlewares/Third_Party/FreeRTOS/Source/event_groups.o
                0x00000000080076bc                xEventGroupWaitBits
 .text.xEventGroupSetBits
                0x0000000008007868      0x11e ./Middlewares/Third_Party/FreeRTOS/Source/event_groups.o
                0x0000000008007868                xEventGroupSetBits
 .text.vEventGroupSetBitsCallback
                0x0000000008007986       0x1a ./Middlewares/Third_Party/FreeRTOS/Source/event_groups.o
                0x0000000008007986                vEventGroupSetBitsCallback
 .text.prvTestWaitCondition
                0x00000000080079a0       0x44 ./Middlewares/Third_Party/FreeRTOS/Source/event_groups.o
 .text.xEventGroupSetBitsFromISR
                0x00000000080079e4       0x28 ./Middlewares/Third_Party/FreeRTOS/Source/event_groups.o
                0x00000000080079e4                xEventGroupSetBitsFromISR
 .text.vListInitialise
                0x0000000008007a0c       0x40 ./Middlewares/Third_Party/FreeRTOS/Source/list.o
                0x0000000008007a0c                vListInitialise
 .text.vListInitialiseItem
                0x0000000008007a4c       0x1a ./Middlewares/Third_Party/FreeRTOS/Source/list.o
                0x0000000008007a4c                vListInitialiseItem
 .text.vListInsertEnd
                0x0000000008007a66       0x48 ./Middlewares/Third_Party/FreeRTOS/Source/list.o
                0x0000000008007a66                vListInsertEnd
 .text.vListInsert
                0x0000000008007aae       0x72 ./Middlewares/Third_Party/FreeRTOS/Source/list.o
                0x0000000008007aae                vListInsert
 .text.uxListRemove
                0x0000000008007b20       0x54 ./Middlewares/Third_Party/FreeRTOS/Source/list.o
                0x0000000008007b20                uxListRemove
 .text.xQueueGenericReset
                0x0000000008007b74       0xd4 ./Middlewares/Third_Party/FreeRTOS/Source/queue.o
                0x0000000008007b74                xQueueGenericReset
 .text.xQueueGenericCreateStatic
                0x0000000008007c48      0x140 ./Middlewares/Third_Party/FreeRTOS/Source/queue.o
                0x0000000008007c48                xQueueGenericCreateStatic
 .text.xQueueGenericCreate
                0x0000000008007d88       0xbc ./Middlewares/Third_Party/FreeRTOS/Source/queue.o
                0x0000000008007d88                xQueueGenericCreate
 .text.prvInitialiseNewQueue
                0x0000000008007e44      0x128 ./Middlewares/Third_Party/FreeRTOS/Source/queue.o
 .text.xQueueGenericSend
                0x0000000008007f6c      0x42c ./Middlewares/Third_Party/FreeRTOS/Source/queue.o
                0x0000000008007f6c                xQueueGenericSend
 .text.xQueueGenericSendFromISR
                0x0000000008008398      0x220 ./Middlewares/Third_Party/FreeRTOS/Source/queue.o
                0x0000000008008398                xQueueGenericSendFromISR
 .text.xQueueReceive
                0x00000000080085b8      0x414 ./Middlewares/Third_Party/FreeRTOS/Source/queue.o
                0x00000000080085b8                xQueueReceive
 .text.xQueueReceiveFromISR
                0x00000000080089cc      0x1d8 ./Middlewares/Third_Party/FreeRTOS/Source/queue.o
                0x00000000080089cc                xQueueReceiveFromISR
 .text.uxQueueGetQueueNumber
                0x0000000008008ba4       0x18 ./Middlewares/Third_Party/FreeRTOS/Source/queue.o
                0x0000000008008ba4                uxQueueGetQueueNumber
 .text.vQueueSetQueueNumber
                0x0000000008008bbc       0x1c ./Middlewares/Third_Party/FreeRTOS/Source/queue.o
                0x0000000008008bbc                vQueueSetQueueNumber
 .text.ucQueueGetQueueType
                0x0000000008008bd8       0x1a ./Middlewares/Third_Party/FreeRTOS/Source/queue.o
                0x0000000008008bd8                ucQueueGetQueueType
 .text.prvCopyDataToQueue
                0x0000000008008bf2       0xd4 ./Middlewares/Third_Party/FreeRTOS/Source/queue.o
 .text.prvCopyDataFromQueue
                0x0000000008008cc6       0x4c ./Middlewares/Third_Party/FreeRTOS/Source/queue.o
 .text.prvUnlockQueue
                0x0000000008008d12       0xa4 ./Middlewares/Third_Party/FreeRTOS/Source/queue.o
 .text.prvIsQueueEmpty
                0x0000000008008db6       0x2c ./Middlewares/Third_Party/FreeRTOS/Source/queue.o
 .text.prvIsQueueFull
                0x0000000008008de2       0x30 ./Middlewares/Third_Party/FreeRTOS/Source/queue.o
 *fill*         0x0000000008008e12        0x2 
 .text.vQueueAddToRegistry
                0x0000000008008e14       0x74 ./Middlewares/Third_Party/FreeRTOS/Source/queue.o
                0x0000000008008e14                vQueueAddToRegistry
 .text.vQueueWaitForMessageRestricted
                0x0000000008008e88       0x68 ./Middlewares/Third_Party/FreeRTOS/Source/queue.o
                0x0000000008008e88                vQueueWaitForMessageRestricted
 .text.xTaskCreateStatic
                0x0000000008008ef0       0xc6 ./Middlewares/Third_Party/FreeRTOS/Source/tasks.o
                0x0000000008008ef0                xTaskCreateStatic
 .text.xTaskCreate
                0x0000000008008fb6       0x8a ./Middlewares/Third_Party/FreeRTOS/Source/tasks.o
                0x0000000008008fb6                xTaskCreate
 .text.prvInitialiseNewTask
                0x0000000008009040      0x158 ./Middlewares/Third_Party/FreeRTOS/Source/tasks.o
 .text.prvAddNewTaskToReadyList
                0x0000000008009198      0x180 ./Middlewares/Third_Party/FreeRTOS/Source/tasks.o
 .text.vTaskDelay
                0x0000000008009318       0xdc ./Middlewares/Third_Party/FreeRTOS/Source/tasks.o
                0x0000000008009318                vTaskDelay
 .text.vTaskStartScheduler
                0x00000000080093f4      0x120 ./Middlewares/Third_Party/FreeRTOS/Source/tasks.o
                0x00000000080093f4                vTaskStartScheduler
 .text.vTaskSuspendAll
                0x0000000008009514       0x1c ./Middlewares/Third_Party/FreeRTOS/Source/tasks.o
                0x0000000008009514                vTaskSuspendAll
 .text.xTaskResumeAll
                0x0000000008009530      0x140 ./Middlewares/Third_Party/FreeRTOS/Source/tasks.o
                0x0000000008009530                xTaskResumeAll
 .text.xTaskGetTickCount
                0x0000000008009670       0x20 ./Middlewares/Third_Party/FreeRTOS/Source/tasks.o
                0x0000000008009670                xTaskGetTickCount
 .text.xTaskIncrementTick
                0x0000000008009690      0x1a0 ./Middlewares/Third_Party/FreeRTOS/Source/tasks.o
                0x0000000008009690                xTaskIncrementTick
 .text.vTaskSwitchContext
                0x0000000008009830      0x138 ./Middlewares/Third_Party/FreeRTOS/Source/tasks.o
                0x0000000008009830                vTaskSwitchContext
 .text.vTaskPlaceOnEventList
                0x0000000008009968       0x4c ./Middlewares/Third_Party/FreeRTOS/Source/tasks.o
                0x0000000008009968                vTaskPlaceOnEventList
 .text.vTaskPlaceOnUnorderedEventList
                0x00000000080099b4       0x80 ./Middlewares/Third_Party/FreeRTOS/Source/tasks.o
                0x00000000080099b4                vTaskPlaceOnUnorderedEventList
 .text.vTaskPlaceOnEventListRestricted
                0x0000000008009a34       0xd4 ./Middlewares/Third_Party/FreeRTOS/Source/tasks.o
                0x0000000008009a34                vTaskPlaceOnEventListRestricted
 .text.xTaskRemoveFromEventList
                0x0000000008009b08       0xcc ./Middlewares/Third_Party/FreeRTOS/Source/tasks.o
                0x0000000008009b08                xTaskRemoveFromEventList
 .text.vTaskRemoveFromUnorderedEventList
                0x0000000008009bd4       0xcc ./Middlewares/Third_Party/FreeRTOS/Source/tasks.o
                0x0000000008009bd4                vTaskRemoveFromUnorderedEventList
 .text.vTaskInternalSetTimeOutState
                0x0000000008009ca0       0x2c ./Middlewares/Third_Party/FreeRTOS/Source/tasks.o
                0x0000000008009ca0                vTaskInternalSetTimeOutState
 .text.xTaskCheckForTimeOut
                0x0000000008009ccc       0xcc ./Middlewares/Third_Party/FreeRTOS/Source/tasks.o
                0x0000000008009ccc                xTaskCheckForTimeOut
 .text.vTaskMissedYield
                0x0000000008009d98       0x18 ./Middlewares/Third_Party/FreeRTOS/Source/tasks.o
                0x0000000008009d98                vTaskMissedYield
 .text.uxTaskGetTaskNumber
                0x0000000008009db0       0x2c ./Middlewares/Third_Party/FreeRTOS/Source/tasks.o
                0x0000000008009db0                uxTaskGetTaskNumber
 .text.vTaskSetTaskNumber
                0x0000000008009ddc       0x26 ./Middlewares/Third_Party/FreeRTOS/Source/tasks.o
                0x0000000008009ddc                vTaskSetTaskNumber
 *fill*         0x0000000008009e02        0x2 
 .text.prvIdleTask
                0x0000000008009e04       0x30 ./Middlewares/Third_Party/FreeRTOS/Source/tasks.o
 .text.prvInitialiseTaskLists
                0x0000000008009e34       0x80 ./Middlewares/Third_Party/FreeRTOS/Source/tasks.o
 .text.prvCheckTasksWaitingTermination
                0x0000000008009eb4       0x5c ./Middlewares/Third_Party/FreeRTOS/Source/tasks.o
 .text.prvDeleteTCB
                0x0000000008009f10       0x6c ./Middlewares/Third_Party/FreeRTOS/Source/tasks.o
 .text.prvResetNextTaskUnblockTime
                0x0000000008009f7c       0x40 ./Middlewares/Third_Party/FreeRTOS/Source/tasks.o
 .text.xTaskGetCurrentTaskHandle
                0x0000000008009fbc       0x20 ./Middlewares/Third_Party/FreeRTOS/Source/tasks.o
                0x0000000008009fbc                xTaskGetCurrentTaskHandle
 .text.xTaskGetSchedulerState
                0x0000000008009fdc       0x3c ./Middlewares/Third_Party/FreeRTOS/Source/tasks.o
                0x0000000008009fdc                xTaskGetSchedulerState
 .text.xTaskPriorityDisinherit
                0x000000000800a018      0x140 ./Middlewares/Third_Party/FreeRTOS/Source/tasks.o
                0x000000000800a018                xTaskPriorityDisinherit
 .text.uxTaskResetEventItemValue
                0x000000000800a158       0x30 ./Middlewares/Third_Party/FreeRTOS/Source/tasks.o
                0x000000000800a158                uxTaskResetEventItemValue
 .text.prvAddCurrentTaskToDelayedList
                0x000000000800a188       0xa8 ./Middlewares/Third_Party/FreeRTOS/Source/tasks.o
 .text.xTimerCreateTimerTask
                0x000000000800a230       0x94 ./Middlewares/Third_Party/FreeRTOS/Source/timers.o
                0x000000000800a230                xTimerCreateTimerTask
 .text.xTimerGenericCommand
                0x000000000800a2c4       0xa0 ./Middlewares/Third_Party/FreeRTOS/Source/timers.o
                0x000000000800a2c4                xTimerGenericCommand
 .text.prvProcessExpiredTimer
                0x000000000800a364       0x9c ./Middlewares/Third_Party/FreeRTOS/Source/timers.o
 .text.prvTimerTask
                0x000000000800a400       0x24 ./Middlewares/Third_Party/FreeRTOS/Source/timers.o
 .text.prvProcessTimerOrBlockTask
                0x000000000800a424       0x9c ./Middlewares/Third_Party/FreeRTOS/Source/timers.o
 .text.prvGetNextExpireTime
                0x000000000800a4c0       0x48 ./Middlewares/Third_Party/FreeRTOS/Source/timers.o
 .text.prvSampleTimeNow
                0x000000000800a508       0x40 ./Middlewares/Third_Party/FreeRTOS/Source/timers.o
 .text.prvInsertTimerInActiveList
                0x000000000800a548       0x84 ./Middlewares/Third_Party/FreeRTOS/Source/timers.o
 .text.prvProcessReceivedCommands
                0x000000000800a5cc      0x1d0 ./Middlewares/Third_Party/FreeRTOS/Source/timers.o
 .text.prvSwitchTimerLists
                0x000000000800a79c       0xcc ./Middlewares/Third_Party/FreeRTOS/Source/timers.o
 .text.prvCheckForValidListAndQueue
                0x000000000800a868       0x80 ./Middlewares/Third_Party/FreeRTOS/Source/timers.o
 .text.xTimerPendFunctionCallFromISR
                0x000000000800a8e8       0x40 ./Middlewares/Third_Party/FreeRTOS/Source/timers.o
                0x000000000800a8e8                xTimerPendFunctionCallFromISR
 .text.pxPortInitialiseStack
                0x000000000800a928       0x68 ./Middlewares/Third_Party/FreeRTOS/Source/portable/GCC/ARM_CM7/r0p1/port.o
                0x000000000800a928                pxPortInitialiseStack
 .text.prvTaskExitError
                0x000000000800a990       0x60 ./Middlewares/Third_Party/FreeRTOS/Source/portable/GCC/ARM_CM7/r0p1/port.o
 .text.SVC_Handler
                0x000000000800a9f0       0x28 ./Middlewares/Third_Party/FreeRTOS/Source/portable/GCC/ARM_CM7/r0p1/port.o
                0x000000000800a9f0                SVC_Handler
 .text.prvPortStartFirstTask
                0x000000000800aa18       0x28 ./Middlewares/Third_Party/FreeRTOS/Source/portable/GCC/ARM_CM7/r0p1/port.o
 .text.xPortStartScheduler
                0x000000000800aa40      0x120 ./Middlewares/Third_Party/FreeRTOS/Source/portable/GCC/ARM_CM7/r0p1/port.o
                0x000000000800aa40                xPortStartScheduler
 .text.vPortEnterCritical
                0x000000000800ab60       0x68 ./Middlewares/Third_Party/FreeRTOS/Source/portable/GCC/ARM_CM7/r0p1/port.o
                0x000000000800ab60                vPortEnterCritical
 .text.vPortExitCritical
                0x000000000800abc8       0x58 ./Middlewares/Third_Party/FreeRTOS/Source/portable/GCC/ARM_CM7/r0p1/port.o
                0x000000000800abc8                vPortExitCritical
 .text.PendSV_Handler
                0x000000000800ac20       0x68 ./Middlewares/Third_Party/FreeRTOS/Source/portable/GCC/ARM_CM7/r0p1/port.o
                0x000000000800ac20                PendSV_Handler
 .text.SysTick_Handler
                0x000000000800ac88       0x48 ./Middlewares/Third_Party/FreeRTOS/Source/portable/GCC/ARM_CM7/r0p1/port.o
                0x000000000800ac88                SysTick_Handler
 .text.vPortSetupTimerInterrupt
                0x000000000800acd0       0x48 ./Middlewares/Third_Party/FreeRTOS/Source/portable/GCC/ARM_CM7/r0p1/port.o
                0x000000000800acd0                vPortSetupTimerInterrupt
 .text.vPortEnableVFP
                0x000000000800ad18       0x14 ./Middlewares/Third_Party/FreeRTOS/Source/portable/GCC/ARM_CM7/r0p1/port.o
 .text.vPortValidateInterruptPriority
                0x000000000800ad2c       0x88 ./Middlewares/Third_Party/FreeRTOS/Source/portable/GCC/ARM_CM7/r0p1/port.o
                0x000000000800ad2c                vPortValidateInterruptPriority
 .text.pvPortMalloc
                0x000000000800adb4      0x1b4 ./Middlewares/Third_Party/FreeRTOS/Source/portable/MemMang/heap_4.o
                0x000000000800adb4                pvPortMalloc
 .text.vPortFree
                0x000000000800af68       0xcc ./Middlewares/Third_Party/FreeRTOS/Source/portable/MemMang/heap_4.o
                0x000000000800af68                vPortFree
 .text.prvHeapInit
                0x000000000800b034       0xc4 ./Middlewares/Third_Party/FreeRTOS/Source/portable/MemMang/heap_4.o
 .text.prvInsertBlockIntoFreeList
                0x000000000800b0f8       0xb4 ./Middlewares/Third_Party/FreeRTOS/Source/portable/MemMang/heap_4.o
 .text.__libc_init_array
                0x000000000800b1ac       0x48 c:/st/stm32cubeide_1.12.0/stm32cubeide/plugins/com.st.stm32cube.ide.mcu.externaltools.gnu-tools-for-stm32.10.3-2021.10.win32_1.0.200.202301161003/tools/bin/../lib/gcc/arm-none-eabi/10.3.1/../../../../arm-none-eabi/lib/thumb/v7e-m+dp/hard\libc_nano.a(lib_a-init.o)
                0x000000000800b1ac                __libc_init_array
 .text.__itoa   0x000000000800b1f4       0x30 c:/st/stm32cubeide_1.12.0/stm32cubeide/plugins/com.st.stm32cube.ide.mcu.externaltools.gnu-tools-for-stm32.10.3-2021.10.win32_1.0.200.202301161003/tools/bin/../lib/gcc/arm-none-eabi/10.3.1/../../../../arm-none-eabi/lib/thumb/v7e-m+dp/hard\libc_nano.a(lib_a-itoa.o)
                0x000000000800b1f4                __itoa
 .text.itoa     0x000000000800b224        0x4 c:/st/stm32cubeide_1.12.0/stm32cubeide/plugins/com.st.stm32cube.ide.mcu.externaltools.gnu-tools-for-stm32.10.3-2021.10.win32_1.0.200.202301161003/tools/bin/../lib/gcc/arm-none-eabi/10.3.1/../../../../arm-none-eabi/lib/thumb/v7e-m+dp/hard\libc_nano.a(lib_a-itoa.o)
                0x000000000800b224                itoa
 .text.__retarget_lock_acquire_recursive
                0x000000000800b228        0x2 c:/st/stm32cubeide_1.12.0/stm32cubeide/plugins/com.st.stm32cube.ide.mcu.externaltools.gnu-tools-for-stm32.10.3-2021.10.win32_1.0.200.202301161003/tools/bin/../lib/gcc/arm-none-eabi/10.3.1/../../../../arm-none-eabi/lib/thumb/v7e-m+dp/hard\libc_nano.a(lib_a-lock.o)
                0x000000000800b228                __retarget_lock_acquire_recursive
 .text.__retarget_lock_release_recursive
                0x000000000800b22a        0x2 c:/st/stm32cubeide_1.12.0/stm32cubeide/plugins/com.st.stm32cube.ide.mcu.externaltools.gnu-tools-for-stm32.10.3-2021.10.win32_1.0.200.202301161003/tools/bin/../lib/gcc/arm-none-eabi/10.3.1/../../../../arm-none-eabi/lib/thumb/v7e-m+dp/hard\libc_nano.a(lib_a-lock.o)
                0x000000000800b22a                __retarget_lock_release_recursive
 .text.memcpy   0x000000000800b22c       0x1c c:/st/stm32cubeide_1.12.0/stm32cubeide/plugins/com.st.stm32cube.ide.mcu.externaltools.gnu-tools-for-stm32.10.3-2021.10.win32_1.0.200.202301161003/tools/bin/../lib/gcc/arm-none-eabi/10.3.1/../../../../arm-none-eabi/lib/thumb/v7e-m+dp/hard\libc_nano.a(lib_a-memcpy-stub.o)
                0x000000000800b22c                memcpy
 .text.memset   0x000000000800b248       0x10 c:/st/stm32cubeide_1.12.0/stm32cubeide/plugins/com.st.stm32cube.ide.mcu.externaltools.gnu-tools-for-stm32.10.3-2021.10.win32_1.0.200.202301161003/tools/bin/../lib/gcc/arm-none-eabi/10.3.1/../../../../arm-none-eabi/lib/thumb/v7e-m+dp/hard\libc_nano.a(lib_a-memset.o)
                0x000000000800b248                memset
 .text.cleanup_glue
                0x000000000800b258       0x1a c:/st/stm32cubeide_1.12.0/stm32cubeide/plugins/com.st.stm32cube.ide.mcu.externaltools.gnu-tools-for-stm32.10.3-2021.10.win32_1.0.200.202301161003/tools/bin/../lib/gcc/arm-none-eabi/10.3.1/../../../../arm-none-eabi/lib/thumb/v7e-m+dp/hard\libc_nano.a(lib_a-reent.o)
                0x000000000800b258                cleanup_glue
 *fill*         0x000000000800b272        0x2 
 .text._reclaim_reent
                0x000000000800b274       0xb8 c:/st/stm32cubeide_1.12.0/stm32cubeide/plugins/com.st.stm32cube.ide.mcu.externaltools.gnu-tools-for-stm32.10.3-2021.10.win32_1.0.200.202301161003/tools/bin/../lib/gcc/arm-none-eabi/10.3.1/../../../../arm-none-eabi/lib/thumb/v7e-m+dp/hard\libc_nano.a(lib_a-reent.o)
                0x000000000800b274                _reclaim_reent
 .text.strcpy   0x000000000800b32c       0x10 c:/st/stm32cubeide_1.12.0/stm32cubeide/plugins/com.st.stm32cube.ide.mcu.externaltools.gnu-tools-for-stm32.10.3-2021.10.win32_1.0.200.202301161003/tools/bin/../lib/gcc/arm-none-eabi/10.3.1/../../../../arm-none-eabi/lib/thumb/v7e-m+dp/hard\libc_nano.a(lib_a-strcpy.o)
                0x000000000800b32c                strcpy
 .text.__utoa   0x000000000800b33c       0x84 c:/st/stm32cubeide_1.12.0/stm32cubeide/plugins/com.st.stm32cube.ide.mcu.externaltools.gnu-tools-for-stm32.10.3-2021.10.win32_1.0.200.202301161003/tools/bin/../lib/gcc/arm-none-eabi/10.3.1/../../../../arm-none-eabi/lib/thumb/v7e-m+dp/hard\libc_nano.a(lib_a-utoa.o)
                0x000000000800b33c                __utoa
 .text.__malloc_lock
                0x000000000800b3c0        0xc c:/st/stm32cubeide_1.12.0/stm32cubeide/plugins/com.st.stm32cube.ide.mcu.externaltools.gnu-tools-for-stm32.10.3-2021.10.win32_1.0.200.202301161003/tools/bin/../lib/gcc/arm-none-eabi/10.3.1/../../../../arm-none-eabi/lib/thumb/v7e-m+dp/hard\libc_nano.a(lib_a-mlock.o)
                0x000000000800b3c0                __malloc_lock
 .text.__malloc_unlock
                0x000000000800b3cc        0xc c:/st/stm32cubeide_1.12.0/stm32cubeide/plugins/com.st.stm32cube.ide.mcu.externaltools.gnu-tools-for-stm32.10.3-2021.10.win32_1.0.200.202301161003/tools/bin/../lib/gcc/arm-none-eabi/10.3.1/../../../../arm-none-eabi/lib/thumb/v7e-m+dp/hard\libc_nano.a(lib_a-mlock.o)
                0x000000000800b3cc                __malloc_unlock
 .text._free_r  0x000000000800b3d8       0x98 c:/st/stm32cubeide_1.12.0/stm32cubeide/plugins/com.st.stm32cube.ide.mcu.externaltools.gnu-tools-for-stm32.10.3-2021.10.win32_1.0.200.202301161003/tools/bin/../lib/gcc/arm-none-eabi/10.3.1/../../../../arm-none-eabi/lib/thumb/v7e-m+dp/hard\libc_nano.a(lib_a-nano-freer.o)
                0x000000000800b3d8                _free_r
 *(.glue_7)
 .glue_7        0x000000000800b470        0x0 linker stubs
 *(.glue_7t)
 .glue_7t       0x000000000800b470        0x0 linker stubs
 *(.eh_frame)
 .eh_frame      0x000000000800b470        0x0 c:/st/stm32cubeide_1.12.0/stm32cubeide/plugins/com.st.stm32cube.ide.mcu.externaltools.gnu-tools-for-stm32.10.3-2021.10.win32_1.0.200.202301161003/tools/bin/../lib/gcc/arm-none-eabi/10.3.1/thumb/v7e-m+dp/hard/crtbegin.o
 *(.init)
 .init          0x000000000800b470        0x4 c:/st/stm32cubeide_1.12.0/stm32cubeide/plugins/com.st.stm32cube.ide.mcu.externaltools.gnu-tools-for-stm32.10.3-2021.10.win32_1.0.200.202301161003/tools/bin/../lib/gcc/arm-none-eabi/10.3.1/thumb/v7e-m+dp/hard/crti.o
                0x000000000800b470                _init
 .init          0x000000000800b474        0x8 c:/st/stm32cubeide_1.12.0/stm32cubeide/plugins/com.st.stm32cube.ide.mcu.externaltools.gnu-tools-for-stm32.10.3-2021.10.win32_1.0.200.202301161003/tools/bin/../lib/gcc/arm-none-eabi/10.3.1/thumb/v7e-m+dp/hard/crtn.o
 *(.fini)
 .fini          0x000000000800b47c        0x4 c:/st/stm32cubeide_1.12.0/stm32cubeide/plugins/com.st.stm32cube.ide.mcu.externaltools.gnu-tools-for-stm32.10.3-2021.10.win32_1.0.200.202301161003/tools/bin/../lib/gcc/arm-none-eabi/10.3.1/thumb/v7e-m+dp/hard/crti.o
                0x000000000800b47c                _fini
 .fini          0x000000000800b480        0x8 c:/st/stm32cubeide_1.12.0/stm32cubeide/plugins/com.st.stm32cube.ide.mcu.externaltools.gnu-tools-for-stm32.10.3-2021.10.win32_1.0.200.202301161003/tools/bin/../lib/gcc/arm-none-eabi/10.3.1/thumb/v7e-m+dp/hard/crtn.o
                0x000000000800b488                . = ALIGN (0x4)
                0x000000000800b488                _etext = .

.vfp11_veneer   0x000000000800b488        0x0
 .vfp11_veneer  0x000000000800b488        0x0 linker stubs

.v4_bx          0x000000000800b488        0x0
 .v4_bx         0x000000000800b488        0x0 linker stubs

.iplt           0x000000000800b488        0x0
 .iplt          0x000000000800b488        0x0 c:/st/stm32cubeide_1.12.0/stm32cubeide/plugins/com.st.stm32cube.ide.mcu.externaltools.gnu-tools-for-stm32.10.3-2021.10.win32_1.0.200.202301161003/tools/bin/../lib/gcc/arm-none-eabi/10.3.1/thumb/v7e-m+dp/hard/crtbegin.o

.rodata         0x000000000800b488     0x1744
                0x000000000800b488                . = ALIGN (0x4)
 *(.rodata)
 .rodata        0x000000000800b488      0x12d ./Core/Src/main.o
 *fill*         0x000000000800b5b5        0x3 
 .rodata        0x000000000800b5b8      0x2fe ./Core/Tracelizer/trcKernelPort.o
 *fill*         0x000000000800b8b6        0x2 
 .rodata        0x000000000800b8b8     0x1110 ./Core/Tracelizer/trcSnapshotRecorder.o
 .rodata        0x000000000800c9c8       0x30 ./Middlewares/Third_Party/FreeRTOS/Source/tasks.o
 .rodata        0x000000000800c9f8        0xd ./Middlewares/Third_Party/FreeRTOS/Source/timers.o
 *(.rodata*)
 *fill*         0x000000000800ca05        0x3 
 .rodata.defaultTask_attributes
                0x000000000800ca08       0x24 ./Core/Src/main.o
                0x000000000800ca08                defaultTask_attributes
 .rodata.BlinkyTask_attributes
                0x000000000800ca2c       0x24 ./Core/Src/main.o
                0x000000000800ca2c                BlinkyTask_attributes
 .rodata.adcReadValueT_attributes
                0x000000000800ca50       0x24 ./Core/Src/main.o
                0x000000000800ca50                adcReadValueT_attributes
 .rodata.readTempT_attributes
                0x000000000800ca74       0x24 ./Core/Src/main.o
                0x000000000800ca74                readTempT_attributes
 .rodata.pwmLedBrightnes_attributes
                0x000000000800ca98       0x24 ./Core/Src/main.o
                0x000000000800ca98                pwmLedBrightnes_attributes
 .rodata.usartDebugPrint_attributes
                0x000000000800cabc       0x24 ./Core/Src/main.o
                0x000000000800cabc                usartDebugPrint_attributes
 .rodata.checkISRStateT_attributes
                0x000000000800cae0       0x24 ./Core/Src/main.o
                0x000000000800cae0                checkISRStateT_attributes
 .rodata.msg_Queue_attributes
                0x000000000800cb04       0x18 ./Core/Src/main.o
                0x000000000800cb04                msg_Queue_attributes
 .rodata.ISREvent_attributes
                0x000000000800cb1c       0x10 ./Core/Src/main.o
                0x000000000800cb1c                ISREvent_attributes
 .rodata.AHBPrescTable
                0x000000000800cb2c       0x10 ./Core/Src/system_stm32f7xx.o
                0x000000000800cb2c                AHBPrescTable
 .rodata.APBPrescTable
                0x000000000800cb3c        0x8 ./Core/Src/system_stm32f7xx.o
                0x000000000800cb3c                APBPrescTable
 .rodata.__sf_fake_stderr
                0x000000000800cb44       0x20 c:/st/stm32cubeide_1.12.0/stm32cubeide/plugins/com.st.stm32cube.ide.mcu.externaltools.gnu-tools-for-stm32.10.3-2021.10.win32_1.0.200.202301161003/tools/bin/../lib/gcc/arm-none-eabi/10.3.1/../../../../arm-none-eabi/lib/thumb/v7e-m+dp/hard\libc_nano.a(lib_a-findfp.o)
                0x000000000800cb44                __sf_fake_stderr
 .rodata.__sf_fake_stdin
                0x000000000800cb64       0x20 c:/st/stm32cubeide_1.12.0/stm32cubeide/plugins/com.st.stm32cube.ide.mcu.externaltools.gnu-tools-for-stm32.10.3-2021.10.win32_1.0.200.202301161003/tools/bin/../lib/gcc/arm-none-eabi/10.3.1/../../../../arm-none-eabi/lib/thumb/v7e-m+dp/hard\libc_nano.a(lib_a-findfp.o)
                0x000000000800cb64                __sf_fake_stdin
 .rodata.__sf_fake_stdout
                0x000000000800cb84       0x20 c:/st/stm32cubeide_1.12.0/stm32cubeide/plugins/com.st.stm32cube.ide.mcu.externaltools.gnu-tools-for-stm32.10.3-2021.10.win32_1.0.200.202301161003/tools/bin/../lib/gcc/arm-none-eabi/10.3.1/../../../../arm-none-eabi/lib/thumb/v7e-m+dp/hard\libc_nano.a(lib_a-findfp.o)
                0x000000000800cb84                __sf_fake_stdout
 .rodata.__utoa.str1.1
                0x000000000800cba4       0x25 c:/st/stm32cubeide_1.12.0/stm32cubeide/plugins/com.st.stm32cube.ide.mcu.externaltools.gnu-tools-for-stm32.10.3-2021.10.win32_1.0.200.202301161003/tools/bin/../lib/gcc/arm-none-eabi/10.3.1/../../../../arm-none-eabi/lib/thumb/v7e-m+dp/hard\libc_nano.a(lib_a-utoa.o)
                0x000000000800cbcc                . = ALIGN (0x4)
 *fill*         0x000000000800cbc9        0x3 

.ARM.extab      0x000000000800cbcc        0x0
                0x000000000800cbcc                . = ALIGN (0x4)
 *(.ARM.extab* .gnu.linkonce.armextab.*)
                0x000000000800cbcc                . = ALIGN (0x4)

.ARM            0x000000000800cbcc        0x8
                0x000000000800cbcc                . = ALIGN (0x4)
                0x000000000800cbcc                __exidx_start = .
 *(.ARM.exidx*)
 .ARM.exidx     0x000000000800cbcc        0x8 c:/st/stm32cubeide_1.12.0/stm32cubeide/plugins/com.st.stm32cube.ide.mcu.externaltools.gnu-tools-for-stm32.10.3-2021.10.win32_1.0.200.202301161003/tools/bin/../lib/gcc/arm-none-eabi/10.3.1/thumb/v7e-m+dp/hard\libgcc.a(_udivmoddi4.o)
                0x000000000800cbd4                __exidx_end = .
                0x000000000800cbd4                . = ALIGN (0x4)

.rel.dyn        0x000000000800cbd4        0x0
 .rel.iplt      0x000000000800cbd4        0x0 c:/st/stm32cubeide_1.12.0/stm32cubeide/plugins/com.st.stm32cube.ide.mcu.externaltools.gnu-tools-for-stm32.10.3-2021.10.win32_1.0.200.202301161003/tools/bin/../lib/gcc/arm-none-eabi/10.3.1/thumb/v7e-m+dp/hard/crtbegin.o

.preinit_array  0x000000000800cbd4        0x0
                0x000000000800cbd4                . = ALIGN (0x4)
                0x000000000800cbd4                PROVIDE (__preinit_array_start = .)
 *(.preinit_array*)
                0x000000000800cbd4                PROVIDE (__preinit_array_end = .)
                0x000000000800cbd4                . = ALIGN (0x4)

.init_array     0x000000000800cbd4        0x4
                0x000000000800cbd4                . = ALIGN (0x4)
                0x000000000800cbd4                PROVIDE (__init_array_start = .)
 *(SORT_BY_NAME(.init_array.*))
 *(.init_array*)
 .init_array    0x000000000800cbd4        0x4 c:/st/stm32cubeide_1.12.0/stm32cubeide/plugins/com.st.stm32cube.ide.mcu.externaltools.gnu-tools-for-stm32.10.3-2021.10.win32_1.0.200.202301161003/tools/bin/../lib/gcc/arm-none-eabi/10.3.1/thumb/v7e-m+dp/hard/crtbegin.o
                0x000000000800cbd8                PROVIDE (__init_array_end = .)
                0x000000000800cbd8                . = ALIGN (0x4)

.fini_array     0x000000000800cbd8        0x4
                0x000000000800cbd8                . = ALIGN (0x4)
                [!provide]                        PROVIDE (__fini_array_start = .)
 *(SORT_BY_NAME(.fini_array.*))
 *(.fini_array*)
 .fini_array    0x000000000800cbd8        0x4 c:/st/stm32cubeide_1.12.0/stm32cubeide/plugins/com.st.stm32cube.ide.mcu.externaltools.gnu-tools-for-stm32.10.3-2021.10.win32_1.0.200.202301161003/tools/bin/../lib/gcc/arm-none-eabi/10.3.1/thumb/v7e-m+dp/hard/crtbegin.o
                [!provide]                        PROVIDE (__fini_array_end = .)
                0x000000000800cbdc                . = ALIGN (0x4)
                0x000000000800cbdc                _sidata = LOADADDR (.data)

.data           0x0000000020000000       0x80 load address 0x000000000800cbdc
                0x0000000020000000                . = ALIGN (0x4)
                0x0000000020000000                _sdata = .
 *(.data)
 *(.data*)
 .data.SystemCoreClock
                0x0000000020000000        0x4 ./Core/Src/system_stm32f7xx.o
                0x0000000020000000                SystemCoreClock
 .data.TraceQueueClassTable
                0x0000000020000004        0x5 ./Core/Tracelizer/trcKernelPort.o
                0x0000000020000004                TraceQueueClassTable
 *fill*         0x0000000020000009        0x1 
 .data.CurrentFilterMask
                0x000000002000000a        0x2 ./Core/Tracelizer/trcSnapshotRecorder.o
                0x000000002000000a                CurrentFilterMask
 .data.CurrentFilterGroup
                0x000000002000000c        0x2 ./Core/Tracelizer/trcSnapshotRecorder.o
                0x000000002000000c                CurrentFilterGroup
 *fill*         0x000000002000000e        0x2 
 .data.uwTickPrio
                0x0000000020000010        0x4 ./Drivers/STM32F7xx_HAL_Driver/Src/stm32f7xx_hal.o
                0x0000000020000010                uwTickPrio
 .data.uwTickFreq
                0x0000000020000014        0x1 ./Drivers/STM32F7xx_HAL_Driver/Src/stm32f7xx_hal.o
                0x0000000020000014                uwTickFreq
 *fill*         0x0000000020000015        0x3 
 .data.uxCriticalNesting
                0x0000000020000018        0x4 ./Middlewares/Third_Party/FreeRTOS/Source/portable/GCC/ARM_CM7/r0p1/port.o
 .data._impure_ptr
                0x000000002000001c        0x4 c:/st/stm32cubeide_1.12.0/stm32cubeide/plugins/com.st.stm32cube.ide.mcu.externaltools.gnu-tools-for-stm32.10.3-2021.10.win32_1.0.200.202301161003/tools/bin/../lib/gcc/arm-none-eabi/10.3.1/../../../../arm-none-eabi/lib/thumb/v7e-m+dp/hard\libc_nano.a(lib_a-impure.o)
                0x000000002000001c                _impure_ptr
 .data.impure_data
                0x0000000020000020       0x60 c:/st/stm32cubeide_1.12.0/stm32cubeide/plugins/com.st.stm32cube.ide.mcu.externaltools.gnu-tools-for-stm32.10.3-2021.10.win32_1.0.200.202301161003/tools/bin/../lib/gcc/arm-none-eabi/10.3.1/../../../../arm-none-eabi/lib/thumb/v7e-m+dp/hard\libc_nano.a(lib_a-impure.o)
 *(.RamFunc)
 *(.RamFunc*)
                0x0000000020000080                . = ALIGN (0x4)
                0x0000000020000080                _edata = .

.igot.plt       0x0000000020000080        0x0 load address 0x000000000800cc5c
 .igot.plt      0x0000000020000080        0x0 c:/st/stm32cubeide_1.12.0/stm32cubeide/plugins/com.st.stm32cube.ide.mcu.externaltools.gnu-tools-for-stm32.10.3-2021.10.win32_1.0.200.202301161003/tools/bin/../lib/gcc/arm-none-eabi/10.3.1/thumb/v7e-m+dp/hard/crtbegin.o
                0x0000000020000080                . = ALIGN (0x4)

.bss            0x0000000020000080     0xf090 load address 0x000000000800cc5c
                0x0000000020000080                _sbss = .
                0x0000000020000080                __bss_start__ = _sbss
 *(.bss)
 .bss           0x0000000020000080       0x1c c:/st/stm32cubeide_1.12.0/stm32cubeide/plugins/com.st.stm32cube.ide.mcu.externaltools.gnu-tools-for-stm32.10.3-2021.10.win32_1.0.200.202301161003/tools/bin/../lib/gcc/arm-none-eabi/10.3.1/thumb/v7e-m+dp/hard/crtbegin.o
 *(.bss*)
 .bss.hadc1     0x000000002000009c       0x48 ./Core/Src/main.o
                0x000000002000009c                hadc1
 .bss.hadc2     0x00000000200000e4       0x48 ./Core/Src/main.o
                0x00000000200000e4                hadc2
 .bss.htim10    0x000000002000012c       0x4c ./Core/Src/main.o
                0x000000002000012c                htim10
 .bss.htim13    0x0000000020000178       0x4c ./Core/Src/main.o
                0x0000000020000178                htim13
 .bss.huart3    0x00000000200001c4       0x88 ./Core/Src/main.o
                0x00000000200001c4                huart3
 .bss.hpcd_USB_OTG_FS
                0x000000002000024c      0x508 ./Core/Src/main.o
                0x000000002000024c                hpcd_USB_OTG_FS
 .bss.defaultTaskHandle
                0x0000000020000754        0x4 ./Core/Src/main.o
                0x0000000020000754                defaultTaskHandle
 .bss.BlinkyTaskHandle
                0x0000000020000758        0x4 ./Core/Src/main.o
                0x0000000020000758                BlinkyTaskHandle
 .bss.adcReadValueTHandle
                0x000000002000075c        0x4 ./Core/Src/main.o
                0x000000002000075c                adcReadValueTHandle
 .bss.adcReadValueTBuffer
                0x0000000020000760      0x200 ./Core/Src/main.o
                0x0000000020000760                adcReadValueTBuffer
 .bss.adcReadValueTControlBlock
                0x0000000020000960       0xc0 ./Core/Src/main.o
                0x0000000020000960                adcReadValueTControlBlock
 .bss.readTempTHandle
                0x0000000020000a20        0x4 ./Core/Src/main.o
                0x0000000020000a20                readTempTHandle
 .bss.myTask04Buffer
                0x0000000020000a24      0x200 ./Core/Src/main.o
                0x0000000020000a24                myTask04Buffer
 .bss.myTask04ControlBlock
                0x0000000020000c24       0xc0 ./Core/Src/main.o
                0x0000000020000c24                myTask04ControlBlock
 .bss.pwmLedBrightnesHandle
                0x0000000020000ce4        0x4 ./Core/Src/main.o
                0x0000000020000ce4                pwmLedBrightnesHandle
 .bss.pwmLedBrightnesBuffer
                0x0000000020000ce8      0x200 ./Core/Src/main.o
                0x0000000020000ce8                pwmLedBrightnesBuffer
 .bss.pwmLedBrightnesControlBlock
                0x0000000020000ee8       0xc0 ./Core/Src/main.o
                0x0000000020000ee8                pwmLedBrightnesControlBlock
 .bss.usartDebugPrintHandle
                0x0000000020000fa8        0x4 ./Core/Src/main.o
                0x0000000020000fa8                usartDebugPrintHandle
 .bss.usartDebugPrintBuffer
                0x0000000020000fac      0x200 ./Core/Src/main.o
                0x0000000020000fac                usartDebugPrintBuffer
 .bss.usartDebugPrintControlBlock
                0x00000000200011ac       0xc0 ./Core/Src/main.o
                0x00000000200011ac                usartDebugPrintControlBlock
 .bss.checkISRStateTHandle
                0x000000002000126c        0x4 ./Core/Src/main.o
                0x000000002000126c                checkISRStateTHandle
 .bss.checkISRStateTBuffer
                0x0000000020001270      0x400 ./Core/Src/main.o
                0x0000000020001270                checkISRStateTBuffer
 .bss.checkISRStateTControlBlock
                0x0000000020001670       0xc0 ./Core/Src/main.o
                0x0000000020001670                checkISRStateTControlBlock
 .bss.msg_QueueHandle
                0x0000000020001730        0x4 ./Core/Src/main.o
                0x0000000020001730                msg_QueueHandle
 .bss.msg_QueueBuffer
                0x0000000020001734      0x7a0 ./Core/Src/main.o
                0x0000000020001734                msg_QueueBuffer
 .bss.msg_QueueControlBlock
                0x0000000020001ed4       0x50 ./Core/Src/main.o
                0x0000000020001ed4                msg_QueueControlBlock
 .bss.ISREventHandle
                0x0000000020001f24        0x4 ./Core/Src/main.o
                0x0000000020001f24                ISREventHandle
 .bss.ISREventControlBlock
                0x0000000020001f28       0x20 ./Core/Src/main.o
                0x0000000020001f28                ISREventControlBlock
 .bss.ulHighFrequencyTimerTicks
                0x0000000020001f48        0x4 ./Core/Src/main.o
                0x0000000020001f48                ulHighFrequencyTimerTicks
 .bss.myTaskLedBlink
                0x0000000020001f4c        0x4 ./Core/Src/main.o
                0x0000000020001f4c                myTaskLedBlink
 .bss.EventGroup1
                0x0000000020001f50        0x4 ./Core/Src/main.o
                0x0000000020001f50                EventGroup1
 .bss.htim8     0x0000000020001f54       0x4c ./Core/Src/stm32f7xx_hal_timebase_tim.o
                0x0000000020001f54                htim8
 .bss.isPendingContextSwitch
                0x0000000020001fa0        0x4 ./Core/Tracelizer/trcSnapshotRecorder.o
                0x0000000020001fa0                isPendingContextSwitch
 .bss.uiTraceTickCount
                0x0000000020001fa4        0x4 ./Core/Tracelizer/trcSnapshotRecorder.o
                0x0000000020001fa4                uiTraceTickCount
 .bss.trace_disable_timestamp
                0x0000000020001fa8        0x4 ./Core/Tracelizer/trcSnapshotRecorder.o
                0x0000000020001fa8                trace_disable_timestamp
 .bss.last_timestamp
                0x0000000020001fac        0x4 ./Core/Tracelizer/trcSnapshotRecorder.o
 .bss.recorder_busy
                0x0000000020001fb0        0x4 ./Core/Tracelizer/trcSnapshotRecorder.o
                0x0000000020001fb0                recorder_busy
 .bss.timestampFrequency
                0x0000000020001fb4        0x4 ./Core/Tracelizer/trcSnapshotRecorder.o
                0x0000000020001fb4                timestampFrequency
 .bss.traceErrorMessage
                0x0000000020001fb8        0x4 ./Core/Tracelizer/trcSnapshotRecorder.o
                0x0000000020001fb8                traceErrorMessage
 .bss.handle_of_last_logged_task
                0x0000000020001fbc        0x1 ./Core/Tracelizer/trcSnapshotRecorder.o
                0x0000000020001fbc                handle_of_last_logged_task
 *fill*         0x0000000020001fbd        0x3 
 .bss.vTraceStopHookPtr
                0x0000000020001fc0        0x4 ./Core/Tracelizer/trcSnapshotRecorder.o
                0x0000000020001fc0                vTraceStopHookPtr
 .bss.heapMemUsage
                0x0000000020001fc4        0x4 ./Core/Tracelizer/trcSnapshotRecorder.o
 .bss.objectHandleStacks
                0x0000000020001fc8       0x8e ./Core/Tracelizer/trcSnapshotRecorder.o
                0x0000000020001fc8                objectHandleStacks
 *fill*         0x0000000020002056        0x2 
 .bss.init_hwtc_count
                0x0000000020002058        0x4 ./Core/Tracelizer/trcSnapshotRecorder.o
                0x0000000020002058                init_hwtc_count
 .bss.RecorderData
                0x000000002000205c     0x8678 ./Core/Tracelizer/trcSnapshotRecorder.o
                0x000000002000205c                RecorderData
 .bss.RecorderDataPtr
                0x000000002000a6d4        0x4 ./Core/Tracelizer/trcSnapshotRecorder.o
                0x000000002000a6d4                RecorderDataPtr
 .bss.indexOfHandle.4
                0x000000002000a6d8        0x4 ./Core/Tracelizer/trcSnapshotRecorder.o
 .bss.idx.3     0x000000002000a6dc        0x2 ./Core/Tracelizer/trcSnapshotRecorder.o
 *fill*         0x000000002000a6de        0x2 
 .bss.old_timestamp.2
                0x000000002000a6e0        0x4 ./Core/Tracelizer/trcSnapshotRecorder.o
 .bss.last_hwtc_count.1
                0x000000002000a6e4        0x4 ./Core/Tracelizer/trcSnapshotRecorder.o
 .bss.last_hwtc_rest.0
                0x000000002000a6e8        0x4 ./Core/Tracelizer/trcSnapshotRecorder.o
 .bss.uwTick    0x000000002000a6ec        0x4 ./Drivers/STM32F7xx_HAL_Driver/Src/stm32f7xx_hal.o
                0x000000002000a6ec                uwTick
 .bss.KernelState
                0x000000002000a6f0        0x4 ./Middlewares/Third_Party/FreeRTOS/Source/CMSIS_RTOS_V2/cmsis_os2.o
 .bss.Idle_TCB  0x000000002000a6f4       0xc0 ./Middlewares/Third_Party/FreeRTOS/Source/CMSIS_RTOS_V2/cmsis_os2.o
 .bss.Idle_Stack
                0x000000002000a7b4      0x200 ./Middlewares/Third_Party/FreeRTOS/Source/CMSIS_RTOS_V2/cmsis_os2.o
 .bss.Timer_TCB
                0x000000002000a9b4       0xc0 ./Middlewares/Third_Party/FreeRTOS/Source/CMSIS_RTOS_V2/cmsis_os2.o
 .bss.Timer_Stack
                0x000000002000aa74      0x400 ./Middlewares/Third_Party/FreeRTOS/Source/CMSIS_RTOS_V2/cmsis_os2.o
 .bss.xQueueRegistry
                0x000000002000ae74       0x40 ./Middlewares/Third_Party/FreeRTOS/Source/queue.o
                0x000000002000ae74                xQueueRegistry
 .bss.pxCurrentTCB
                0x000000002000aeb4        0x4 ./Middlewares/Third_Party/FreeRTOS/Source/tasks.o
                0x000000002000aeb4                pxCurrentTCB
 .bss.pxReadyTasksLists
                0x000000002000aeb8      0x460 ./Middlewares/Third_Party/FreeRTOS/Source/tasks.o
 .bss.xDelayedTaskList1
                0x000000002000b318       0x14 ./Middlewares/Third_Party/FreeRTOS/Source/tasks.o
 .bss.xDelayedTaskList2
                0x000000002000b32c       0x14 ./Middlewares/Third_Party/FreeRTOS/Source/tasks.o
 .bss.pxDelayedTaskList
                0x000000002000b340        0x4 ./Middlewares/Third_Party/FreeRTOS/Source/tasks.o
 .bss.pxOverflowDelayedTaskList
                0x000000002000b344        0x4 ./Middlewares/Third_Party/FreeRTOS/Source/tasks.o
 .bss.xPendingReadyList
                0x000000002000b348       0x14 ./Middlewares/Third_Party/FreeRTOS/Source/tasks.o
 .bss.xTasksWaitingTermination
                0x000000002000b35c       0x14 ./Middlewares/Third_Party/FreeRTOS/Source/tasks.o
 .bss.uxDeletedTasksWaitingCleanUp
                0x000000002000b370        0x4 ./Middlewares/Third_Party/FreeRTOS/Source/tasks.o
 .bss.xSuspendedTaskList
                0x000000002000b374       0x14 ./Middlewares/Third_Party/FreeRTOS/Source/tasks.o
 .bss.uxCurrentNumberOfTasks
                0x000000002000b388        0x4 ./Middlewares/Third_Party/FreeRTOS/Source/tasks.o
 .bss.xTickCount
                0x000000002000b38c        0x4 ./Middlewares/Third_Party/FreeRTOS/Source/tasks.o
 .bss.uxTopReadyPriority
                0x000000002000b390        0x4 ./Middlewares/Third_Party/FreeRTOS/Source/tasks.o
 .bss.xSchedulerRunning
                0x000000002000b394        0x4 ./Middlewares/Third_Party/FreeRTOS/Source/tasks.o
 .bss.uxPendedTicks
                0x000000002000b398        0x4 ./Middlewares/Third_Party/FreeRTOS/Source/tasks.o
 .bss.xYieldPending
                0x000000002000b39c        0x4 ./Middlewares/Third_Party/FreeRTOS/Source/tasks.o
 .bss.xNumOfOverflows
                0x000000002000b3a0        0x4 ./Middlewares/Third_Party/FreeRTOS/Source/tasks.o
 .bss.uxTaskNumber
                0x000000002000b3a4        0x4 ./Middlewares/Third_Party/FreeRTOS/Source/tasks.o
 .bss.xNextTaskUnblockTime
                0x000000002000b3a8        0x4 ./Middlewares/Third_Party/FreeRTOS/Source/tasks.o
 .bss.xIdleTaskHandle
                0x000000002000b3ac        0x4 ./Middlewares/Third_Party/FreeRTOS/Source/tasks.o
 .bss.uxSchedulerSuspended
                0x000000002000b3b0        0x4 ./Middlewares/Third_Party/FreeRTOS/Source/tasks.o
 .bss.ulTaskSwitchedInTime
                0x000000002000b3b4        0x4 ./Middlewares/Third_Party/FreeRTOS/Source/tasks.o
 .bss.ulTotalRunTime
                0x000000002000b3b8        0x4 ./Middlewares/Third_Party/FreeRTOS/Source/tasks.o
 .bss.xActiveTimerList1
                0x000000002000b3bc       0x14 ./Middlewares/Third_Party/FreeRTOS/Source/timers.o
 .bss.xActiveTimerList2
                0x000000002000b3d0       0x14 ./Middlewares/Third_Party/FreeRTOS/Source/timers.o
 .bss.pxCurrentTimerList
                0x000000002000b3e4        0x4 ./Middlewares/Third_Party/FreeRTOS/Source/timers.o
 .bss.pxOverflowTimerList
                0x000000002000b3e8        0x4 ./Middlewares/Third_Party/FreeRTOS/Source/timers.o
 .bss.xTimerQueue
                0x000000002000b3ec        0x4 ./Middlewares/Third_Party/FreeRTOS/Source/timers.o
 .bss.xTimerTaskHandle
                0x000000002000b3f0        0x4 ./Middlewares/Third_Party/FreeRTOS/Source/timers.o
 .bss.xLastTime.2
                0x000000002000b3f4        0x4 ./Middlewares/Third_Party/FreeRTOS/Source/timers.o
 .bss.ucStaticTimerQueueStorage.1
                0x000000002000b3f8       0xa0 ./Middlewares/Third_Party/FreeRTOS/Source/timers.o
 .bss.xStaticTimerQueue.0
                0x000000002000b498       0x50 ./Middlewares/Third_Party/FreeRTOS/Source/timers.o
 .bss.ucMaxSysCallPriority
                0x000000002000b4e8        0x1 ./Middlewares/Third_Party/FreeRTOS/Source/portable/GCC/ARM_CM7/r0p1/port.o
 *fill*         0x000000002000b4e9        0x3 
 .bss.ulMaxPRIGROUPValue
                0x000000002000b4ec        0x4 ./Middlewares/Third_Party/FreeRTOS/Source/portable/GCC/ARM_CM7/r0p1/port.o
 .bss.ucHeap    0x000000002000b4f0     0x3c00 ./Middlewares/Third_Party/FreeRTOS/Source/portable/MemMang/heap_4.o
 .bss.xStart    0x000000002000f0f0        0x8 ./Middlewares/Third_Party/FreeRTOS/Source/portable/MemMang/heap_4.o
 .bss.pxEnd     0x000000002000f0f8        0x4 ./Middlewares/Third_Party/FreeRTOS/Source/portable/MemMang/heap_4.o
 .bss.xFreeBytesRemaining
                0x000000002000f0fc        0x4 ./Middlewares/Third_Party/FreeRTOS/Source/portable/MemMang/heap_4.o
 .bss.xMinimumEverFreeBytesRemaining
                0x000000002000f100        0x4 ./Middlewares/Third_Party/FreeRTOS/Source/portable/MemMang/heap_4.o
 .bss.xBlockAllocatedBit
                0x000000002000f104        0x4 ./Middlewares/Third_Party/FreeRTOS/Source/portable/MemMang/heap_4.o
 .bss.__lock___malloc_recursive_mutex
                0x000000002000f108        0x1 c:/st/stm32cubeide_1.12.0/stm32cubeide/plugins/com.st.stm32cube.ide.mcu.externaltools.gnu-tools-for-stm32.10.3-2021.10.win32_1.0.200.202301161003/tools/bin/../lib/gcc/arm-none-eabi/10.3.1/../../../../arm-none-eabi/lib/thumb/v7e-m+dp/hard\libc_nano.a(lib_a-lock.o)
                0x000000002000f108                __lock___malloc_recursive_mutex
 *fill*         0x000000002000f109        0x3 
 .bss.__malloc_free_list