../Core/Tracelizer/trcKernelPort.c:133:10:prvTraceGetQueueNumber	16	static
../Core/Tracelizer/trcKernelPort.c:139:9:prvTraceGetQueueType	16	static
../Core/Tracelizer/trcKernelPort.c:146:10:prvTraceGetTaskNumberLow16	16	static
../Core/Tracelizer/trcKernelPort.c:151:10:prvTraceGetTaskNumberHigh16	16	static
../Core/Tracelizer/trcKernelPort.c:156:6:prvTraceSetTaskNumberLow16	16	static
../Core/Tracelizer/trcKernelPort.c:161:6:prvTraceSetTaskNumberHigh16	16	static
../Core/Tracelizer/trcKernelPort.c:166:10:prvTraceGetQueueNumberLow16	16	static
../Core/Tracelizer/trcKernelPort.c:171:10:prvTraceGetQueueNumberHigh16	16	static
../Core/Tracelizer/trcKernelPort.c:176:6:prvTraceSetQueueNumberLow16	16	static
../Core/Tracelizer/trcKernelPort.c:181:6:prvTraceSetQueueNumberHigh16	16	static
../Core/Tracelizer/trcKernelPort.c:188:10:prvTraceGetTimerNumberLow16	16	static
../Core/Tracelizer/trcKernelPort.c:193:10:prvTraceGetTimerNumberHigh16	16	static
../Core/Tracelizer/trcKernelPort.c:198:6:prvTraceSetTimerNumberLow16	16	static
../Core/Tracelizer/trcKernelPort.c:203:6:prvTraceSetTimerNumberHigh16	16	static
../Core/Tracelizer/trcKernelPort.c:211:10:prvTraceGetEventGroupNumberLow16	16	static
../Core/Tracelizer/trcKernelPort.c:216:10:prvTraceGetEventGroupNumberHigh16	16	static
../Core/Tracelizer/trcKernelPort.c:221:6:prvTraceSetEventGroupNumberLow16	16	static
../Core/Tracelizer/trcKernelPort.c:226:6:prvTraceSetEventGroupNumberHigh16	16	static
../Core/Tracelizer/trcKernelPort.c:638:6:vTraceSetQueueName	16	static
../Core/Tracelizer/trcKernelPort.c:651:6:vTraceSetSemaphoreName	16	static
../Core/Tracelizer/trcKernelPort.c:664:6:vTraceSetMutexName	16	static
../Core/Tracelizer/trcKernelPort.c:678:6:vTraceSetEventGroupName	16	static
../Core/Tracelizer/trcKernelPort.c:714:7:prvTraceGetCurrentTaskHandle	8	static
../Core/Tracelizer/trcKernelPort.c:720:6:vTraceInitObjectPropertyTable	4	static
../Core/Tracelizer/trcKernelPort.c:763:6:vTraceInitObjectHandleStack	4	static
../Core/Tracelizer/trcKernelPort.c:787:13:pszTraceGetErrorNotEnoughHandles	16	static
../Core/Tracelizer/trcKernelPort.c:821:15:prvTraceIsSchedulerSuspended	8	static
