../Core/Tracelizer/trcSnapshotRecorder.c:315:13:xTraceGetEventBuffer	16	static
../Core/Tracelizer/trcSnapshotRecorder.c:328:13:xTraceEnable	16	static
../Core/Tracelizer/trcSnapshotRecorder.c:364:13:xTraceDisable	8	static
../Core/Tracelizer/trcSnapshotRecorder.c:371:6:vTraceSetStopHook	16	static
../Core/Tracelizer/trcSnapshotRecorder.c:376:6:vTraceClear	24	static,ignoring_inline_asm
../Core/Tracelizer/trcSnapshotRecorder.c:392:13:prvTraceStart	32	static,ignoring_inline_asm
../Core/Tracelizer/trcSnapshotRecorder.c:436:13:prvTraceStop	8	static
../Core/Tracelizer/trcSnapshotRecorder.c:453:10:xTraceIsRecorderEnabled	4	static
../Core/Tracelizer/trcSnapshotRecorder.c:470:10:xTraceIsRecorderInitialized	4	static
../Core/Tracelizer/trcSnapshotRecorder.c:481:13:xTraceErrorGetLast	4	static
../Core/Tracelizer/trcSnapshotRecorder.c:494:6:vTraceClearError	4	static
../Core/Tracelizer/trcSnapshotRecorder.c:511:7:xTraceGetTraceBuffer	4	static
../Core/Tracelizer/trcSnapshotRecorder.c:523:10:uiTraceGetTraceBufferSize	4	static
../Core/Tracelizer/trcSnapshotRecorder.c:536:13:prvTraceInitTimestamps	4	static
../Core/Tracelizer/trcSnapshotRecorder.c:546:13:prvTraceTaskInstanceFinish	40	static,ignoring_inline_asm
../Core/Tracelizer/trcSnapshotRecorder.c:594:13:xTraceTaskInstanceFinishedNext	8	static
../Core/Tracelizer/trcSnapshotRecorder.c:625:13:xTraceTaskInstanceFinishedNow	8	static
../Core/Tracelizer/trcSnapshotRecorder.c:638:13:xTraceISRRegister	24	static
../Core/Tracelizer/trcSnapshotRecorder.c:656:14:xTraceSetISRProperties	24	static
../Core/Tracelizer/trcSnapshotRecorder.c:665:13:xTraceISRBegin	40	static,ignoring_inline_asm
../Core/Tracelizer/trcSnapshotRecorder.c:726:13:xTraceISREnd	48	static,ignoring_inline_asm
../Core/Tracelizer/trcSnapshotRecorder.c:820:16:writeInt8	16	static
../Core/Tracelizer/trcSnapshotRecorder.c:841:16:writeInt16	16	static
../Core/Tracelizer/trcSnapshotRecorder.c:869:16:writeInt32	24	static
../Core/Tracelizer/trcSnapshotRecorder.c:965:16:prvTraceUserEventFormat	32	static
../Core/Tracelizer/trcSnapshotRecorder.c:1406:13:xTracePrintF	28	static
../Core/Tracelizer/trcSnapshotRecorder.c:1426:13:xTraceVPrintF	88	static,ignoring_inline_asm
../Core/Tracelizer/trcSnapshotRecorder.c:1553:13:xTracePrint	40	static,ignoring_inline_asm
../Core/Tracelizer/trcSnapshotRecorder.c:1611:13:xTraceStringRegister	16	static
../Core/Tracelizer/trcSnapshotRecorder.c:1622:21:xTraceRegisterString	24	static
../Core/Tracelizer/trcSnapshotRecorder.c:1631:13:xTraceInitialize	16	static
../Core/Tracelizer/trcSnapshotRecorder.c:1777:6:prvTraceSetReadyEventsEnabled	16	static
../Core/Tracelizer/trcSnapshotRecorder.c:1787:6:prvTraceStoreTaskReady	40	static,ignoring_inline_asm
../Core/Tracelizer/trcSnapshotRecorder.c:1851:6:prvTraceStoreLowPower	40	static,ignoring_inline_asm
../Core/Tracelizer/trcSnapshotRecorder.c:1901:6:vTraceStoreMemMangEvent	64	static,ignoring_inline_asm
../Core/Tracelizer/trcSnapshotRecorder.c:1986:6:prvTraceStoreKernelCall	48	static,ignoring_inline_asm
../Core/Tracelizer/trcSnapshotRecorder.c:2047:6:prvTraceStoreKernelCallWithParam	48	static,ignoring_inline_asm
../Core/Tracelizer/trcSnapshotRecorder.c:2110:17:prvTraceGetParam	24	static
../Core/Tracelizer/trcSnapshotRecorder.c:2144:6:prvTraceStoreKernelCallWithNumericParamOnly	48	static,ignoring_inline_asm
../Core/Tracelizer/trcSnapshotRecorder.c:2194:6:prvTraceStoreTaskswitch	40	static,ignoring_inline_asm
../Core/Tracelizer/trcSnapshotRecorder.c:2254:6:prvTraceStoreObjectNameOnCloseEvent	40	static
../Core/Tracelizer/trcSnapshotRecorder.c:2284:6:prvTraceStoreObjectPropertiesOnCloseEvent	32	static
../Core/Tracelizer/trcSnapshotRecorder.c:2314:6:prvTraceSetPriorityProperty	24	static
../Core/Tracelizer/trcSnapshotRecorder.c:2324:9:prvTraceGetPriorityProperty	24	static
../Core/Tracelizer/trcSnapshotRecorder.c:2334:6:prvTraceSetObjectState	24	static
../Core/Tracelizer/trcSnapshotRecorder.c:2344:9:prvTraceGetObjectState	24	static
../Core/Tracelizer/trcSnapshotRecorder.c:2354:6:prvTraceSetTaskInstanceFinished	24	static
../Core/Tracelizer/trcSnapshotRecorder.c:2367:7:prvTraceNextFreeEventBufferSlot	8	static
../Core/Tracelizer/trcSnapshotRecorder.c:2384:10:uiIndexOfObject	24	static
../Core/Tracelizer/trcSnapshotRecorder.c:2404:13:prvTraceGetObjectHandle	40	static,ignoring_inline_asm
../Core/Tracelizer/trcSnapshotRecorder.c:2456:6:prvTraceFreeObjectHandle	24	static
../Core/Tracelizer/trcSnapshotRecorder.c:2488:6:prvMarkObjectAsUsed	24	static
../Core/Tracelizer/trcSnapshotRecorder.c:2499:13:prvStrncpy	32	static
../Core/Tracelizer/trcSnapshotRecorder.c:2516:6:prvTraceSetObjectName	16	static
../Core/Tracelizer/trcSnapshotRecorder.c:2557:21:prvTraceOpenSymbol	40	static,ignoring_inline_asm
../Core/Tracelizer/trcSnapshotRecorder.c:2596:6:vTraceSetFrequency	16	static
../Core/Tracelizer/trcSnapshotRecorder.c:2617:6:prvTraceError	16	static
../Core/Tracelizer/trcSnapshotRecorder.c:2637:6:vTraceSetFilterMask	16	static
../Core/Tracelizer/trcSnapshotRecorder.c:2642:6:vTraceSetFilterGroup	16	static
../Core/Tracelizer/trcSnapshotRecorder.c:2663:6:prvCheckDataToBeOverwrittenForMultiEntryEvents	32	static
../Core/Tracelizer/trcSnapshotRecorder.c:2708:6:prvTraceUpdateCounters	8	static
../Core/Tracelizer/trcSnapshotRecorder.c:2744:10:prvTraceGetDTS	32	static
../Core/Tracelizer/trcSnapshotRecorder.c:2862:21:prvTraceLookupSymbolTableEntry	32	static
../Core/Tracelizer/trcSnapshotRecorder.c:2905:21:prvTraceCreateSymbolTableEntry	32	static
../Core/Tracelizer/trcSnapshotRecorder.c:2966:6:prvTraceGetChecksum	40	static
../Core/Tracelizer/trcSnapshotRecorder.c:3038:6:xTraceHardwarePortInitCortexM	8	static
../Core/Tracelizer/trcSnapshotRecorder.c:3103:6:prvTracePortGetTimeStamp	32	static
../Core/Tracelizer/trcSnapshotRecorder.c:3218:6:prvAddTaskToStackMonitor	24	static
../Core/Tracelizer/trcSnapshotRecorder.c:3241:6:prvRemoveTaskFromStackMonitor	24	static
../Core/Tracelizer/trcSnapshotRecorder.c:3255:6:prvReportStackUsage	40	static,ignoring_inline_asm
