../Core/Tracelizer/trcSnapshotRecorder.c:235:6:vTraceEnable	16	static
../Core/Tracelizer/trcSnapshotRecorder.c:274:6:vTraceSetStopHook	16	static
../Core/Tracelizer/trcSnapshotRecorder.c:285:6:vTraceClear	24	static,ignoring_inline_asm
../Core/Tracelizer/trcSnapshotRecorder.c:316:10:uiTraceStart	32	static,ignoring_inline_asm
../Core/Tracelizer/trcSnapshotRecorder.c:366:6:vTraceStart	8	static
../Core/Tracelizer/trcSnapshotRecorder.c:377:6:vTraceStop	8	static
../Core/Tracelizer/trcSnapshotRecorder.c:394:5:xTraceIsRecordingEnabled	4	static
../Core/Tracelizer/trcSnapshotRecorder.c:412:13:xTraceGetLastError	4	static
../Core/Tracelizer/trcSnapshotRecorder.c:425:6:vTraceClearError	4	static
../Core/Tracelizer/trcSnapshotRecorder.c:442:7:xTraceGetTraceBuffer	4	static
../Core/Tracelizer/trcSnapshotRecorder.c:454:10:uiTraceGetTraceBufferSize	4	static
../Core/Tracelizer/trcSnapshotRecorder.c:464:13:prvTraceTaskInstanceFinish	40	static,ignoring_inline_asm
../Core/Tracelizer/trcSnapshotRecorder.c:512:6:vTraceInstanceFinishedNext	8	static
../Core/Tracelizer/trcSnapshotRecorder.c:541:6:vTraceInstanceFinishedNow	8	static
../Core/Tracelizer/trcSnapshotRecorder.c:570:14:xTraceSetISRProperties	16	static
../Core/Tracelizer/trcSnapshotRecorder.c:603:6:vTraceStoreISRBegin	40	static,ignoring_inline_asm
../Core/Tracelizer/trcSnapshotRecorder.c:682:6:vTraceStoreISREnd	48	static,ignoring_inline_asm
../Core/Tracelizer/trcSnapshotRecorder.c:773:16:writeInt8	16	static
../Core/Tracelizer/trcSnapshotRecorder.c:794:16:writeInt16	16	static
../Core/Tracelizer/trcSnapshotRecorder.c:822:16:writeInt32	24	static
../Core/Tracelizer/trcSnapshotRecorder.c:918:16:prvTraceUserEventFormat	32	static
../Core/Tracelizer/trcSnapshotRecorder.c:1331:6:vTracePrintF	28	static
../Core/Tracelizer/trcSnapshotRecorder.c:1342:6:vTracePrintF_Helper	88	static,ignoring_inline_asm
../Core/Tracelizer/trcSnapshotRecorder.c:1467:6:vTracePrint	40	static,ignoring_inline_asm
../Core/Tracelizer/trcSnapshotRecorder.c:1523:13:xTraceRegisterString	16	static
../Core/Tracelizer/trcSnapshotRecorder.c:1608:6:prvTraceStoreLowPower	40	static,ignoring_inline_asm
../Core/Tracelizer/trcSnapshotRecorder.c:1658:6:vTraceStoreMemMangEvent	64	static,ignoring_inline_asm
../Core/Tracelizer/trcSnapshotRecorder.c:1737:6:prvTraceStoreKernelCall	48	static,ignoring_inline_asm
../Core/Tracelizer/trcSnapshotRecorder.c:1795:6:prvTraceStoreKernelCallWithParam	48	static,ignoring_inline_asm
../Core/Tracelizer/trcSnapshotRecorder.c:1855:17:prvTraceGetParam	24	static
../Core/Tracelizer/trcSnapshotRecorder.c:1889:6:prvTraceStoreKernelCallWithNumericParamOnly	48	static,ignoring_inline_asm
../Core/Tracelizer/trcSnapshotRecorder.c:1939:6:prvTraceStoreTaskswitch	40	static,ignoring_inline_asm
../Core/Tracelizer/trcSnapshotRecorder.c:1999:6:prvTraceStoreObjectNameOnCloseEvent	40	static
../Core/Tracelizer/trcSnapshotRecorder.c:2029:6:prvTraceStoreObjectPropertiesOnCloseEvent	32	static
../Core/Tracelizer/trcSnapshotRecorder.c:2059:6:prvTraceSetPriorityProperty	24	static
../Core/Tracelizer/trcSnapshotRecorder.c:2069:9:prvTraceGetPriorityProperty	24	static
../Core/Tracelizer/trcSnapshotRecorder.c:2079:6:prvTraceSetObjectState	24	static
../Core/Tracelizer/trcSnapshotRecorder.c:2089:9:prvTraceGetObjectState	24	static
../Core/Tracelizer/trcSnapshotRecorder.c:2099:6:prvTraceSetTaskInstanceFinished	24	static
../Core/Tracelizer/trcSnapshotRecorder.c:2144:6:prvTraceInitTraceData	8	static
../Core/Tracelizer/trcSnapshotRecorder.c:2266:7:prvTraceNextFreeEventBufferSlot	8	static
../Core/Tracelizer/trcSnapshotRecorder.c:2283:10:uiIndexOfObject	16	static
../Core/Tracelizer/trcSnapshotRecorder.c:2301:13:prvTraceGetObjectHandle	40	static,ignoring_inline_asm
../Core/Tracelizer/trcSnapshotRecorder.c:2353:6:prvTraceFreeObjectHandle	24	static
../Core/Tracelizer/trcSnapshotRecorder.c:2384:6:prvMarkObjectAsUsed	24	static
../Core/Tracelizer/trcSnapshotRecorder.c:2395:13:prvStrncpy	32	static
../Core/Tracelizer/trcSnapshotRecorder.c:2412:6:prvTraceSetObjectName	16	static
../Core/Tracelizer/trcSnapshotRecorder.c:2450:13:prvTraceOpenSymbol	40	static,ignoring_inline_asm
../Core/Tracelizer/trcSnapshotRecorder.c:2489:6:vTraceSetFrequency	16	static
../Core/Tracelizer/trcSnapshotRecorder.c:2510:6:prvTraceError	16	static
../Core/Tracelizer/trcSnapshotRecorder.c:2530:6:vTraceSetFilterMask	16	static
../Core/Tracelizer/trcSnapshotRecorder.c:2535:6:vTraceSetFilterGroup	16	static
../Core/Tracelizer/trcSnapshotRecorder.c:2556:6:prvCheckDataToBeOverwrittenForMultiEntryEvents	32	static
../Core/Tracelizer/trcSnapshotRecorder.c:2601:6:prvTraceUpdateCounters	8	static
../Core/Tracelizer/trcSnapshotRecorder.c:2637:10:prvTraceGetDTS	32	static
../Core/Tracelizer/trcSnapshotRecorder.c:2755:13:prvTraceLookupSymbolTableEntry	24	static
../Core/Tracelizer/trcSnapshotRecorder.c:2798:10:prvTraceCreateSymbolTableEntry	24	static
../Core/Tracelizer/trcSnapshotRecorder.c:2859:6:prvTraceGetChecksum	40	static
../Core/Tracelizer/trcSnapshotRecorder.c:2931:6:prvTraceInitCortexM	8	static
../Core/Tracelizer/trcSnapshotRecorder.c:2996:6:prvTracePortGetTimeStamp	32	static
