../Core/Src/main.c:92:5:main	24	static
../Core/Src/main.c:191:6:SystemClock_Config	88	static
../Core/Src/main.c:244:13:MX_USART3_UART_Init	8	static
../Core/Src/main.c:279:13:MX_USB_OTG_FS_PCD_Init	8	static
../Core/Src/main.c:314:13:MX_GPIO_Init	56	static
../Core/Src/main.c:375:6:StartDefaultTask	16	static
../Core/Src/main.c:388:6:ledBlinkBlue	16	static
../Core/Src/main.c:403:6:StartBlinkyTask	16	static
../Core/Src/main.c:423:6:HAL_TIM_PeriodElapsedCallback	16	static
../Core/Src/main.c:440:6:Error_Handler	4	static,ignoring_inline_asm
