../Drivers/CMSIS/Include/core_cm7.h:2606:26:ITM_SendChar	16	static,ignoring_inline_asm
../Core/Src/main.c:205:5:main	16	static
../Core/Src/main.c:340:6:SystemClock_Config	88	static
../Core/Src/main.c:400:13:MX_ADC1_Init	24	static
../Core/Src/main.c:452:13:MX_ADC2_Init	24	static
../Core/Src/main.c:504:13:MX_TIM10_Init	8	static
../Core/Src/main.c:535:13:MX_TIM13_Init	40	static
../Core/Src/main.c:581:13:MX_USART3_UART_Init	8	static
../Core/Src/main.c:616:13:MX_USB_OTG_FS_PCD_Init	8	static
../Core/Src/main.c:651:13:MX_GPIO_Init	56	static
../Core/Src/main.c:707:6:configureTimerForRunTimeStats	8	static
../Core/Src/main.c:713:15:getRunTimeCounterValue	4	static
../Core/Src/main.c:718:5:_write	32	static
../Core/Src/main.c:734:6:HAL_GPIO_EXTI_Callback	16	static
../Core/Src/main.c:748:17:getTemperature	16	static
../Core/Src/main.c:758:13:printUsartMessage	16	static
../Core/Src/main.c:777:6:StartDefaultTask	16	static
../Core/Src/main.c:795:6:ledBlinkBlue	16	static
../Core/Src/main.c:811:6:StartBlinkyTask	16	static
../Core/Src/main.c:832:6:adcReadValueTask	144	static
../Core/Src/main.c:861:6:readTempTask	152	static
../Core/Src/main.c:893:6:pwmLedBrightnessTask	152	static
../Core/Src/main.c:932:6:usartDebugPrintTask	144	static
../Core/Src/main.c:961:6:checkISRStateTask	152	static
../Core/Src/main.c:1028:6:HAL_TIM_PeriodElapsedCallback	16	static
../Core/Src/main.c:1045:6:Error_Handler	4	static,ignoring_inline_asm
