../Drivers/CMSIS/Include/core_cm7.h:2606:26:ITM_SendChar	16	static,ignoring_inline_asm
../Core/Src/main.c:228:5:main	16	static
../Core/Src/main.c:359:6:SystemClock_Config	88	static
../Core/Src/main.c:412:13:MX_ADC1_Init	24	static
../Core/Src/main.c:464:13:MX_ADC2_Init	24	static
../Core/Src/main.c:516:13:MX_TIM10_Init	8	static
../Core/Src/main.c:547:13:MX_TIM13_Init	40	static
../Core/Src/main.c:593:13:MX_USART3_UART_Init	8	static
../Core/Src/main.c:628:13:MX_USB_OTG_FS_PCD_Init	8	static
../Core/Src/main.c:663:13:MX_GPIO_Init	56	static
../Core/Src/main.c:719:6:configureTimerForRunTimeStats	8	static
../Core/Src/main.c:725:15:getRunTimeCounterValue	4	static
../Core/Src/main.c:737:6:HAL_GPIO_EXTI_Callback	16	static
../Core/Src/main.c:751:17:getTemperature	16	static
../Core/Src/main.c:761:13:printUsartMessage	16	static
../Core/Src/main.c:780:6:StartDefaultTask	16	static
../Core/Src/main.c:798:6:ledBlinkBlue	16	static
../Core/Src/main.c:814:6:StartBlinkyTask	16	static
../Core/Src/main.c:834:6:adcReadValueTask	224	static
../Core/Src/main.c:863:6:readTempTask	232	static
../Core/Src/main.c:895:6:pwmLedBrightnessTask	232	static
../Core/Src/main.c:934:6:usartDebugPrintTask	224	static
../Core/Src/main.c:963:6:checkISRStateTask	232	static
../Core/Src/main.c:1030:6:HAL_TIM_PeriodElapsedCallback	16	static
../Core/Src/main.c:1047:6:Error_Handler	4	static,ignoring_inline_asm
