../Core/Src/main.c:93:5:main	16	static
../Core/Src/main.c:186:6:SystemClock_Config	88	static
../Core/Src/main.c:239:13:MX_TIM10_Init	8	static
../Core/Src/main.c:270:13:MX_USART3_UART_Init	8	static
../Core/Src/main.c:305:13:MX_USB_OTG_FS_PCD_Init	8	static
../Core/Src/main.c:340:13:MX_GPIO_Init	56	static
../Core/Src/main.c:401:6:StartDefaultTask	16	static
../Core/Src/main.c:419:6:StartBlinkyTask	16	static
../Core/Src/main.c:439:6:HAL_TIM_PeriodElapsedCallback	16	static
../Core/Src/main.c:456:6:Error_Handler	4	static,ignoring_inline_asm
