../Core/Src/main.c:218:5:main	16	static
../Core/Src/main.c:346:6:SystemClock_Config	88	static
../Core/Src/main.c:399:13:MX_ADC1_Init	24	static
../Core/Src/main.c:451:13:MX_ADC2_Init	24	static
../Core/Src/main.c:503:13:MX_TIM10_Init	8	static
../Core/Src/main.c:534:13:MX_TIM13_Init	40	static
../Core/Src/main.c:580:13:MX_USART3_UART_Init	8	static
../Core/Src/main.c:615:13:MX_USB_OTG_FS_PCD_Init	8	static
../Core/Src/main.c:650:13:MX_GPIO_Init	56	static
../Core/Src/main.c:706:6:configureTimerForRunTimeStats	8	static
../Core/Src/main.c:712:15:getRunTimeCounterValue	4	static
../Core/Src/main.c:723:6:HAL_GPIO_EXTI_Callback	16	static
../Core/Src/main.c:737:17:getTemperature	16	static
../Core/Src/main.c:747:13:printUsartMessage	16	static
../Core/Src/main.c:766:6:StartDefaultTask	16	static
../Core/Src/main.c:784:6:ledBlinkBlue	16	static
../Core/Src/main.c:800:6:StartBlinkyTask	16	static
../Core/Src/main.c:820:6:adcReadValueTask	144	static
../Core/Src/main.c:849:6:readTempTask	152	static
../Core/Src/main.c:881:6:pwmLedBrightnessTask	152	static
../Core/Src/main.c:920:6:usartDebugPrintTask	144	static
../Core/Src/main.c:949:6:checkISRStateTask	152	static
../Core/Src/main.c:1016:6:HAL_TIM_PeriodElapsedCallback	16	static
../Core/Src/main.c:1033:6:Error_Handler	4	static,ignoring_inline_asm
