../Core/Src/main.c:218:5:main	16	static
../Core/Src/main.c:345:6:SystemClock_Config	88	static
../Core/Src/main.c:398:13:MX_ADC1_Init	24	static
../Core/Src/main.c:450:13:MX_ADC2_Init	24	static
../Core/Src/main.c:502:13:MX_TIM10_Init	8	static
../Core/Src/main.c:533:13:MX_TIM13_Init	40	static
../Core/Src/main.c:579:13:MX_USART3_UART_Init	8	static
../Core/Src/main.c:614:13:MX_USB_OTG_FS_PCD_Init	8	static
../Core/Src/main.c:649:13:MX_GPIO_Init	56	static
../Core/Src/main.c:705:6:configureTimerForRunTimeStats	8	static
../Core/Src/main.c:711:15:getRunTimeCounterValue	4	static
../Core/Src/main.c:722:6:HAL_GPIO_EXTI_Callback	16	static
../Core/Src/main.c:736:17:getTemperature	16	static
../Core/Src/main.c:746:13:printUsartMessage	16	static
../Core/Src/main.c:765:6:StartDefaultTask	16	static
../Core/Src/main.c:783:6:ledBlinkBlue	16	static
../Core/Src/main.c:799:6:StartBlinkyTask	16	static
../Core/Src/main.c:819:6:adcReadValueTask	144	static
../Core/Src/main.c:848:6:readTempTask	152	static
../Core/Src/main.c:880:6:pwmLedBrightnessTask	152	static
../Core/Src/main.c:919:6:usartDebugPrintTask	144	static
../Core/Src/main.c:948:6:checkISRStateTask	152	static
../Core/Src/main.c:1015:6:HAL_TIM_PeriodElapsedCallback	16	static
../Core/Src/main.c:1032:6:Error_Handler	4	static,ignoring_inline_asm
